[2.403s] Invoking command in '/home/matheus/thesis_ws/src/controller_guidao': PYTHONPATH=/home/matheus/thesis_ws/build/controller_guidao/prefix_override:/usr/lib/python3/dist-packages/colcon_core/task/python/colcon_distutils_commands:/home/matheus/thesis_ws/install/controller_guidao/lib/python3.10/site-packages:${PYTHONPATH} /usr/bin/python3 -W ignore:setup.py install is deprecated -W ignore:easy_install command is deprecated setup.py egg_info --egg-base ../../build/controller_guidao build --build-base /home/matheus/thesis_ws/build/controller_guidao/build install --record /home/matheus/thesis_ws/build/controller_guidao/install.log --install-scripts $base/lib/controller_guidao --single-version-externally-managed install_data
[2.602s] running egg_info
[2.603s] writing ../../build/controller_guidao/controller_guidao.egg-info/PKG-INFO
[2.603s] writing dependency_links to ../../build/controller_guidao/controller_guidao.egg-info/dependency_links.txt
[2.603s] writing entry points to ../../build/controller_guidao/controller_guidao.egg-info/entry_points.txt
[2.603s] writing requirements to ../../build/controller_guidao/controller_guidao.egg-info/requires.txt
[2.603s] writing top-level names to ../../build/controller_guidao/controller_guidao.egg-info/top_level.txt
[2.605s] reading manifest file '../../build/controller_guidao/controller_guidao.egg-info/SOURCES.txt'
[2.605s] writing manifest file '../../build/controller_guidao/controller_guidao.egg-info/SOURCES.txt'
[2.606s] running build
[2.606s] running build_py
[2.606s] running install
[2.606s] running install_lib
[2.607s] running install_data
[2.607s] running install_egg_info
[2.608s] removing '/home/matheus/thesis_ws/install/controller_guidao/lib/python3.10/site-packages/controller_guidao-0.0.0-py3.10.egg-info' (and everything under it)
[2.609s] Copying ../../build/controller_guidao/controller_guidao.egg-info to /home/matheus/thesis_ws/install/controller_guidao/lib/python3.10/site-packages/controller_guidao-0.0.0-py3.10.egg-info
[2.609s] running install_scripts
[2.625s] Installing controller_guidao_node script to /home/matheus/thesis_ws/install/controller_guidao/lib/controller_guidao
[2.625s] writing list of installed files to '/home/matheus/thesis_ws/build/controller_guidao/install.log'
[2.646s] Invoked command in '/home/matheus/thesis_ws/src/controller_guidao' returned '0': PYTHONPATH=/home/matheus/thesis_ws/build/controller_guidao/prefix_override:/usr/lib/python3/dist-packages/colcon_core/task/python/colcon_distutils_commands:/home/matheus/thesis_ws/install/controller_guidao/lib/python3.10/site-packages:${PYTHONPATH} /usr/bin/python3 -W ignore:setup.py install is deprecated -W ignore:easy_install command is deprecated setup.py egg_info --egg-base ../../build/controller_guidao build --build-base /home/matheus/thesis_ws/build/controller_guidao/build install --record /home/matheus/thesis_ws/build/controller_guidao/install.log --install-scripts $base/lib/controller_guidao --single-version-externally-managed install_data
