[6.969s] Invoking command in '/home/matheus/thesis_ws/src/game_input_mapping': PYTHONPATH=/home/matheus/thesis_ws/build/game_input_mapping/prefix_override:/usr/lib/python3/dist-packages/colcon_core/task/python/colcon_distutils_commands:/home/matheus/thesis_ws/install/game_input_mapping/lib/python3.10/site-packages:${PYTHONPATH} /usr/bin/python3 -W ignore:setup.py install is deprecated -W ignore:easy_install command is deprecated setup.py egg_info --egg-base ../../build/game_input_mapping build --build-base /home/matheus/thesis_ws/build/game_input_mapping/build install --record /home/matheus/thesis_ws/build/game_input_mapping/install.log --install-scripts $base/lib/game_input_mapping --single-version-externally-managed install_data
[8.036s] running egg_info
[8.038s] writing ../../build/game_input_mapping/game_input_mapping.egg-info/PKG-INFO
[8.039s] writing dependency_links to ../../build/game_input_mapping/game_input_mapping.egg-info/dependency_links.txt
[8.040s] writing entry points to ../../build/game_input_mapping/game_input_mapping.egg-info/entry_points.txt
[8.040s] writing requirements to ../../build/game_input_mapping/game_input_mapping.egg-info/requires.txt
[8.040s] writing top-level names to ../../build/game_input_mapping/game_input_mapping.egg-info/top_level.txt
[8.048s] reading manifest file '../../build/game_input_mapping/game_input_mapping.egg-info/SOURCES.txt'
[8.051s] writing manifest file '../../build/game_input_mapping/game_input_mapping.egg-info/SOURCES.txt'
[8.051s] running build
[8.051s] running build_py
[8.052s] running install
[8.053s] running install_lib
[8.058s] running install_data
[8.058s] running install_egg_info
[8.065s] removing '/home/matheus/thesis_ws/install/game_input_mapping/lib/python3.10/site-packages/game_input_mapping-0.0.0-py3.10.egg-info' (and everything under it)
[8.066s] Copying ../../build/game_input_mapping/game_input_mapping.egg-info to /home/matheus/thesis_ws/install/game_input_mapping/lib/python3.10/site-packages/game_input_mapping-0.0.0-py3.10.egg-info
[8.070s] running install_scripts
[8.149s] writing list of installed files to '/home/matheus/thesis_ws/build/game_input_mapping/install.log'
[8.236s] Invoked command in '/home/matheus/thesis_ws/src/game_input_mapping' returned '0': PYTHONPATH=/home/matheus/thesis_ws/build/game_input_mapping/prefix_override:/usr/lib/python3/dist-packages/colcon_core/task/python/colcon_distutils_commands:/home/matheus/thesis_ws/install/game_input_mapping/lib/python3.10/site-packages:${PYTHONPATH} /usr/bin/python3 -W ignore:setup.py install is deprecated -W ignore:easy_install command is deprecated setup.py egg_info --egg-base ../../build/game_input_mapping build --build-base /home/matheus/thesis_ws/build/game_input_mapping/build install --record /home/matheus/thesis_ws/build/game_input_mapping/install.log --install-scripts $base/lib/game_input_mapping --single-version-externally-managed install_data
