[3.547s] Invoking command in '/home/matheus/thesis_ws/src/encoder_device': PYTHONPATH=/home/matheus/thesis_ws/build/encoder_device/prefix_override:/usr/lib/python3/dist-packages/colcon_core/task/python/colcon_distutils_commands:/home/matheus/thesis_ws/install/encoder_device/lib/python3.10/site-packages:${PYTHONPATH} /usr/bin/python3 -W ignore:setup.py install is deprecated -W ignore:easy_install command is deprecated setup.py egg_info --egg-base ../../build/encoder_device build --build-base /home/matheus/thesis_ws/build/encoder_device/build install --record /home/matheus/thesis_ws/build/encoder_device/install.log --install-scripts $base/lib/encoder_device --single-version-externally-managed install_data
[3.893s] running egg_info
[3.894s] writing ../../build/encoder_device/encoder_device.egg-info/PKG-INFO
[3.894s] writing dependency_links to ../../build/encoder_device/encoder_device.egg-info/dependency_links.txt
[3.894s] writing entry points to ../../build/encoder_device/encoder_device.egg-info/entry_points.txt
[3.894s] writing requirements to ../../build/encoder_device/encoder_device.egg-info/requires.txt
[3.894s] writing top-level names to ../../build/encoder_device/encoder_device.egg-info/top_level.txt
[3.896s] reading manifest file '../../build/encoder_device/encoder_device.egg-info/SOURCES.txt'
[3.897s] writing manifest file '../../build/encoder_device/encoder_device.egg-info/SOURCES.txt'
[3.897s] running build
[3.900s] running build_py
[3.900s] running install
[3.900s] running install_lib
[3.901s] running install_data
[3.901s] running install_egg_info
[3.902s] removing '/home/matheus/thesis_ws/install/encoder_device/lib/python3.10/site-packages/encoder_device-0.0.0-py3.10.egg-info' (and everything under it)
[3.902s] Copying ../../build/encoder_device/encoder_device.egg-info to /home/matheus/thesis_ws/install/encoder_device/lib/python3.10/site-packages/encoder_device-0.0.0-py3.10.egg-info
[3.903s] running install_scripts
[3.942s] writing list of installed files to '/home/matheus/thesis_ws/build/encoder_device/install.log'
[4.004s] Invoked command in '/home/matheus/thesis_ws/src/encoder_device' returned '0': PYTHONPATH=/home/matheus/thesis_ws/build/encoder_device/prefix_override:/usr/lib/python3/dist-packages/colcon_core/task/python/colcon_distutils_commands:/home/matheus/thesis_ws/install/encoder_device/lib/python3.10/site-packages:${PYTHONPATH} /usr/bin/python3 -W ignore:setup.py install is deprecated -W ignore:easy_install command is deprecated setup.py egg_info --egg-base ../../build/encoder_device build --build-base /home/matheus/thesis_ws/build/encoder_device/build install --record /home/matheus/thesis_ws/build/encoder_device/install.log --install-scripts $base/lib/encoder_device --single-version-externally-managed install_data
