[2.605s] Invoking command in '/home/matheus/thesis_ws/src/game_unity_bridge': PYTHONPATH=/home/matheus/thesis_ws/build/game_unity_bridge/prefix_override:/usr/lib/python3/dist-packages/colcon_core/task/python/colcon_distutils_commands:/home/matheus/thesis_ws/install/game_unity_bridge/lib/python3.10/site-packages:${PYTHONPATH} /usr/bin/python3 -W ignore:setup.py install is deprecated -W ignore:easy_install command is deprecated setup.py egg_info --egg-base ../../build/game_unity_bridge build --build-base /home/matheus/thesis_ws/build/game_unity_bridge/build install --record /home/matheus/thesis_ws/build/game_unity_bridge/install.log --install-scripts $base/lib/game_unity_bridge --single-version-externally-managed install_data
[3.022s] running egg_info
[3.023s] writing ../../build/game_unity_bridge/game_unity_bridge.egg-info/PKG-INFO
[3.023s] writing dependency_links to ../../build/game_unity_bridge/game_unity_bridge.egg-info/dependency_links.txt
[3.023s] writing entry points to ../../build/game_unity_bridge/game_unity_bridge.egg-info/entry_points.txt
[3.023s] writing requirements to ../../build/game_unity_bridge/game_unity_bridge.egg-info/requires.txt
[3.024s] writing top-level names to ../../build/game_unity_bridge/game_unity_bridge.egg-info/top_level.txt
[3.026s] reading manifest file '../../build/game_unity_bridge/game_unity_bridge.egg-info/SOURCES.txt'
[3.027s] writing manifest file '../../build/game_unity_bridge/game_unity_bridge.egg-info/SOURCES.txt'
[3.027s] running build
[3.027s] running build_py
[3.027s] running install
[3.028s] running install_lib
[3.029s] running install_data
[3.029s] running install_egg_info
[3.031s] removing '/home/matheus/thesis_ws/install/game_unity_bridge/lib/python3.10/site-packages/game_unity_bridge-0.0.0-py3.10.egg-info' (and everything under it)
[3.032s] Copying ../../build/game_unity_bridge/game_unity_bridge.egg-info to /home/matheus/thesis_ws/install/game_unity_bridge/lib/python3.10/site-packages/game_unity_bridge-0.0.0-py3.10.egg-info
[3.033s] running install_scripts
[3.059s] writing list of installed files to '/home/matheus/thesis_ws/build/game_unity_bridge/install.log'
[3.092s] Invoked command in '/home/matheus/thesis_ws/src/game_unity_bridge' returned '0': PYTHONPATH=/home/matheus/thesis_ws/build/game_unity_bridge/prefix_override:/usr/lib/python3/dist-packages/colcon_core/task/python/colcon_distutils_commands:/home/matheus/thesis_ws/install/game_unity_bridge/lib/python3.10/site-packages:${PYTHONPATH} /usr/bin/python3 -W ignore:setup.py install is deprecated -W ignore:easy_install command is deprecated setup.py egg_info --egg-base ../../build/game_unity_bridge build --build-base /home/matheus/thesis_ws/build/game_unity_bridge/build install --record /home/matheus/thesis_ws/build/game_unity_bridge/install.log --install-scripts $base/lib/game_unity_bridge --single-version-externally-managed install_data
