running egg_info
creating ../../build/hal_signal_processing/hal_signal_processing.egg-info
writing ../../build/hal_signal_processing/hal_signal_processing.egg-info/PKG-INFO
writing dependency_links to ../../build/hal_signal_processing/hal_signal_processing.egg-info/dependency_links.txt
writing entry points to ../../build/hal_signal_processing/hal_signal_processing.egg-info/entry_points.txt
writing requirements to ../../build/hal_signal_processing/hal_signal_processing.egg-info/requires.txt
writing top-level names to ../../build/hal_signal_processing/hal_signal_processing.egg-info/top_level.txt
writing manifest file '../../build/hal_signal_processing/hal_signal_processing.egg-info/SOURCES.txt'
reading manifest file '../../build/hal_signal_processing/hal_signal_processing.egg-info/SOURCES.txt'
writing manifest file '../../build/hal_signal_processing/hal_signal_processing.egg-info/SOURCES.txt'
running build
running build_py
creating /home/matheus/thesis_ws/build/hal_signal_processing/build
creating /home/matheus/thesis_ws/build/hal_signal_processing/build/lib
creating /home/matheus/thesis_ws/build/hal_signal_processing/build/lib/hal_signal_processing
copying hal_signal_processing/signal_processing_node.py -> /home/matheus/thesis_ws/build/hal_signal_processing/build/lib/hal_signal_processing
copying hal_signal_processing/__init__.py -> /home/matheus/thesis_ws/build/hal_signal_processing/build/lib/hal_signal_processing
running install
running install_lib
creating /home/matheus/thesis_ws/install/hal_signal_processing/lib/python3.10/site-packages/hal_signal_processing
copying /home/matheus/thesis_ws/build/hal_signal_processing/build/lib/hal_signal_processing/signal_processing_node.py -> /home/matheus/thesis_ws/install/hal_signal_processing/lib/python3.10/site-packages/hal_signal_processing
copying /home/matheus/thesis_ws/build/hal_signal_processing/build/lib/hal_signal_processing/__init__.py -> /home/matheus/thesis_ws/install/hal_signal_processing/lib/python3.10/site-packages/hal_signal_processing
byte-compiling /home/matheus/thesis_ws/install/hal_signal_processing/lib/python3.10/site-packages/hal_signal_processing/signal_processing_node.py to signal_processing_node.cpython-310.pyc
byte-compiling /home/matheus/thesis_ws/install/hal_signal_processing/lib/python3.10/site-packages/hal_signal_processing/__init__.py to __init__.cpython-310.pyc
running install_data
creating /home/matheus/thesis_ws/install/hal_signal_processing/share/ament_index
creating /home/matheus/thesis_ws/install/hal_signal_processing/share/ament_index/resource_index
creating /home/matheus/thesis_ws/install/hal_signal_processing/share/ament_index/resource_index/packages
copying resource/hal_signal_processing -> /home/matheus/thesis_ws/install/hal_signal_processing/share/ament_index/resource_index/packages
copying package.xml -> /home/matheus/thesis_ws/install/hal_signal_processing/share/hal_signal_processing
running install_egg_info
Copying ../../build/hal_signal_processing/hal_signal_processing.egg-info to /home/matheus/thesis_ws/install/hal_signal_processing/lib/python3.10/site-packages/hal_signal_processing-0.0.0-py3.10.egg-info
running install_scripts
Installing signal_processing_node script to /home/matheus/thesis_ws/install/hal_signal_processing/lib/hal_signal_processing
writing list of installed files to '/home/matheus/thesis_ws/build/hal_signal_processing/install.log'
