[3.488s] Invoking command in '/home/matheus/thesis_ws/src/hal_signal_processing': PYTHONPATH=/home/matheus/thesis_ws/build/hal_signal_processing/prefix_override:/usr/lib/python3/dist-packages/colcon_core/task/python/colcon_distutils_commands:/home/matheus/thesis_ws/install/hal_signal_processing/lib/python3.10/site-packages:${PYTHONPATH} /usr/bin/python3 -W ignore:setup.py install is deprecated -W ignore:easy_install command is deprecated setup.py egg_info --egg-base ../../build/hal_signal_processing build --build-base /home/matheus/thesis_ws/build/hal_signal_processing/build install --record /home/matheus/thesis_ws/build/hal_signal_processing/install.log --install-scripts $base/lib/hal_signal_processing --single-version-externally-managed install_data
[3.805s] running egg_info
[3.806s] creating ../../build/hal_signal_processing/hal_signal_processing.egg-info
[3.807s] writing ../../build/hal_signal_processing/hal_signal_processing.egg-info/PKG-INFO
[3.807s] writing dependency_links to ../../build/hal_signal_processing/hal_signal_processing.egg-info/dependency_links.txt
[3.807s] writing entry points to ../../build/hal_signal_processing/hal_signal_processing.egg-info/entry_points.txt
[3.808s] writing requirements to ../../build/hal_signal_processing/hal_signal_processing.egg-info/requires.txt
[3.808s] writing top-level names to ../../build/hal_signal_processing/hal_signal_processing.egg-info/top_level.txt
[3.808s] writing manifest file '../../build/hal_signal_processing/hal_signal_processing.egg-info/SOURCES.txt'
[3.818s] reading manifest file '../../build/hal_signal_processing/hal_signal_processing.egg-info/SOURCES.txt'
[3.819s] writing manifest file '../../build/hal_signal_processing/hal_signal_processing.egg-info/SOURCES.txt'
[3.819s] running build
[3.819s] running build_py
[3.819s] creating /home/matheus/thesis_ws/build/hal_signal_processing/build
[3.820s] creating /home/matheus/thesis_ws/build/hal_signal_processing/build/lib
[3.820s] creating /home/matheus/thesis_ws/build/hal_signal_processing/build/lib/hal_signal_processing
[3.820s] copying hal_signal_processing/signal_processing_node.py -> /home/matheus/thesis_ws/build/hal_signal_processing/build/lib/hal_signal_processing
[3.820s] copying hal_signal_processing/__init__.py -> /home/matheus/thesis_ws/build/hal_signal_processing/build/lib/hal_signal_processing
[3.820s] running install
[3.821s] running install_lib
[3.821s] creating /home/matheus/thesis_ws/install/hal_signal_processing/lib/python3.10/site-packages/hal_signal_processing
[3.822s] copying /home/matheus/thesis_ws/build/hal_signal_processing/build/lib/hal_signal_processing/signal_processing_node.py -> /home/matheus/thesis_ws/install/hal_signal_processing/lib/python3.10/site-packages/hal_signal_processing
[3.822s] copying /home/matheus/thesis_ws/build/hal_signal_processing/build/lib/hal_signal_processing/__init__.py -> /home/matheus/thesis_ws/install/hal_signal_processing/lib/python3.10/site-packages/hal_signal_processing
[3.822s] byte-compiling /home/matheus/thesis_ws/install/hal_signal_processing/lib/python3.10/site-packages/hal_signal_processing/signal_processing_node.py to signal_processing_node.cpython-310.pyc
[3.825s] byte-compiling /home/matheus/thesis_ws/install/hal_signal_processing/lib/python3.10/site-packages/hal_signal_processing/__init__.py to __init__.cpython-310.pyc
[3.825s] running install_data
[3.825s] creating /home/matheus/thesis_ws/install/hal_signal_processing/share/ament_index
[3.825s] creating /home/matheus/thesis_ws/install/hal_signal_processing/share/ament_index/resource_index
[3.825s] creating /home/matheus/thesis_ws/install/hal_signal_processing/share/ament_index/resource_index/packages
[3.825s] copying resource/hal_signal_processing -> /home/matheus/thesis_ws/install/hal_signal_processing/share/ament_index/resource_index/packages
[3.825s] copying package.xml -> /home/matheus/thesis_ws/install/hal_signal_processing/share/hal_signal_processing
[3.825s] running install_egg_info
[3.827s] Copying ../../build/hal_signal_processing/hal_signal_processing.egg-info to /home/matheus/thesis_ws/install/hal_signal_processing/lib/python3.10/site-packages/hal_signal_processing-0.0.0-py3.10.egg-info
[3.828s] running install_scripts
[3.855s] Installing signal_processing_node script to /home/matheus/thesis_ws/install/hal_signal_processing/lib/hal_signal_processing
[3.855s] writing list of installed files to '/home/matheus/thesis_ws/build/hal_signal_processing/install.log'
[3.897s] Invoked command in '/home/matheus/thesis_ws/src/hal_signal_processing' returned '0': PYTHONPATH=/home/matheus/thesis_ws/build/hal_signal_processing/prefix_override:/usr/lib/python3/dist-packages/colcon_core/task/python/colcon_distutils_commands:/home/matheus/thesis_ws/install/hal_signal_processing/lib/python3.10/site-packages:${PYTHONPATH} /usr/bin/python3 -W ignore:setup.py install is deprecated -W ignore:easy_install command is deprecated setup.py egg_info --egg-base ../../build/hal_signal_processing build --build-base /home/matheus/thesis_ws/build/hal_signal_processing/build install --record /home/matheus/thesis_ws/build/hal_signal_processing/install.log --install-scripts $base/lib/hal_signal_processing --single-version-externally-managed install_data
