[4.756s] Invoking command in '/home/matheus/thesis_ws/src/game_unity_bridge': PYTHONPATH=/home/matheus/thesis_ws/build/game_unity_bridge/prefix_override:/usr/lib/python3/dist-packages/colcon_core/task/python/colcon_distutils_commands:/home/matheus/thesis_ws/install/game_unity_bridge/lib/python3.10/site-packages:${PYTHONPATH} /usr/bin/python3 -W ignore:setup.py install is deprecated -W ignore:easy_install command is deprecated setup.py egg_info --egg-base ../../build/game_unity_bridge build --build-base /home/matheus/thesis_ws/build/game_unity_bridge/build install --record /home/matheus/thesis_ws/build/game_unity_bridge/install.log --install-scripts $base/lib/game_unity_bridge --single-version-externally-managed install_data
[5.516s] running egg_info
[5.522s] writing ../../build/game_unity_bridge/game_unity_bridge.egg-info/PKG-INFO
[5.534s] writing dependency_links to ../../build/game_unity_bridge/game_unity_bridge.egg-info/dependency_links.txt
[5.535s] writing entry points to ../../build/game_unity_bridge/game_unity_bridge.egg-info/entry_points.txt
[5.540s] writing requirements to ../../build/game_unity_bridge/game_unity_bridge.egg-info/requires.txt
[5.540s] writing top-level names to ../../build/game_unity_bridge/game_unity_bridge.egg-info/top_level.txt
[5.540s] reading manifest file '../../build/game_unity_bridge/game_unity_bridge.egg-info/SOURCES.txt'
[5.545s] writing manifest file '../../build/game_unity_bridge/game_unity_bridge.egg-info/SOURCES.txt'
[5.545s] running build
[5.546s] running build_py
[5.558s] running install
[5.559s] running install_lib
[5.560s] running install_data
[5.562s] running install_egg_info
[5.563s] removing '/home/matheus/thesis_ws/install/game_unity_bridge/lib/python3.10/site-packages/game_unity_bridge-0.0.0-py3.10.egg-info' (and everything under it)
[5.564s] Copying ../../build/game_unity_bridge/game_unity_bridge.egg-info to /home/matheus/thesis_ws/install/game_unity_bridge/lib/python3.10/site-packages/game_unity_bridge-0.0.0-py3.10.egg-info
[5.573s] running install_scripts
[5.604s] writing list of installed files to '/home/matheus/thesis_ws/build/game_unity_bridge/install.log'
[5.698s] Invoked command in '/home/matheus/thesis_ws/src/game_unity_bridge' returned '0': PYTHONPATH=/home/matheus/thesis_ws/build/game_unity_bridge/prefix_override:/usr/lib/python3/dist-packages/colcon_core/task/python/colcon_distutils_commands:/home/matheus/thesis_ws/install/game_unity_bridge/lib/python3.10/site-packages:${PYTHONPATH} /usr/bin/python3 -W ignore:setup.py install is deprecated -W ignore:easy_install command is deprecated setup.py egg_info --egg-base ../../build/game_unity_bridge build --build-base /home/matheus/thesis_ws/build/game_unity_bridge/build install --record /home/matheus/thesis_ws/build/game_unity_bridge/install.log --install-scripts $base/lib/game_unity_bridge --single-version-externally-managed install_data
