[7.306s] Invoking command in '/home/matheus/thesis_ws/src/controller_guidao': PYTHONPATH=/home/matheus/thesis_ws/build/controller_guidao/prefix_override:/usr/lib/python3/dist-packages/colcon_core/task/python/colcon_distutils_commands:/home/matheus/thesis_ws/install/controller_guidao/lib/python3.10/site-packages:${PYTHONPATH} /usr/bin/python3 -W ignore:setup.py install is deprecated -W ignore:easy_install command is deprecated setup.py egg_info --egg-base ../../build/controller_guidao build --build-base /home/matheus/thesis_ws/build/controller_guidao/build install --record /home/matheus/thesis_ws/build/controller_guidao/install.log --install-scripts $base/lib/controller_guidao --single-version-externally-managed install_data
[7.909s] running egg_info
[7.909s] writing ../../build/controller_guidao/controller_guidao.egg-info/PKG-INFO
[7.910s] writing dependency_links to ../../build/controller_guidao/controller_guidao.egg-info/dependency_links.txt
[7.910s] writing entry points to ../../build/controller_guidao/controller_guidao.egg-info/entry_points.txt
[7.910s] writing requirements to ../../build/controller_guidao/controller_guidao.egg-info/requires.txt
[7.910s] writing top-level names to ../../build/controller_guidao/controller_guidao.egg-info/top_level.txt
[7.910s] reading manifest file '../../build/controller_guidao/controller_guidao.egg-info/SOURCES.txt'
[7.911s] writing manifest file '../../build/controller_guidao/controller_guidao.egg-info/SOURCES.txt'
[7.911s] running build
[7.911s] running build_py
[7.911s] copying controller_guidao/controller_guidao_node.py -> /home/matheus/thesis_ws/build/controller_guidao/build/lib/controller_guidao
[7.912s] running install
[7.912s] running install_lib
[7.914s] copying /home/matheus/thesis_ws/build/controller_guidao/build/lib/controller_guidao/controller_guidao_node.py -> /home/matheus/thesis_ws/install/controller_guidao/lib/python3.10/site-packages/controller_guidao
[7.916s] byte-compiling /home/matheus/thesis_ws/install/controller_guidao/lib/python3.10/site-packages/controller_guidao/controller_guidao_node.py to controller_guidao_node.cpython-310.pyc
[7.943s] running install_data
[7.944s] running install_egg_info
[7.948s] removing '/home/matheus/thesis_ws/install/controller_guidao/lib/python3.10/site-packages/controller_guidao-0.0.0-py3.10.egg-info' (and everything under it)
[7.948s] Copying ../../build/controller_guidao/controller_guidao.egg-info to /home/matheus/thesis_ws/install/controller_guidao/lib/python3.10/site-packages/controller_guidao-0.0.0-py3.10.egg-info
[7.961s] running install_scripts
[8.002s] Installing controller_guidao_node script to /home/matheus/thesis_ws/install/controller_guidao/lib/controller_guidao
[8.003s] writing list of installed files to '/home/matheus/thesis_ws/build/controller_guidao/install.log'
[8.057s] Invoked command in '/home/matheus/thesis_ws/src/controller_guidao' returned '0': PYTHONPATH=/home/matheus/thesis_ws/build/controller_guidao/prefix_override:/usr/lib/python3/dist-packages/colcon_core/task/python/colcon_distutils_commands:/home/matheus/thesis_ws/install/controller_guidao/lib/python3.10/site-packages:${PYTHONPATH} /usr/bin/python3 -W ignore:setup.py install is deprecated -W ignore:easy_install command is deprecated setup.py egg_info --egg-base ../../build/controller_guidao build --build-base /home/matheus/thesis_ws/build/controller_guidao/build install --record /home/matheus/thesis_ws/build/controller_guidao/install.log --install-scripts $base/lib/controller_guidao --single-version-externally-managed install_data
