[3.411s] Invoking command in '/home/matheus/thesis_ws/src/encoder_device': PYTHONPATH=/home/matheus/thesis_ws/build/encoder_device/prefix_override:/usr/lib/python3/dist-packages/colcon_core/task/python/colcon_distutils_commands:/home/matheus/thesis_ws/install/encoder_device/lib/python3.10/site-packages:${PYTHONPATH} /usr/bin/python3 -W ignore:setup.py install is deprecated -W ignore:easy_install command is deprecated setup.py egg_info --egg-base ../../build/encoder_device build --build-base /home/matheus/thesis_ws/build/encoder_device/build install --record /home/matheus/thesis_ws/build/encoder_device/install.log --install-scripts $base/lib/encoder_device --single-version-externally-managed install_data
[4.321s] running egg_info
[4.328s] writing ../../build/encoder_device/encoder_device.egg-info/PKG-INFO
[4.331s] writing dependency_links to ../../build/encoder_device/encoder_device.egg-info/dependency_links.txt
[4.332s] writing entry points to ../../build/encoder_device/encoder_device.egg-info/entry_points.txt
[4.336s] writing requirements to ../../build/encoder_device/encoder_device.egg-info/requires.txt
[4.337s] writing top-level names to ../../build/encoder_device/encoder_device.egg-info/top_level.txt
[4.352s] reading manifest file '../../build/encoder_device/encoder_device.egg-info/SOURCES.txt'
[4.354s] writing manifest file '../../build/encoder_device/encoder_device.egg-info/SOURCES.txt'
[4.356s] running build
[4.357s] running build_py
[4.360s] running install
[4.360s] running install_lib
[4.369s] running install_data
[4.370s] running install_egg_info
[4.385s] removing '/home/matheus/thesis_ws/install/encoder_device/lib/python3.10/site-packages/encoder_device-0.0.0-py3.10.egg-info' (and everything under it)
[4.388s] Copying ../../build/encoder_device/encoder_device.egg-info to /home/matheus/thesis_ws/install/encoder_device/lib/python3.10/site-packages/encoder_device-0.0.0-py3.10.egg-info
[4.396s] running install_scripts
[4.427s] writing list of installed files to '/home/matheus/thesis_ws/build/encoder_device/install.log'
[4.458s] Invoked command in '/home/matheus/thesis_ws/src/encoder_device' returned '0': PYTHONPATH=/home/matheus/thesis_ws/build/encoder_device/prefix_override:/usr/lib/python3/dist-packages/colcon_core/task/python/colcon_distutils_commands:/home/matheus/thesis_ws/install/encoder_device/lib/python3.10/site-packages:${PYTHONPATH} /usr/bin/python3 -W ignore:setup.py install is deprecated -W ignore:easy_install command is deprecated setup.py egg_info --egg-base ../../build/encoder_device build --build-base /home/matheus/thesis_ws/build/encoder_device/build install --record /home/matheus/thesis_ws/build/encoder_device/install.log --install-scripts $base/lib/encoder_device --single-version-externally-managed install_data
