[3.581s] Invoking command in '/home/matheus/thesis_ws/src/data_logger': PYTHONPATH=/home/matheus/thesis_ws/build/data_logger/prefix_override:/usr/lib/python3/dist-packages/colcon_core/task/python/colcon_distutils_commands:/home/matheus/thesis_ws/install/data_logger/lib/python3.10/site-packages:${PYTHONPATH} /usr/bin/python3 -W ignore:setup.py install is deprecated -W ignore:easy_install command is deprecated setup.py egg_info --egg-base ../../build/data_logger build --build-base /home/matheus/thesis_ws/build/data_logger/build install --record /home/matheus/thesis_ws/build/data_logger/install.log --install-scripts $base/lib/data_logger --single-version-externally-managed install_data
[3.848s] running egg_info
[3.848s] creating ../../build/data_logger/data_logger.egg-info
[3.848s] writing ../../build/data_logger/data_logger.egg-info/PKG-INFO
[3.849s] writing dependency_links to ../../build/data_logger/data_logger.egg-info/dependency_links.txt
[3.849s] writing entry points to ../../build/data_logger/data_logger.egg-info/entry_points.txt
[3.849s] writing requirements to ../../build/data_logger/data_logger.egg-info/requires.txt
[3.849s] writing top-level names to ../../build/data_logger/data_logger.egg-info/top_level.txt
[3.849s] writing manifest file '../../build/data_logger/data_logger.egg-info/SOURCES.txt'
[3.855s] reading manifest file '../../build/data_logger/data_logger.egg-info/SOURCES.txt'
[3.855s] writing manifest file '../../build/data_logger/data_logger.egg-info/SOURCES.txt'
[3.856s] running build
[3.856s] running build_py
[3.856s] creating /home/matheus/thesis_ws/build/data_logger/build
[3.856s] creating /home/matheus/thesis_ws/build/data_logger/build/lib
[3.856s] creating /home/matheus/thesis_ws/build/data_logger/build/lib/data_logger
[3.857s] copying data_logger/__init__.py -> /home/matheus/thesis_ws/build/data_logger/build/lib/data_logger
[3.857s] running install
[3.858s] running install_lib
[3.858s] creating /home/matheus/thesis_ws/install/data_logger/lib/python3.10/site-packages/data_logger
[3.859s] copying /home/matheus/thesis_ws/build/data_logger/build/lib/data_logger/__init__.py -> /home/matheus/thesis_ws/install/data_logger/lib/python3.10/site-packages/data_logger
[3.859s] byte-compiling /home/matheus/thesis_ws/install/data_logger/lib/python3.10/site-packages/data_logger/__init__.py to __init__.cpython-310.pyc
[3.859s] running install_data
[3.859s] creating /home/matheus/thesis_ws/install/data_logger/share/ament_index
[3.859s] creating /home/matheus/thesis_ws/install/data_logger/share/ament_index/resource_index
[3.859s] creating /home/matheus/thesis_ws/install/data_logger/share/ament_index/resource_index/packages
[3.859s] copying resource/data_logger -> /home/matheus/thesis_ws/install/data_logger/share/ament_index/resource_index/packages
[3.859s] copying package.xml -> /home/matheus/thesis_ws/install/data_logger/share/data_logger
[3.859s] running install_egg_info
[3.861s] Copying ../../build/data_logger/data_logger.egg-info to /home/matheus/thesis_ws/install/data_logger/lib/python3.10/site-packages/data_logger-0.0.0-py3.10.egg-info
[3.862s] running install_scripts
[3.884s] writing list of installed files to '/home/matheus/thesis_ws/build/data_logger/install.log'
[3.912s] Invoked command in '/home/matheus/thesis_ws/src/data_logger' returned '0': PYTHONPATH=/home/matheus/thesis_ws/build/data_logger/prefix_override:/usr/lib/python3/dist-packages/colcon_core/task/python/colcon_distutils_commands:/home/matheus/thesis_ws/install/data_logger/lib/python3.10/site-packages:${PYTHONPATH} /usr/bin/python3 -W ignore:setup.py install is deprecated -W ignore:easy_install command is deprecated setup.py egg_info --egg-base ../../build/data_logger build --build-base /home/matheus/thesis_ws/build/data_logger/build install --record /home/matheus/thesis_ws/build/data_logger/install.log --install-scripts $base/lib/data_logger --single-version-externally-managed install_data
