[6.020s] Invoking command in '/home/matheus/thesis_ws/src/encoder_device': PYTHONPATH=/home/matheus/thesis_ws/build/encoder_device/prefix_override:/usr/lib/python3/dist-packages/colcon_core/task/python/colcon_distutils_commands:/home/matheus/thesis_ws/install/encoder_device/lib/python3.10/site-packages:${PYTHONPATH} /usr/bin/python3 -W ignore:setup.py install is deprecated -W ignore:easy_install command is deprecated setup.py egg_info --egg-base ../../build/encoder_device build --build-base /home/matheus/thesis_ws/build/encoder_device/build install --record /home/matheus/thesis_ws/build/encoder_device/install.log --install-scripts $base/lib/encoder_device --single-version-externally-managed install_data
[6.544s] running egg_info
[6.546s] writing ../../build/encoder_device/encoder_device.egg-info/PKG-INFO
[6.546s] writing dependency_links to ../../build/encoder_device/encoder_device.egg-info/dependency_links.txt
[6.547s] writing entry points to ../../build/encoder_device/encoder_device.egg-info/entry_points.txt
[6.547s] writing requirements to ../../build/encoder_device/encoder_device.egg-info/requires.txt
[6.547s] writing top-level names to ../../build/encoder_device/encoder_device.egg-info/top_level.txt
[6.552s] reading manifest file '../../build/encoder_device/encoder_device.egg-info/SOURCES.txt'
[6.554s] writing manifest file '../../build/encoder_device/encoder_device.egg-info/SOURCES.txt'
[6.554s] running build
[6.554s] running build_py
[6.555s] running install
[6.556s] running install_lib
[6.559s] running install_data
[6.559s] running install_egg_info
[6.563s] removing '/home/matheus/thesis_ws/install/encoder_device/lib/python3.10/site-packages/encoder_device-0.0.0-py3.10.egg-info' (and everything under it)
[6.564s] Copying ../../build/encoder_device/encoder_device.egg-info to /home/matheus/thesis_ws/install/encoder_device/lib/python3.10/site-packages/encoder_device-0.0.0-py3.10.egg-info
[6.565s] running install_scripts
[6.612s] writing list of installed files to '/home/matheus/thesis_ws/build/encoder_device/install.log'
[6.673s] Invoked command in '/home/matheus/thesis_ws/src/encoder_device' returned '0': PYTHONPATH=/home/matheus/thesis_ws/build/encoder_device/prefix_override:/usr/lib/python3/dist-packages/colcon_core/task/python/colcon_distutils_commands:/home/matheus/thesis_ws/install/encoder_device/lib/python3.10/site-packages:${PYTHONPATH} /usr/bin/python3 -W ignore:setup.py install is deprecated -W ignore:easy_install command is deprecated setup.py egg_info --egg-base ../../build/encoder_device build --build-base /home/matheus/thesis_ws/build/encoder_device/build install --record /home/matheus/thesis_ws/build/encoder_device/install.log --install-scripts $base/lib/encoder_device --single-version-externally-managed install_data
