[4.586s] Invoking command in '/home/matheus/thesis_ws/src/data_logger': PYTHONPATH=/home/matheus/thesis_ws/build/data_logger/prefix_override:/usr/lib/python3/dist-packages/colcon_core/task/python/colcon_distutils_commands:/home/matheus/thesis_ws/install/data_logger/lib/python3.10/site-packages:${PYTHONPATH} /usr/bin/python3 -W ignore:setup.py install is deprecated -W ignore:easy_install command is deprecated setup.py egg_info --egg-base ../../build/data_logger build --build-base /home/matheus/thesis_ws/build/data_logger/build install --record /home/matheus/thesis_ws/build/data_logger/install.log --install-scripts $base/lib/data_logger --single-version-externally-managed install_data
[4.910s] running egg_info
[4.911s] writing ../../build/data_logger/data_logger.egg-info/PKG-INFO
[4.921s] writing dependency_links to ../../build/data_logger/data_logger.egg-info/dependency_links.txt
[4.922s] writing entry points to ../../build/data_logger/data_logger.egg-info/entry_points.txt
[4.922s] writing requirements to ../../build/data_logger/data_logger.egg-info/requires.txt
[4.922s] writing top-level names to ../../build/data_logger/data_logger.egg-info/top_level.txt
[4.924s] reading manifest file '../../build/data_logger/data_logger.egg-info/SOURCES.txt'
[4.926s] writing manifest file '../../build/data_logger/data_logger.egg-info/SOURCES.txt'
[4.926s] running build
[4.926s] running build_py
[4.941s] running install
[4.941s] running install_lib
[4.942s] running install_data
[4.943s] running install_egg_info
[4.945s] removing '/home/matheus/thesis_ws/install/data_logger/lib/python3.10/site-packages/data_logger-0.0.0-py3.10.egg-info' (and everything under it)
[4.945s] Copying ../../build/data_logger/data_logger.egg-info to /home/matheus/thesis_ws/install/data_logger/lib/python3.10/site-packages/data_logger-0.0.0-py3.10.egg-info
[4.954s] running install_scripts
[4.982s] writing list of installed files to '/home/matheus/thesis_ws/build/data_logger/install.log'
[5.034s] Invoked command in '/home/matheus/thesis_ws/src/data_logger' returned '0': PYTHONPATH=/home/matheus/thesis_ws/build/data_logger/prefix_override:/usr/lib/python3/dist-packages/colcon_core/task/python/colcon_distutils_commands:/home/matheus/thesis_ws/install/data_logger/lib/python3.10/site-packages:${PYTHONPATH} /usr/bin/python3 -W ignore:setup.py install is deprecated -W ignore:easy_install command is deprecated setup.py egg_info --egg-base ../../build/data_logger build --build-base /home/matheus/thesis_ws/build/data_logger/build install --record /home/matheus/thesis_ws/build/data_logger/install.log --install-scripts $base/lib/data_logger --single-version-externally-managed install_data
