[6.767s] Invoking command in '/home/matheus/thesis_ws/src/game_unity_bridge': PYTHONPATH=/home/matheus/thesis_ws/build/game_unity_bridge/prefix_override:/usr/lib/python3/dist-packages/colcon_core/task/python/colcon_distutils_commands:/home/matheus/thesis_ws/install/game_unity_bridge/lib/python3.10/site-packages:${PYTHONPATH} /usr/bin/python3 -W ignore:setup.py install is deprecated -W ignore:easy_install command is deprecated setup.py egg_info --egg-base ../../build/game_unity_bridge build --build-base /home/matheus/thesis_ws/build/game_unity_bridge/build install --record /home/matheus/thesis_ws/build/game_unity_bridge/install.log --install-scripts $base/lib/game_unity_bridge --single-version-externally-managed install_data
[7.797s] running egg_info
[7.798s] writing ../../build/game_unity_bridge/game_unity_bridge.egg-info/PKG-INFO
[7.798s] writing dependency_links to ../../build/game_unity_bridge/game_unity_bridge.egg-info/dependency_links.txt
[7.798s] writing entry points to ../../build/game_unity_bridge/game_unity_bridge.egg-info/entry_points.txt
[7.798s] writing requirements to ../../build/game_unity_bridge/game_unity_bridge.egg-info/requires.txt
[7.799s] writing top-level names to ../../build/game_unity_bridge/game_unity_bridge.egg-info/top_level.txt
[7.805s] reading manifest file '../../build/game_unity_bridge/game_unity_bridge.egg-info/SOURCES.txt'
[7.809s] writing manifest file '../../build/game_unity_bridge/game_unity_bridge.egg-info/SOURCES.txt'
[7.809s] running build
[7.809s] running build_py
[7.809s] running install
[7.810s] running install_lib
[7.812s] running install_data
[7.813s] running install_egg_info
[7.817s] removing '/home/matheus/thesis_ws/install/game_unity_bridge/lib/python3.10/site-packages/game_unity_bridge-0.0.0-py3.10.egg-info' (and everything under it)
[7.819s] Copying ../../build/game_unity_bridge/game_unity_bridge.egg-info to /home/matheus/thesis_ws/install/game_unity_bridge/lib/python3.10/site-packages/game_unity_bridge-0.0.0-py3.10.egg-info
[7.820s] running install_scripts
[7.861s] writing list of installed files to '/home/matheus/thesis_ws/build/game_unity_bridge/install.log'
[7.908s] Invoked command in '/home/matheus/thesis_ws/src/game_unity_bridge' returned '0': PYTHONPATH=/home/matheus/thesis_ws/build/game_unity_bridge/prefix_override:/usr/lib/python3/dist-packages/colcon_core/task/python/colcon_distutils_commands:/home/matheus/thesis_ws/install/game_unity_bridge/lib/python3.10/site-packages:${PYTHONPATH} /usr/bin/python3 -W ignore:setup.py install is deprecated -W ignore:easy_install command is deprecated setup.py egg_info --egg-base ../../build/game_unity_bridge build --build-base /home/matheus/thesis_ws/build/game_unity_bridge/build install --record /home/matheus/thesis_ws/build/game_unity_bridge/install.log --install-scripts $base/lib/game_unity_bridge --single-version-externally-managed install_data
