[2.384s] Invoking command in '/home/matheus/thesis_ws/src/encoder_guidao': PYTHONPATH=/home/matheus/thesis_ws/build/encoder_guidao/prefix_override:/usr/lib/python3/dist-packages/colcon_core/task/python/colcon_distutils_commands:/home/matheus/thesis_ws/install/encoder_guidao/lib/python3.10/site-packages:${PYTHONPATH} /usr/bin/python3 -W ignore:setup.py install is deprecated -W ignore:easy_install command is deprecated setup.py egg_info --egg-base ../../build/encoder_guidao build --build-base /home/matheus/thesis_ws/build/encoder_guidao/build install --record /home/matheus/thesis_ws/build/encoder_guidao/install.log --install-scripts $base/lib/encoder_guidao --single-version-externally-managed install_data
[2.734s] running egg_info
[2.734s] writing ../../build/encoder_guidao/encoder_guidao.egg-info/PKG-INFO
[2.740s] writing dependency_links to ../../build/encoder_guidao/encoder_guidao.egg-info/dependency_links.txt
[2.740s] writing entry points to ../../build/encoder_guidao/encoder_guidao.egg-info/entry_points.txt
[2.740s] writing requirements to ../../build/encoder_guidao/encoder_guidao.egg-info/requires.txt
[2.741s] writing top-level names to ../../build/encoder_guidao/encoder_guidao.egg-info/top_level.txt
[2.743s] reading manifest file '../../build/encoder_guidao/encoder_guidao.egg-info/SOURCES.txt'
[2.744s] writing manifest file '../../build/encoder_guidao/encoder_guidao.egg-info/SOURCES.txt'
[2.744s] running build
[2.744s] running build_py
[2.744s] running install
[2.745s] running install_lib
[2.746s] running install_data
[2.746s] running install_egg_info
[2.748s] removing '/home/matheus/thesis_ws/install/encoder_guidao/lib/python3.10/site-packages/encoder_guidao-0.0.0-py3.10.egg-info' (and everything under it)
[2.749s] Copying ../../build/encoder_guidao/encoder_guidao.egg-info to /home/matheus/thesis_ws/install/encoder_guidao/lib/python3.10/site-packages/encoder_guidao-0.0.0-py3.10.egg-info
[2.750s] running install_scripts
[2.771s] Installing encoder_guidao_node script to /home/matheus/thesis_ws/install/encoder_guidao/lib/encoder_guidao
[2.771s] writing list of installed files to '/home/matheus/thesis_ws/build/encoder_guidao/install.log'
[2.791s] Invoked command in '/home/matheus/thesis_ws/src/encoder_guidao' returned '0': PYTHONPATH=/home/matheus/thesis_ws/build/encoder_guidao/prefix_override:/usr/lib/python3/dist-packages/colcon_core/task/python/colcon_distutils_commands:/home/matheus/thesis_ws/install/encoder_guidao/lib/python3.10/site-packages:${PYTHONPATH} /usr/bin/python3 -W ignore:setup.py install is deprecated -W ignore:easy_install command is deprecated setup.py egg_info --egg-base ../../build/encoder_guidao build --build-base /home/matheus/thesis_ws/build/encoder_guidao/build install --record /home/matheus/thesis_ws/build/encoder_guidao/install.log --install-scripts $base/lib/encoder_guidao --single-version-externally-managed install_data
