[2.381s] Invoking command in '/home/matheus/thesis_ws/src/controller_guidao': PYTHONPATH=/home/matheus/thesis_ws/build/controller_guidao/prefix_override:/usr/lib/python3/dist-packages/colcon_core/task/python/colcon_distutils_commands:/home/matheus/thesis_ws/install/controller_guidao/lib/python3.10/site-packages:${PYTHONPATH} /usr/bin/python3 -W ignore:setup.py install is deprecated -W ignore:easy_install command is deprecated setup.py egg_info --egg-base ../../build/controller_guidao build --build-base /home/matheus/thesis_ws/build/controller_guidao/build install --record /home/matheus/thesis_ws/build/controller_guidao/install.log --install-scripts $base/lib/controller_guidao --single-version-externally-managed install_data
[2.712s] running egg_info
[2.713s] writing ../../build/controller_guidao/controller_guidao.egg-info/PKG-INFO
[2.713s] writing dependency_links to ../../build/controller_guidao/controller_guidao.egg-info/dependency_links.txt
[2.713s] writing entry points to ../../build/controller_guidao/controller_guidao.egg-info/entry_points.txt
[2.713s] writing requirements to ../../build/controller_guidao/controller_guidao.egg-info/requires.txt
[2.714s] writing top-level names to ../../build/controller_guidao/controller_guidao.egg-info/top_level.txt
[2.716s] reading manifest file '../../build/controller_guidao/controller_guidao.egg-info/SOURCES.txt'
[2.717s] writing manifest file '../../build/controller_guidao/controller_guidao.egg-info/SOURCES.txt'
[2.717s] running build
[2.717s] running build_py
[2.717s] copying controller_guidao/controller_guidao_node.py -> /home/matheus/thesis_ws/build/controller_guidao/build/lib/controller_guidao
[2.718s] running install
[2.718s] running install_lib
[2.719s] copying /home/matheus/thesis_ws/build/controller_guidao/build/lib/controller_guidao/controller_guidao_node.py -> /home/matheus/thesis_ws/install/controller_guidao/lib/python3.10/site-packages/controller_guidao
[2.720s] byte-compiling /home/matheus/thesis_ws/install/controller_guidao/lib/python3.10/site-packages/controller_guidao/controller_guidao_node.py to controller_guidao_node.cpython-310.pyc
[2.722s] running install_data
[2.722s] running install_egg_info
[2.723s] removing '/home/matheus/thesis_ws/install/controller_guidao/lib/python3.10/site-packages/controller_guidao-0.0.0-py3.10.egg-info' (and everything under it)
[2.723s] Copying ../../build/controller_guidao/controller_guidao.egg-info to /home/matheus/thesis_ws/install/controller_guidao/lib/python3.10/site-packages/controller_guidao-0.0.0-py3.10.egg-info
[2.724s] running install_scripts
[2.741s] Installing controller_guidao_node script to /home/matheus/thesis_ws/install/controller_guidao/lib/controller_guidao
[2.741s] writing list of installed files to '/home/matheus/thesis_ws/build/controller_guidao/install.log'
[2.774s] Invoked command in '/home/matheus/thesis_ws/src/controller_guidao' returned '0': PYTHONPATH=/home/matheus/thesis_ws/build/controller_guidao/prefix_override:/usr/lib/python3/dist-packages/colcon_core/task/python/colcon_distutils_commands:/home/matheus/thesis_ws/install/controller_guidao/lib/python3.10/site-packages:${PYTHONPATH} /usr/bin/python3 -W ignore:setup.py install is deprecated -W ignore:easy_install command is deprecated setup.py egg_info --egg-base ../../build/controller_guidao build --build-base /home/matheus/thesis_ws/build/controller_guidao/build install --record /home/matheus/thesis_ws/build/controller_guidao/install.log --install-scripts $base/lib/controller_guidao --single-version-externally-managed install_data
