running egg_info
creating ../../build/game_session/game_session.egg-info
writing ../../build/game_session/game_session.egg-info/PKG-INFO
writing dependency_links to ../../build/game_session/game_session.egg-info/dependency_links.txt
writing entry points to ../../build/game_session/game_session.egg-info/entry_points.txt
writing requirements to ../../build/game_session/game_session.egg-info/requires.txt
writing top-level names to ../../build/game_session/game_session.egg-info/top_level.txt
writing manifest file '../../build/game_session/game_session.egg-info/SOURCES.txt'
reading manifest file '../../build/game_session/game_session.egg-info/SOURCES.txt'
writing manifest file '../../build/game_session/game_session.egg-info/SOURCES.txt'
running build
running build_py
creating /home/matheus/thesis_ws/build/game_session/build
creating /home/matheus/thesis_ws/build/game_session/build/lib
creating /home/matheus/thesis_ws/build/game_session/build/lib/game_session
copying game_session/__init__.py -> /home/matheus/thesis_ws/build/game_session/build/lib/game_session
running install
running install_lib
creating /home/matheus/thesis_ws/install/game_session/lib/python3.10/site-packages/game_session
copying /home/matheus/thesis_ws/build/game_session/build/lib/game_session/__init__.py -> /home/matheus/thesis_ws/install/game_session/lib/python3.10/site-packages/game_session
byte-compiling /home/matheus/thesis_ws/install/game_session/lib/python3.10/site-packages/game_session/__init__.py to __init__.cpython-310.pyc
running install_data
creating /home/matheus/thesis_ws/install/game_session/share/ament_index
creating /home/matheus/thesis_ws/install/game_session/share/ament_index/resource_index
creating /home/matheus/thesis_ws/install/game_session/share/ament_index/resource_index/packages
copying resource/game_session -> /home/matheus/thesis_ws/install/game_session/share/ament_index/resource_index/packages
copying package.xml -> /home/matheus/thesis_ws/install/game_session/share/game_session
running install_egg_info
Copying ../../build/game_session/game_session.egg-info to /home/matheus/thesis_ws/install/game_session/lib/python3.10/site-packages/game_session-0.0.0-py3.10.egg-info
running install_scripts
writing list of installed files to '/home/matheus/thesis_ws/build/game_session/install.log'
