[3.492s] Invoking command in '/home/matheus/thesis_ws/src/game_session': PYTHONPATH=/home/matheus/thesis_ws/build/game_session/prefix_override:/usr/lib/python3/dist-packages/colcon_core/task/python/colcon_distutils_commands:/home/matheus/thesis_ws/install/game_session/lib/python3.10/site-packages:${PYTHONPATH} /usr/bin/python3 -W ignore:setup.py install is deprecated -W ignore:easy_install command is deprecated setup.py egg_info --egg-base ../../build/game_session build --build-base /home/matheus/thesis_ws/build/game_session/build install --record /home/matheus/thesis_ws/build/game_session/install.log --install-scripts $base/lib/game_session --single-version-externally-managed install_data
[3.811s] running egg_info
[3.812s] creating ../../build/game_session/game_session.egg-info
[3.812s] writing ../../build/game_session/game_session.egg-info/PKG-INFO
[3.813s] writing dependency_links to ../../build/game_session/game_session.egg-info/dependency_links.txt
[3.813s] writing entry points to ../../build/game_session/game_session.egg-info/entry_points.txt
[3.813s] writing requirements to ../../build/game_session/game_session.egg-info/requires.txt
[3.813s] writing top-level names to ../../build/game_session/game_session.egg-info/top_level.txt
[3.813s] writing manifest file '../../build/game_session/game_session.egg-info/SOURCES.txt'
[3.817s] reading manifest file '../../build/game_session/game_session.egg-info/SOURCES.txt'
[3.818s] writing manifest file '../../build/game_session/game_session.egg-info/SOURCES.txt'
[3.818s] running build
[3.819s] running build_py
[3.819s] creating /home/matheus/thesis_ws/build/game_session/build
[3.819s] creating /home/matheus/thesis_ws/build/game_session/build/lib
[3.819s] creating /home/matheus/thesis_ws/build/game_session/build/lib/game_session
[3.819s] copying game_session/__init__.py -> /home/matheus/thesis_ws/build/game_session/build/lib/game_session
[3.820s] running install
[3.820s] running install_lib
[3.821s] creating /home/matheus/thesis_ws/install/game_session/lib/python3.10/site-packages/game_session
[3.821s] copying /home/matheus/thesis_ws/build/game_session/build/lib/game_session/__init__.py -> /home/matheus/thesis_ws/install/game_session/lib/python3.10/site-packages/game_session
[3.821s] byte-compiling /home/matheus/thesis_ws/install/game_session/lib/python3.10/site-packages/game_session/__init__.py to __init__.cpython-310.pyc
[3.821s] running install_data
[3.822s] creating /home/matheus/thesis_ws/install/game_session/share/ament_index
[3.822s] creating /home/matheus/thesis_ws/install/game_session/share/ament_index/resource_index
[3.822s] creating /home/matheus/thesis_ws/install/game_session/share/ament_index/resource_index/packages
[3.822s] copying resource/game_session -> /home/matheus/thesis_ws/install/game_session/share/ament_index/resource_index/packages
[3.822s] copying package.xml -> /home/matheus/thesis_ws/install/game_session/share/game_session
[3.822s] running install_egg_info
[3.823s] Copying ../../build/game_session/game_session.egg-info to /home/matheus/thesis_ws/install/game_session/lib/python3.10/site-packages/game_session-0.0.0-py3.10.egg-info
[3.824s] running install_scripts
[3.850s] writing list of installed files to '/home/matheus/thesis_ws/build/game_session/install.log'
[3.901s] Invoked command in '/home/matheus/thesis_ws/src/game_session' returned '0': PYTHONPATH=/home/matheus/thesis_ws/build/game_session/prefix_override:/usr/lib/python3/dist-packages/colcon_core/task/python/colcon_distutils_commands:/home/matheus/thesis_ws/install/game_session/lib/python3.10/site-packages:${PYTHONPATH} /usr/bin/python3 -W ignore:setup.py install is deprecated -W ignore:easy_install command is deprecated setup.py egg_info --egg-base ../../build/game_session build --build-base /home/matheus/thesis_ws/build/game_session/build install --record /home/matheus/thesis_ws/build/game_session/install.log --install-scripts $base/lib/game_session --single-version-externally-managed install_data
