[3.503s] Invoking command in '/home/matheus/thesis_ws/src/hal_device_manager': PYTHONPATH=/home/matheus/thesis_ws/build/hal_device_manager/prefix_override:/usr/lib/python3/dist-packages/colcon_core/task/python/colcon_distutils_commands:/home/matheus/thesis_ws/install/hal_device_manager/lib/python3.10/site-packages:${PYTHONPATH} /usr/bin/python3 -W ignore:setup.py install is deprecated -W ignore:easy_install command is deprecated setup.py egg_info --egg-base ../../build/hal_device_manager build --build-base /home/matheus/thesis_ws/build/hal_device_manager/build install --record /home/matheus/thesis_ws/build/hal_device_manager/install.log --install-scripts $base/lib/hal_device_manager --single-version-externally-managed install_data
[3.973s] running egg_info
[3.974s] writing ../../build/hal_device_manager/hal_device_manager.egg-info/PKG-INFO
[3.975s] writing dependency_links to ../../build/hal_device_manager/hal_device_manager.egg-info/dependency_links.txt
[3.975s] writing entry points to ../../build/hal_device_manager/hal_device_manager.egg-info/entry_points.txt
[3.975s] writing requirements to ../../build/hal_device_manager/hal_device_manager.egg-info/requires.txt
[3.975s] writing top-level names to ../../build/hal_device_manager/hal_device_manager.egg-info/top_level.txt
[3.976s] reading manifest file '../../build/hal_device_manager/hal_device_manager.egg-info/SOURCES.txt'
[3.980s] writing manifest file '../../build/hal_device_manager/hal_device_manager.egg-info/SOURCES.txt'
[3.981s] running build
[3.982s] running build_py
[3.982s] running install
[3.982s] running install_lib
[3.983s] running install_data
[3.983s] running install_egg_info
[3.985s] removing '/home/matheus/thesis_ws/install/hal_device_manager/lib/python3.10/site-packages/hal_device_manager-0.0.0-py3.10.egg-info' (and everything under it)
[3.990s] Copying ../../build/hal_device_manager/hal_device_manager.egg-info to /home/matheus/thesis_ws/install/hal_device_manager/lib/python3.10/site-packages/hal_device_manager-0.0.0-py3.10.egg-info
[3.993s] running install_scripts
[4.013s] Installing device_manager_node script to /home/matheus/thesis_ws/install/hal_device_manager/lib/hal_device_manager
[4.013s] writing list of installed files to '/home/matheus/thesis_ws/build/hal_device_manager/install.log'
[4.072s] Invoked command in '/home/matheus/thesis_ws/src/hal_device_manager' returned '0': PYTHONPATH=/home/matheus/thesis_ws/build/hal_device_manager/prefix_override:/usr/lib/python3/dist-packages/colcon_core/task/python/colcon_distutils_commands:/home/matheus/thesis_ws/install/hal_device_manager/lib/python3.10/site-packages:${PYTHONPATH} /usr/bin/python3 -W ignore:setup.py install is deprecated -W ignore:easy_install command is deprecated setup.py egg_info --egg-base ../../build/hal_device_manager build --build-base /home/matheus/thesis_ws/build/hal_device_manager/build install --record /home/matheus/thesis_ws/build/hal_device_manager/install.log --install-scripts $base/lib/hal_device_manager --single-version-externally-managed install_data
