running egg_info
creating ../../build/game_unity_bridge/game_unity_bridge.egg-info
writing ../../build/game_unity_bridge/game_unity_bridge.egg-info/PKG-INFO
writing dependency_links to ../../build/game_unity_bridge/game_unity_bridge.egg-info/dependency_links.txt
writing entry points to ../../build/game_unity_bridge/game_unity_bridge.egg-info/entry_points.txt
writing requirements to ../../build/game_unity_bridge/game_unity_bridge.egg-info/requires.txt
writing top-level names to ../../build/game_unity_bridge/game_unity_bridge.egg-info/top_level.txt
writing manifest file '../../build/game_unity_bridge/game_unity_bridge.egg-info/SOURCES.txt'
reading manifest file '../../build/game_unity_bridge/game_unity_bridge.egg-info/SOURCES.txt'
writing manifest file '../../build/game_unity_bridge/game_unity_bridge.egg-info/SOURCES.txt'
running build
running build_py
creating /home/matheus/thesis_ws/build/game_unity_bridge/build
creating /home/matheus/thesis_ws/build/game_unity_bridge/build/lib
creating /home/matheus/thesis_ws/build/game_unity_bridge/build/lib/game_unity_bridge
copying game_unity_bridge/__init__.py -> /home/matheus/thesis_ws/build/game_unity_bridge/build/lib/game_unity_bridge
running install
running install_lib
creating /home/matheus/thesis_ws/install/game_unity_bridge/lib/python3.10/site-packages/game_unity_bridge
copying /home/matheus/thesis_ws/build/game_unity_bridge/build/lib/game_unity_bridge/__init__.py -> /home/matheus/thesis_ws/install/game_unity_bridge/lib/python3.10/site-packages/game_unity_bridge
byte-compiling /home/matheus/thesis_ws/install/game_unity_bridge/lib/python3.10/site-packages/game_unity_bridge/__init__.py to __init__.cpython-310.pyc
running install_data
creating /home/matheus/thesis_ws/install/game_unity_bridge/share/ament_index
creating /home/matheus/thesis_ws/install/game_unity_bridge/share/ament_index/resource_index
creating /home/matheus/thesis_ws/install/game_unity_bridge/share/ament_index/resource_index/packages
copying resource/game_unity_bridge -> /home/matheus/thesis_ws/install/game_unity_bridge/share/ament_index/resource_index/packages
copying package.xml -> /home/matheus/thesis_ws/install/game_unity_bridge/share/game_unity_bridge
running install_egg_info
Copying ../../build/game_unity_bridge/game_unity_bridge.egg-info to /home/matheus/thesis_ws/install/game_unity_bridge/lib/python3.10/site-packages/game_unity_bridge-0.0.0-py3.10.egg-info
running install_scripts
writing list of installed files to '/home/matheus/thesis_ws/build/game_unity_bridge/install.log'
