[3.509s] Invoking command in '/home/matheus/thesis_ws/src/game_unity_bridge': PYTHONPATH=/home/matheus/thesis_ws/build/game_unity_bridge/prefix_override:/usr/lib/python3/dist-packages/colcon_core/task/python/colcon_distutils_commands:/home/matheus/thesis_ws/install/game_unity_bridge/lib/python3.10/site-packages:${PYTHONPATH} /usr/bin/python3 -W ignore:setup.py install is deprecated -W ignore:easy_install command is deprecated setup.py egg_info --egg-base ../../build/game_unity_bridge build --build-base /home/matheus/thesis_ws/build/game_unity_bridge/build install --record /home/matheus/thesis_ws/build/game_unity_bridge/install.log --install-scripts $base/lib/game_unity_bridge --single-version-externally-managed install_data
[3.830s] running egg_info
[3.831s] creating ../../build/game_unity_bridge/game_unity_bridge.egg-info
[3.831s] writing ../../build/game_unity_bridge/game_unity_bridge.egg-info/PKG-INFO
[3.831s] writing dependency_links to ../../build/game_unity_bridge/game_unity_bridge.egg-info/dependency_links.txt
[3.831s] writing entry points to ../../build/game_unity_bridge/game_unity_bridge.egg-info/entry_points.txt
[3.831s] writing requirements to ../../build/game_unity_bridge/game_unity_bridge.egg-info/requires.txt
[3.832s] writing top-level names to ../../build/game_unity_bridge/game_unity_bridge.egg-info/top_level.txt
[3.832s] writing manifest file '../../build/game_unity_bridge/game_unity_bridge.egg-info/SOURCES.txt'
[3.843s] reading manifest file '../../build/game_unity_bridge/game_unity_bridge.egg-info/SOURCES.txt'
[3.844s] writing manifest file '../../build/game_unity_bridge/game_unity_bridge.egg-info/SOURCES.txt'
[3.844s] running build
[3.844s] running build_py
[3.844s] creating /home/matheus/thesis_ws/build/game_unity_bridge/build
[3.844s] creating /home/matheus/thesis_ws/build/game_unity_bridge/build/lib
[3.844s] creating /home/matheus/thesis_ws/build/game_unity_bridge/build/lib/game_unity_bridge
[3.844s] copying game_unity_bridge/__init__.py -> /home/matheus/thesis_ws/build/game_unity_bridge/build/lib/game_unity_bridge
[3.845s] running install
[3.845s] running install_lib
[3.845s] creating /home/matheus/thesis_ws/install/game_unity_bridge/lib/python3.10/site-packages/game_unity_bridge
[3.845s] copying /home/matheus/thesis_ws/build/game_unity_bridge/build/lib/game_unity_bridge/__init__.py -> /home/matheus/thesis_ws/install/game_unity_bridge/lib/python3.10/site-packages/game_unity_bridge
[3.845s] byte-compiling /home/matheus/thesis_ws/install/game_unity_bridge/lib/python3.10/site-packages/game_unity_bridge/__init__.py to __init__.cpython-310.pyc
[3.846s] running install_data
[3.846s] creating /home/matheus/thesis_ws/install/game_unity_bridge/share/ament_index
[3.847s] creating /home/matheus/thesis_ws/install/game_unity_bridge/share/ament_index/resource_index
[3.847s] creating /home/matheus/thesis_ws/install/game_unity_bridge/share/ament_index/resource_index/packages
[3.847s] copying resource/game_unity_bridge -> /home/matheus/thesis_ws/install/game_unity_bridge/share/ament_index/resource_index/packages
[3.847s] copying package.xml -> /home/matheus/thesis_ws/install/game_unity_bridge/share/game_unity_bridge
[3.847s] running install_egg_info
[3.849s] Copying ../../build/game_unity_bridge/game_unity_bridge.egg-info to /home/matheus/thesis_ws/install/game_unity_bridge/lib/python3.10/site-packages/game_unity_bridge-0.0.0-py3.10.egg-info
[3.850s] running install_scripts
[3.880s] writing list of installed files to '/home/matheus/thesis_ws/build/game_unity_bridge/install.log'
[3.915s] Invoked command in '/home/matheus/thesis_ws/src/game_unity_bridge' returned '0': PYTHONPATH=/home/matheus/thesis_ws/build/game_unity_bridge/prefix_override:/usr/lib/python3/dist-packages/colcon_core/task/python/colcon_distutils_commands:/home/matheus/thesis_ws/install/game_unity_bridge/lib/python3.10/site-packages:${PYTHONPATH} /usr/bin/python3 -W ignore:setup.py install is deprecated -W ignore:easy_install command is deprecated setup.py egg_info --egg-base ../../build/game_unity_bridge build --build-base /home/matheus/thesis_ws/build/game_unity_bridge/build install --record /home/matheus/thesis_ws/build/game_unity_bridge/install.log --install-scripts $base/lib/game_unity_bridge --single-version-externally-managed install_data
