[1.834s] Invoking command in '/home/matheus/thesis_ws/build/thesis_interfaces': CMAKE_PREFIX_PATH=${CMAKE_PREFIX_PATH}:/home/matheus/Desktop/TestesROS2/ros_unity_ws/install/ros_tcp_endpoint:/opt/ros/humble /usr/bin/cmake /home/matheus/thesis_ws/src/thesis_interfaces -DCMAKE_INSTALL_PREFIX=/home/matheus/thesis_ws/install/thesis_interfaces
[2.221s] -- The C compiler identification is GNU 11.4.0
[2.405s] -- The CXX compiler identification is GNU 11.4.0
[2.561s] -- Detecting C compiler ABI info
[2.730s] -- Detecting C compiler ABI info - done
[2.735s] -- Check for working C compiler: /usr/bin/cc - skipped
[2.738s] -- Detecting C compile features
[2.744s] -- Detecting C compile features - done
[2.762s] -- Detecting CXX compiler ABI info
[2.843s] -- Detecting CXX compiler ABI info - done
[2.849s] -- Check for working CXX compiler: /usr/bin/c++ - skipped
[2.849s] -- Detecting CXX compile features
[2.849s] -- Detecting CXX compile features - done
[2.882s] -- Found ament_cmake: 1.3.14 (/opt/ros/humble/share/ament_cmake/cmake)
[3.107s] -- Found Python3: /usr/bin/python3 (found version "3.10.12") found components: Interpreter 
[3.598s] -- Found ament_lint_auto: 0.12.15 (/opt/ros/humble/share/ament_lint_auto/cmake)
[3.844s] -- Added test 'lint_cmake' to check CMake code style
[3.847s] -- Added test 'xmllint' to check XML markup files
[3.850s] -- Configuring done
[3.853s] -- Generating done
[3.855s] -- Build files have been written to: /home/matheus/thesis_ws/build/thesis_interfaces
[3.860s] Invoked command in '/home/matheus/thesis_ws/build/thesis_interfaces' returned '0': CMAKE_PREFIX_PATH=${CMAKE_PREFIX_PATH}:/home/matheus/Desktop/TestesROS2/ros_unity_ws/install/ros_tcp_endpoint:/opt/ros/humble /usr/bin/cmake /home/matheus/thesis_ws/src/thesis_interfaces -DCMAKE_INSTALL_PREFIX=/home/matheus/thesis_ws/install/thesis_interfaces
[3.863s] Invoking command in '/home/matheus/thesis_ws/build/thesis_interfaces': CMAKE_PREFIX_PATH=${CMAKE_PREFIX_PATH}:/home/matheus/Desktop/TestesROS2/ros_unity_ws/install/ros_tcp_endpoint:/opt/ros/humble /usr/bin/cmake --build /home/matheus/thesis_ws/build/thesis_interfaces -- -j12 -l12
[3.908s] Invoked command in '/home/matheus/thesis_ws/build/thesis_interfaces' returned '0': CMAKE_PREFIX_PATH=${CMAKE_PREFIX_PATH}:/home/matheus/Desktop/TestesROS2/ros_unity_ws/install/ros_tcp_endpoint:/opt/ros/humble /usr/bin/cmake --build /home/matheus/thesis_ws/build/thesis_interfaces -- -j12 -l12
[3.916s] Invoking command in '/home/matheus/thesis_ws/build/thesis_interfaces': CMAKE_PREFIX_PATH=${CMAKE_PREFIX_PATH}:/home/matheus/Desktop/TestesROS2/ros_unity_ws/install/ros_tcp_endpoint:/opt/ros/humble /usr/bin/cmake --install /home/matheus/thesis_ws/build/thesis_interfaces
[3.921s] -- Install configuration: ""
[3.921s] -- Installing: /home/matheus/thesis_ws/install/thesis_interfaces/share/ament_index/resource_index/package_run_dependencies/thesis_interfaces
[3.921s] -- Installing: /home/matheus/thesis_ws/install/thesis_interfaces/share/ament_index/resource_index/parent_prefix_path/thesis_interfaces
[3.922s] -- Installing: /home/matheus/thesis_ws/install/thesis_interfaces/share/thesis_interfaces/environment/ament_prefix_path.sh
[3.922s] -- Installing: /home/matheus/thesis_ws/install/thesis_interfaces/share/thesis_interfaces/environment/ament_prefix_path.dsv
[3.922s] -- Installing: /home/matheus/thesis_ws/install/thesis_interfaces/share/thesis_interfaces/environment/path.sh
[3.922s] -- Installing: /home/matheus/thesis_ws/install/thesis_interfaces/share/thesis_interfaces/environment/path.dsv
[3.922s] -- Installing: /home/matheus/thesis_ws/install/thesis_interfaces/share/thesis_interfaces/local_setup.bash
[3.922s] -- Installing: /home/matheus/thesis_ws/install/thesis_interfaces/share/thesis_interfaces/local_setup.sh
[3.922s] -- Installing: /home/matheus/thesis_ws/install/thesis_interfaces/share/thesis_interfaces/local_setup.zsh
[3.922s] -- Installing: /home/matheus/thesis_ws/install/thesis_interfaces/share/thesis_interfaces/local_setup.dsv
[3.922s] -- Installing: /home/matheus/thesis_ws/install/thesis_interfaces/share/thesis_interfaces/package.dsv
[3.922s] -- Installing: /home/matheus/thesis_ws/install/thesis_interfaces/share/ament_index/resource_index/packages/thesis_interfaces
[3.922s] -- Installing: /home/matheus/thesis_ws/install/thesis_interfaces/share/thesis_interfaces/cmake/thesis_interfacesConfig.cmake
[3.922s] -- Installing: /home/matheus/thesis_ws/install/thesis_interfaces/share/thesis_interfaces/cmake/thesis_interfacesConfig-version.cmake
[3.922s] -- Installing: /home/matheus/thesis_ws/install/thesis_interfaces/share/thesis_interfaces/package.xml
[3.923s] Invoked command in '/home/matheus/thesis_ws/build/thesis_interfaces' returned '0': CMAKE_PREFIX_PATH=${CMAKE_PREFIX_PATH}:/home/matheus/Desktop/TestesROS2/ros_unity_ws/install/ros_tcp_endpoint:/opt/ros/humble /usr/bin/cmake --install /home/matheus/thesis_ws/build/thesis_interfaces
