[3.309s] Invoking command in '/home/matheus/thesis_ws/src/data_logger': PYTHONPATH=/home/matheus/thesis_ws/build/data_logger/prefix_override:/usr/lib/python3/dist-packages/colcon_core/task/python/colcon_distutils_commands:/home/matheus/thesis_ws/install/data_logger/lib/python3.10/site-packages:${PYTHONPATH} /usr/bin/python3 -W ignore:setup.py install is deprecated -W ignore:easy_install command is deprecated setup.py egg_info --egg-base ../../build/data_logger build --build-base /home/matheus/thesis_ws/build/data_logger/build install --record /home/matheus/thesis_ws/build/data_logger/install.log --install-scripts $base/lib/data_logger --single-version-externally-managed install_data
[4.222s] running egg_info
[4.227s] writing ../../build/data_logger/data_logger.egg-info/PKG-INFO
[4.227s] writing dependency_links to ../../build/data_logger/data_logger.egg-info/dependency_links.txt
[4.227s] writing entry points to ../../build/data_logger/data_logger.egg-info/entry_points.txt
[4.230s] writing requirements to ../../build/data_logger/data_logger.egg-info/requires.txt
[4.230s] writing top-level names to ../../build/data_logger/data_logger.egg-info/top_level.txt
[4.232s] reading manifest file '../../build/data_logger/data_logger.egg-info/SOURCES.txt'
[4.232s] writing manifest file '../../build/data_logger/data_logger.egg-info/SOURCES.txt'
[4.232s] running build
[4.232s] running build_py
[4.233s] running install
[4.233s] running install_lib
[4.234s] running install_data
[4.235s] running install_egg_info
[4.237s] removing '/home/matheus/thesis_ws/install/data_logger/lib/python3.10/site-packages/data_logger-0.0.0-py3.10.egg-info' (and everything under it)
[4.237s] Copying ../../build/data_logger/data_logger.egg-info to /home/matheus/thesis_ws/install/data_logger/lib/python3.10/site-packages/data_logger-0.0.0-py3.10.egg-info
[4.238s] running install_scripts
[4.264s] writing list of installed files to '/home/matheus/thesis_ws/build/data_logger/install.log'
[4.326s] Invoked command in '/home/matheus/thesis_ws/src/data_logger' returned '0': PYTHONPATH=/home/matheus/thesis_ws/build/data_logger/prefix_override:/usr/lib/python3/dist-packages/colcon_core/task/python/colcon_distutils_commands:/home/matheus/thesis_ws/install/data_logger/lib/python3.10/site-packages:${PYTHONPATH} /usr/bin/python3 -W ignore:setup.py install is deprecated -W ignore:easy_install command is deprecated setup.py egg_info --egg-base ../../build/data_logger build --build-base /home/matheus/thesis_ws/build/data_logger/build install --record /home/matheus/thesis_ws/build/data_logger/install.log --install-scripts $base/lib/data_logger --single-version-externally-managed install_data
