[4.720s] Invoking command in '/home/matheus/thesis_ws/src/hal_signal_processing': PYTHONPATH=/home/matheus/thesis_ws/build/hal_signal_processing/prefix_override:/usr/lib/python3/dist-packages/colcon_core/task/python/colcon_distutils_commands:/home/matheus/thesis_ws/install/hal_signal_processing/lib/python3.10/site-packages:${PYTHONPATH} /usr/bin/python3 -W ignore:setup.py install is deprecated -W ignore:easy_install command is deprecated setup.py egg_info --egg-base ../../build/hal_signal_processing build --build-base /home/matheus/thesis_ws/build/hal_signal_processing/build install --record /home/matheus/thesis_ws/build/hal_signal_processing/install.log --install-scripts $base/lib/hal_signal_processing --single-version-externally-managed install_data
[5.633s] running egg_info
[5.642s] writing ../../build/hal_signal_processing/hal_signal_processing.egg-info/PKG-INFO
[5.645s] writing dependency_links to ../../build/hal_signal_processing/hal_signal_processing.egg-info/dependency_links.txt
[5.646s] writing entry points to ../../build/hal_signal_processing/hal_signal_processing.egg-info/entry_points.txt
[5.647s] writing requirements to ../../build/hal_signal_processing/hal_signal_processing.egg-info/requires.txt
[5.648s] writing top-level names to ../../build/hal_signal_processing/hal_signal_processing.egg-info/top_level.txt
[5.659s] reading manifest file '../../build/hal_signal_processing/hal_signal_processing.egg-info/SOURCES.txt'
[5.662s] writing manifest file '../../build/hal_signal_processing/hal_signal_processing.egg-info/SOURCES.txt'
[5.662s] running build
[5.662s] running build_py
[5.664s] running install
[5.664s] running install_lib
[5.666s] running install_data
[5.667s] running install_egg_info
[5.669s] removing '/home/matheus/thesis_ws/install/hal_signal_processing/lib/python3.10/site-packages/hal_signal_processing-0.0.0-py3.10.egg-info' (and everything under it)
[5.670s] Copying ../../build/hal_signal_processing/hal_signal_processing.egg-info to /home/matheus/thesis_ws/install/hal_signal_processing/lib/python3.10/site-packages/hal_signal_processing-0.0.0-py3.10.egg-info
[5.680s] running install_scripts
[5.703s] Installing signal_processing_node script to /home/matheus/thesis_ws/install/hal_signal_processing/lib/hal_signal_processing
[5.715s] writing list of installed files to '/home/matheus/thesis_ws/build/hal_signal_processing/install.log'
[5.757s] Invoked command in '/home/matheus/thesis_ws/src/hal_signal_processing' returned '0': PYTHONPATH=/home/matheus/thesis_ws/build/hal_signal_processing/prefix_override:/usr/lib/python3/dist-packages/colcon_core/task/python/colcon_distutils_commands:/home/matheus/thesis_ws/install/hal_signal_processing/lib/python3.10/site-packages:${PYTHONPATH} /usr/bin/python3 -W ignore:setup.py install is deprecated -W ignore:easy_install command is deprecated setup.py egg_info --egg-base ../../build/hal_signal_processing build --build-base /home/matheus/thesis_ws/build/hal_signal_processing/build install --record /home/matheus/thesis_ws/build/hal_signal_processing/install.log --install-scripts $base/lib/hal_signal_processing --single-version-externally-managed install_data
