[4.411s] Invoking command in '/home/matheus/thesis_ws/src/game_input_mapping': PYTHONPATH=/home/matheus/thesis_ws/build/game_input_mapping/prefix_override:/usr/lib/python3/dist-packages/colcon_core/task/python/colcon_distutils_commands:/home/matheus/thesis_ws/install/game_input_mapping/lib/python3.10/site-packages:${PYTHONPATH} /usr/bin/python3 -W ignore:setup.py install is deprecated -W ignore:easy_install command is deprecated setup.py egg_info --egg-base ../../build/game_input_mapping build --build-base /home/matheus/thesis_ws/build/game_input_mapping/build install --record /home/matheus/thesis_ws/build/game_input_mapping/install.log --install-scripts $base/lib/game_input_mapping --single-version-externally-managed install_data
[4.731s] running egg_info
[4.732s] writing ../../build/game_input_mapping/game_input_mapping.egg-info/PKG-INFO
[4.733s] writing dependency_links to ../../build/game_input_mapping/game_input_mapping.egg-info/dependency_links.txt
[4.734s] writing entry points to ../../build/game_input_mapping/game_input_mapping.egg-info/entry_points.txt
[4.734s] writing requirements to ../../build/game_input_mapping/game_input_mapping.egg-info/requires.txt
[4.736s] writing top-level names to ../../build/game_input_mapping/game_input_mapping.egg-info/top_level.txt
[4.738s] reading manifest file '../../build/game_input_mapping/game_input_mapping.egg-info/SOURCES.txt'
[4.740s] writing manifest file '../../build/game_input_mapping/game_input_mapping.egg-info/SOURCES.txt'
[4.740s] running build
[4.740s] running build_py
[4.755s] running install
[4.755s] running install_lib
[4.757s] running install_data
[4.757s] running install_egg_info
[4.760s] removing '/home/matheus/thesis_ws/install/game_input_mapping/lib/python3.10/site-packages/game_input_mapping-0.0.0-py3.10.egg-info' (and everything under it)
[4.760s] Copying ../../build/game_input_mapping/game_input_mapping.egg-info to /home/matheus/thesis_ws/install/game_input_mapping/lib/python3.10/site-packages/game_input_mapping-0.0.0-py3.10.egg-info
[4.768s] running install_scripts
[4.794s] writing list of installed files to '/home/matheus/thesis_ws/build/game_input_mapping/install.log'
[4.849s] Invoked command in '/home/matheus/thesis_ws/src/game_input_mapping' returned '0': PYTHONPATH=/home/matheus/thesis_ws/build/game_input_mapping/prefix_override:/usr/lib/python3/dist-packages/colcon_core/task/python/colcon_distutils_commands:/home/matheus/thesis_ws/install/game_input_mapping/lib/python3.10/site-packages:${PYTHONPATH} /usr/bin/python3 -W ignore:setup.py install is deprecated -W ignore:easy_install command is deprecated setup.py egg_info --egg-base ../../build/game_input_mapping build --build-base /home/matheus/thesis_ws/build/game_input_mapping/build install --record /home/matheus/thesis_ws/build/game_input_mapping/install.log --install-scripts $base/lib/game_input_mapping --single-version-externally-managed install_data
