[2.358s] Invoking command in '/home/matheus/thesis_ws/src/game_session': PYTHONPATH=/home/matheus/thesis_ws/build/game_session/prefix_override:/usr/lib/python3/dist-packages/colcon_core/task/python/colcon_distutils_commands:/home/matheus/thesis_ws/install/game_session/lib/python3.10/site-packages:${PYTHONPATH} /usr/bin/python3 -W ignore:setup.py install is deprecated -W ignore:easy_install command is deprecated setup.py egg_info --egg-base ../../build/game_session build --build-base /home/matheus/thesis_ws/build/game_session/build install --record /home/matheus/thesis_ws/build/game_session/install.log --install-scripts $base/lib/game_session --single-version-externally-managed install_data
[2.642s] running egg_info
[2.643s] writing ../../build/game_session/game_session.egg-info/PKG-INFO
[2.643s] writing dependency_links to ../../build/game_session/game_session.egg-info/dependency_links.txt
[2.643s] writing entry points to ../../build/game_session/game_session.egg-info/entry_points.txt
[2.644s] writing requirements to ../../build/game_session/game_session.egg-info/requires.txt
[2.644s] writing top-level names to ../../build/game_session/game_session.egg-info/top_level.txt
[2.647s] reading manifest file '../../build/game_session/game_session.egg-info/SOURCES.txt'
[2.648s] writing manifest file '../../build/game_session/game_session.egg-info/SOURCES.txt'
[2.648s] running build
[2.648s] running build_py
[2.648s] running install
[2.649s] running install_lib
[2.650s] running install_data
[2.651s] running install_egg_info
[2.653s] removing '/home/matheus/thesis_ws/install/game_session/lib/python3.10/site-packages/game_session-0.0.0-py3.10.egg-info' (and everything under it)
[2.653s] Copying ../../build/game_session/game_session.egg-info to /home/matheus/thesis_ws/install/game_session/lib/python3.10/site-packages/game_session-0.0.0-py3.10.egg-info
[2.655s] running install_scripts
[2.682s] writing list of installed files to '/home/matheus/thesis_ws/build/game_session/install.log'
[2.707s] Invoked command in '/home/matheus/thesis_ws/src/game_session' returned '0': PYTHONPATH=/home/matheus/thesis_ws/build/game_session/prefix_override:/usr/lib/python3/dist-packages/colcon_core/task/python/colcon_distutils_commands:/home/matheus/thesis_ws/install/game_session/lib/python3.10/site-packages:${PYTHONPATH} /usr/bin/python3 -W ignore:setup.py install is deprecated -W ignore:easy_install command is deprecated setup.py egg_info --egg-base ../../build/game_session build --build-base /home/matheus/thesis_ws/build/game_session/build install --record /home/matheus/thesis_ws/build/game_session/install.log --install-scripts $base/lib/game_session --single-version-externally-managed install_data
