[2.995s] Invoking command in '/home/matheus/thesis_ws/src/hal_device_manager': PYTHONPATH=/home/matheus/thesis_ws/build/hal_device_manager/prefix_override:/usr/lib/python3/dist-packages/colcon_core/task/python/colcon_distutils_commands:/home/matheus/thesis_ws/install/hal_device_manager/lib/python3.10/site-packages:${PYTHONPATH} /usr/bin/python3 -W ignore:setup.py install is deprecated -W ignore:easy_install command is deprecated setup.py egg_info --egg-base ../../build/hal_device_manager build --build-base /home/matheus/thesis_ws/build/hal_device_manager/build install --record /home/matheus/thesis_ws/build/hal_device_manager/install.log --install-scripts $base/lib/hal_device_manager --single-version-externally-managed install_data
[3.817s] running egg_info
[3.817s] writing ../../build/hal_device_manager/hal_device_manager.egg-info/PKG-INFO
[3.817s] writing dependency_links to ../../build/hal_device_manager/hal_device_manager.egg-info/dependency_links.txt
[3.817s] writing entry points to ../../build/hal_device_manager/hal_device_manager.egg-info/entry_points.txt
[3.817s] writing requirements to ../../build/hal_device_manager/hal_device_manager.egg-info/requires.txt
[3.817s] writing top-level names to ../../build/hal_device_manager/hal_device_manager.egg-info/top_level.txt
[3.820s] reading manifest file '../../build/hal_device_manager/hal_device_manager.egg-info/SOURCES.txt'
[3.821s] writing manifest file '../../build/hal_device_manager/hal_device_manager.egg-info/SOURCES.txt'
[3.821s] running build
[3.821s] running build_py
[3.821s] running install
[3.822s] running install_lib
[3.823s] running install_data
[3.824s] running install_egg_info
[3.826s] removing '/home/matheus/thesis_ws/install/hal_device_manager/lib/python3.10/site-packages/hal_device_manager-0.0.0-py3.10.egg-info' (and everything under it)
[3.826s] Copying ../../build/hal_device_manager/hal_device_manager.egg-info to /home/matheus/thesis_ws/install/hal_device_manager/lib/python3.10/site-packages/hal_device_manager-0.0.0-py3.10.egg-info
[3.827s] running install_scripts
[3.919s] Installing device_manager_node script to /home/matheus/thesis_ws/install/hal_device_manager/lib/hal_device_manager
[3.921s] writing list of installed files to '/home/matheus/thesis_ws/build/hal_device_manager/install.log'
[3.979s] Invoked command in '/home/matheus/thesis_ws/src/hal_device_manager' returned '0': PYTHONPATH=/home/matheus/thesis_ws/build/hal_device_manager/prefix_override:/usr/lib/python3/dist-packages/colcon_core/task/python/colcon_distutils_commands:/home/matheus/thesis_ws/install/hal_device_manager/lib/python3.10/site-packages:${PYTHONPATH} /usr/bin/python3 -W ignore:setup.py install is deprecated -W ignore:easy_install command is deprecated setup.py egg_info --egg-base ../../build/hal_device_manager build --build-base /home/matheus/thesis_ws/build/hal_device_manager/build install --record /home/matheus/thesis_ws/build/hal_device_manager/install.log --install-scripts $base/lib/hal_device_manager --single-version-externally-managed install_data
