[1.332s] Invoking command in '/home/matheus/thesis_ws/build/hal_interfaces': CMAKE_PREFIX_PATH=${CMAKE_PREFIX_PATH}:/home/matheus/thesis_ws/install/hal_signal_processing:/home/matheus/thesis_ws/install/hal_device_manager:/home/matheus/thesis_ws/install/game_unity_bridge:/home/matheus/thesis_ws/install/game_session:/home/matheus/thesis_ws/install/game_input_mapping:/home/matheus/thesis_ws/install/encoder_guidao:/home/matheus/thesis_ws/install/encoder_device:/home/matheus/thesis_ws/install/data_logger:/home/matheus/Desktop/TestesROS2/ros_unity_ws/install/ros_tcp_endpoint:/opt/ros/humble /usr/bin/cmake --build /home/matheus/thesis_ws/build/hal_interfaces -- -j12 -l12
[1.535s] [35m[1mConsolidate compiler generated dependencies of target hal_interfaces__rosidl_generator_c[0m
[1.536s] [  3%] Built target hal_interfaces__cpp
[1.536s] [  6%] Built target hal_interfaces__rs
[1.536s] [ 15%] Built target hal_interfaces__rosidl_generator_c
[1.536s] [35m[1mConsolidate compiler generated dependencies of target hal_interfaces__rosidl_typesupport_fastrtps_cpp[0m
[1.536s] [35m[1mConsolidate compiler generated dependencies of target hal_interfaces__rosidl_typesupport_introspection_cpp[0m
[1.536s] [35m[1mConsolidate compiler generated dependencies of target hal_interfaces__rosidl_typesupport_cpp[0m
[1.536s] [ 15%] Built target ament_cmake_python_copy_hal_interfaces
[1.536s] [35m[1mConsolidate compiler generated dependencies of target hal_interfaces__rosidl_typesupport_c[0m
[1.536s] [35m[1mConsolidate compiler generated dependencies of target hal_interfaces__rosidl_typesupport_introspection_c[0m
[1.537s] [35m[1mConsolidate compiler generated dependencies of target hal_interfaces__rosidl_typesupport_fastrtps_c[0m
[1.537s] [ 25%] Built target hal_interfaces__rosidl_typesupport_fastrtps_cpp
[1.537s] [ 40%] Built target hal_interfaces__rosidl_typesupport_cpp
[1.537s] [ 43%] Built target hal_interfaces__rosidl_typesupport_introspection_cpp
[1.538s] [ 62%] Built target hal_interfaces__rosidl_typesupport_introspection_c
[1.538s] [ 62%] Built target hal_interfaces__rosidl_typesupport_c
[1.538s] [ 71%] Built target hal_interfaces__rosidl_typesupport_fastrtps_c
[1.538s] [ 71%] Built target hal_interfaces
[1.538s] [ 75%] Built target hal_interfaces__py
[1.538s] [35m[1mConsolidate compiler generated dependencies of target hal_interfaces__rosidl_generator_py[0m
[1.538s] [ 81%] Built target hal_interfaces__rosidl_generator_py
[1.538s] [35m[1mConsolidate compiler generated dependencies of target hal_interfaces__rosidl_typesupport_introspection_c__pyext[0m
[1.539s] [35m[1mConsolidate compiler generated dependencies of target hal_interfaces__rosidl_typesupport_fastrtps_c__pyext[0m
[1.539s] [35m[1mConsolidate compiler generated dependencies of target hal_interfaces__rosidl_typesupport_c__pyext[0m
[1.539s] [100%] Built target hal_interfaces__rosidl_typesupport_introspection_c__pyext
[1.539s] [100%] Built target hal_interfaces__rosidl_typesupport_c__pyext
[1.539s] [100%] Built target hal_interfaces__rosidl_typesupport_fastrtps_c__pyext
[1.594s] running egg_info
[1.594s] writing hal_interfaces.egg-info/PKG-INFO
[1.595s] writing dependency_links to hal_interfaces.egg-info/dependency_links.txt
[1.595s] writing top-level names to hal_interfaces.egg-info/top_level.txt
[1.598s] reading manifest file 'hal_interfaces.egg-info/SOURCES.txt'
[1.599s] writing manifest file 'hal_interfaces.egg-info/SOURCES.txt'
[1.640s] [100%] Built target ament_cmake_python_build_hal_interfaces_egg
[1.654s] Invoked command in '/home/matheus/thesis_ws/build/hal_interfaces' returned '0': CMAKE_PREFIX_PATH=${CMAKE_PREFIX_PATH}:/home/matheus/thesis_ws/install/hal_signal_processing:/home/matheus/thesis_ws/install/hal_device_manager:/home/matheus/thesis_ws/install/game_unity_bridge:/home/matheus/thesis_ws/install/game_session:/home/matheus/thesis_ws/install/game_input_mapping:/home/matheus/thesis_ws/install/encoder_guidao:/home/matheus/thesis_ws/install/encoder_device:/home/matheus/thesis_ws/install/data_logger:/home/matheus/Desktop/TestesROS2/ros_unity_ws/install/ros_tcp_endpoint:/opt/ros/humble /usr/bin/cmake --build /home/matheus/thesis_ws/build/hal_interfaces -- -j12 -l12
[1.656s] Invoking command in '/home/matheus/thesis_ws/build/hal_interfaces': CMAKE_PREFIX_PATH=${CMAKE_PREFIX_PATH}:/home/matheus/thesis_ws/install/hal_signal_processing:/home/matheus/thesis_ws/install/hal_device_manager:/home/matheus/thesis_ws/install/game_unity_bridge:/home/matheus/thesis_ws/install/game_session:/home/matheus/thesis_ws/install/game_input_mapping:/home/matheus/thesis_ws/install/encoder_guidao:/home/matheus/thesis_ws/install/encoder_device:/home/matheus/thesis_ws/install/data_logger:/home/matheus/Desktop/TestesROS2/ros_unity_ws/install/ros_tcp_endpoint:/opt/ros/humble /usr/bin/cmake --install /home/matheus/thesis_ws/build/hal_interfaces
[1.665s] -- Install configuration: ""
[1.665s] -- Up-to-date: /home/matheus/thesis_ws/install/hal_interfaces/share/ament_index/resource_index/rosidl_interfaces/hal_interfaces
[1.665s] -- Up-to-date: /home/matheus/thesis_ws/install/hal_interfaces/include/hal_interfaces/hal_interfaces
[1.665s] -- Up-to-date: /home/matheus/thesis_ws/install/hal_interfaces/include/hal_interfaces/hal_interfaces/msg
[1.665s] -- Up-to-date: /home/matheus/thesis_ws/install/hal_interfaces/include/hal_interfaces/hal_interfaces/msg/rosidl_generator_c__visibility_control.h
[1.665s] -- Up-to-date: /home/matheus/thesis_ws/install/hal_interfaces/include/hal_interfaces/hal_interfaces/srv
[1.665s] -- Up-to-date: /home/matheus/thesis_ws/install/hal_interfaces/include/hal_interfaces/hal_interfaces/srv/set_string.h
[1.665s] -- Up-to-date: /home/matheus/thesis_ws/install/hal_interfaces/include/hal_interfaces/hal_interfaces/srv/detail
[1.665s] -- Up-to-date: /home/matheus/thesis_ws/install/hal_interfaces/include/hal_interfaces/hal_interfaces/srv/detail/set_string__struct.h
[1.666s] -- Up-to-date: /home/matheus/thesis_ws/install/hal_interfaces/include/hal_interfaces/hal_interfaces/srv/detail/set_string__functions.h
[1.666s] -- Up-to-date: /home/matheus/thesis_ws/install/hal_interfaces/include/hal_interfaces/hal_interfaces/srv/detail/set_string__type_support.h
[1.666s] -- Up-to-date: /home/matheus/thesis_ws/install/hal_interfaces/include/hal_interfaces/hal_interfaces/srv/detail/set_string__functions.c
[1.666s] -- Up-to-date: /home/matheus/thesis_ws/install/hal_interfaces/share/hal_interfaces/environment/library_path.sh
[1.666s] -- Up-to-date: /home/matheus/thesis_ws/install/hal_interfaces/share/hal_interfaces/environment/library_path.dsv
[1.666s] -- Up-to-date: /home/matheus/thesis_ws/install/hal_interfaces/lib/libhal_interfaces__rosidl_generator_c.so
[1.666s] -- Up-to-date: /home/matheus/thesis_ws/install/hal_interfaces/include/hal_interfaces/hal_interfaces
[1.666s] -- Up-to-date: /home/matheus/thesis_ws/install/hal_interfaces/include/hal_interfaces/hal_interfaces/msg
[1.666s] -- Up-to-date: /home/matheus/thesis_ws/install/hal_interfaces/include/hal_interfaces/hal_interfaces/msg/rosidl_typesupport_fastrtps_c__visibility_control.h
[1.666s] -- Up-to-date: /home/matheus/thesis_ws/install/hal_interfaces/include/hal_interfaces/hal_interfaces/srv
[1.666s] -- Up-to-date: /home/matheus/thesis_ws/install/hal_interfaces/include/hal_interfaces/hal_interfaces/srv/detail
[1.666s] -- Up-to-date: /home/matheus/thesis_ws/install/hal_interfaces/include/hal_interfaces/hal_interfaces/srv/detail/set_string__rosidl_typesupport_fastrtps_c.h
[1.666s] -- Up-to-date: /home/matheus/thesis_ws/install/hal_interfaces/lib/libhal_interfaces__rosidl_typesupport_fastrtps_c.so
[1.667s] -- Up-to-date: /home/matheus/thesis_ws/install/hal_interfaces/include/hal_interfaces/hal_interfaces
[1.667s] -- Up-to-date: /home/matheus/thesis_ws/install/hal_interfaces/include/hal_interfaces/hal_interfaces/msg
[1.667s] -- Up-to-date: /home/matheus/thesis_ws/install/hal_interfaces/include/hal_interfaces/hal_interfaces/msg/rosidl_typesupport_introspection_c__visibility_control.h
[1.667s] -- Up-to-date: /home/matheus/thesis_ws/install/hal_interfaces/include/hal_interfaces/hal_interfaces/srv
[1.667s] -- Up-to-date: /home/matheus/thesis_ws/install/hal_interfaces/include/hal_interfaces/hal_interfaces/srv/detail
[1.667s] -- Up-to-date: /home/matheus/thesis_ws/install/hal_interfaces/include/hal_interfaces/hal_interfaces/srv/detail/set_string__type_support.c
[1.667s] -- Up-to-date: /home/matheus/thesis_ws/install/hal_interfaces/include/hal_interfaces/hal_interfaces/srv/detail/set_string__rosidl_typesupport_introspection_c.h
[1.667s] -- Up-to-date: /home/matheus/thesis_ws/install/hal_interfaces/lib/libhal_interfaces__rosidl_typesupport_introspection_c.so
[1.667s] -- Up-to-date: /home/matheus/thesis_ws/install/hal_interfaces/lib/libhal_interfaces__rosidl_typesupport_c.so
[1.667s] -- Up-to-date: /home/matheus/thesis_ws/install/hal_interfaces/include/hal_interfaces/hal_interfaces
[1.667s] -- Up-to-date: /home/matheus/thesis_ws/install/hal_interfaces/include/hal_interfaces/hal_interfaces/msg
[1.667s] -- Up-to-date: /home/matheus/thesis_ws/install/hal_interfaces/include/hal_interfaces/hal_interfaces/msg/rosidl_generator_cpp__visibility_control.hpp
[1.667s] -- Up-to-date: /home/matheus/thesis_ws/install/hal_interfaces/include/hal_interfaces/hal_interfaces/srv
[1.668s] -- Up-to-date: /home/matheus/thesis_ws/install/hal_interfaces/include/hal_interfaces/hal_interfaces/srv/set_string.hpp
[1.668s] -- Up-to-date: /home/matheus/thesis_ws/install/hal_interfaces/include/hal_interfaces/hal_interfaces/srv/detail
[1.668s] -- Up-to-date: /home/matheus/thesis_ws/install/hal_interfaces/include/hal_interfaces/hal_interfaces/srv/detail/set_string__builder.hpp
[1.668s] -- Up-to-date: /home/matheus/thesis_ws/install/hal_interfaces/include/hal_interfaces/hal_interfaces/srv/detail/set_string__struct.hpp
[1.668s] -- Up-to-date: /home/matheus/thesis_ws/install/hal_interfaces/include/hal_interfaces/hal_interfaces/srv/detail/set_string__type_support.hpp
[1.668s] -- Up-to-date: /home/matheus/thesis_ws/install/hal_interfaces/include/hal_interfaces/hal_interfaces/srv/detail/set_string__traits.hpp
[1.668s] -- Up-to-date: /home/matheus/thesis_ws/install/hal_interfaces/include/hal_interfaces/hal_interfaces
[1.668s] -- Up-to-date: /home/matheus/thesis_ws/install/hal_interfaces/include/hal_interfaces/hal_interfaces/msg
[1.668s] -- Up-to-date: /home/matheus/thesis_ws/install/hal_interfaces/include/hal_interfaces/hal_interfaces/msg/rosidl_typesupport_fastrtps_cpp__visibility_control.h
[1.668s] -- Up-to-date: /home/matheus/thesis_ws/install/hal_interfaces/include/hal_interfaces/hal_interfaces/srv
[1.668s] -- Up-to-date: /home/matheus/thesis_ws/install/hal_interfaces/include/hal_interfaces/hal_interfaces/srv/detail
[1.668s] -- Up-to-date: /home/matheus/thesis_ws/install/hal_interfaces/include/hal_interfaces/hal_interfaces/srv/detail/dds_fastrtps
[1.668s] -- Up-to-date: /home/matheus/thesis_ws/install/hal_interfaces/include/hal_interfaces/hal_interfaces/srv/detail/set_string__rosidl_typesupport_fastrtps_cpp.hpp
[1.669s] -- Up-to-date: /home/matheus/thesis_ws/install/hal_interfaces/lib/libhal_interfaces__rosidl_typesupport_fastrtps_cpp.so
[1.669s] -- Up-to-date: /home/matheus/thesis_ws/install/hal_interfaces/include/hal_interfaces/hal_interfaces
[1.669s] -- Up-to-date: /home/matheus/thesis_ws/install/hal_interfaces/include/hal_interfaces/hal_interfaces/srv
[1.669s] -- Up-to-date: /home/matheus/thesis_ws/install/hal_interfaces/include/hal_interfaces/hal_interfaces/srv/detail
[1.669s] -- Up-to-date: /home/matheus/thesis_ws/install/hal_interfaces/include/hal_interfaces/hal_interfaces/srv/detail/set_string__rosidl_typesupport_introspection_cpp.hpp
[1.669s] -- Up-to-date: /home/matheus/thesis_ws/install/hal_interfaces/include/hal_interfaces/hal_interfaces/srv/detail/set_string__type_support.cpp
[1.669s] -- Up-to-date: /home/matheus/thesis_ws/install/hal_interfaces/lib/libhal_interfaces__rosidl_typesupport_introspection_cpp.so
[1.669s] -- Up-to-date: /home/matheus/thesis_ws/install/hal_interfaces/lib/libhal_interfaces__rosidl_typesupport_cpp.so
[1.669s] -- Up-to-date: /home/matheus/thesis_ws/install/hal_interfaces/share/hal_interfaces/environment/pythonpath.sh
[1.669s] -- Up-to-date: /home/matheus/thesis_ws/install/hal_interfaces/share/hal_interfaces/environment/pythonpath.dsv
[1.669s] -- Up-to-date: /home/matheus/thesis_ws/install/hal_interfaces/local/lib/python3.10/dist-packages/hal_interfaces-0.0.0-py3.10.egg-info
[1.669s] -- Installing: /home/matheus/thesis_ws/install/hal_interfaces/local/lib/python3.10/dist-packages/hal_interfaces-0.0.0-py3.10.egg-info/dependency_links.txt
[1.669s] -- Installing: /home/matheus/thesis_ws/install/hal_interfaces/local/lib/python3.10/dist-packages/hal_interfaces-0.0.0-py3.10.egg-info/top_level.txt
[1.670s] -- Installing: /home/matheus/thesis_ws/install/hal_interfaces/local/lib/python3.10/dist-packages/hal_interfaces-0.0.0-py3.10.egg-info/SOURCES.txt
[1.670s] -- Installing: /home/matheus/thesis_ws/install/hal_interfaces/local/lib/python3.10/dist-packages/hal_interfaces-0.0.0-py3.10.egg-info/PKG-INFO
[1.670s] -- Up-to-date: /home/matheus/thesis_ws/install/hal_interfaces/local/lib/python3.10/dist-packages/hal_interfaces
[1.670s] -- Up-to-date: /home/matheus/thesis_ws/install/hal_interfaces/local/lib/python3.10/dist-packages/hal_interfaces/_hal_interfaces_s.ep.rosidl_typesupport_introspection_c.c
[1.670s] -- Up-to-date: /home/matheus/thesis_ws/install/hal_interfaces/local/lib/python3.10/dist-packages/hal_interfaces/srv
[1.670s] -- Up-to-date: /home/matheus/thesis_ws/install/hal_interfaces/local/lib/python3.10/dist-packages/hal_interfaces/srv/_set_string_s.c
[1.670s] -- Up-to-date: /home/matheus/thesis_ws/install/hal_interfaces/local/lib/python3.10/dist-packages/hal_interfaces/srv/_set_string.py
[1.670s] -- Up-to-date: /home/matheus/thesis_ws/install/hal_interfaces/local/lib/python3.10/dist-packages/hal_interfaces/srv/__init__.py
[1.670s] -- Up-to-date: /home/matheus/thesis_ws/install/hal_interfaces/local/lib/python3.10/dist-packages/hal_interfaces/libhal_interfaces__rosidl_generator_py.so
[1.670s] -- Up-to-date: /home/matheus/thesis_ws/install/hal_interfaces/local/lib/python3.10/dist-packages/hal_interfaces/_hal_interfaces_s.ep.rosidl_typesupport_c.c
[1.670s] -- Up-to-date: /home/matheus/thesis_ws/install/hal_interfaces/local/lib/python3.10/dist-packages/hal_interfaces/_hal_interfaces_s.ep.rosidl_typesupport_fastrtps_c.c
[1.670s] -- Up-to-date: /home/matheus/thesis_ws/install/hal_interfaces/local/lib/python3.10/dist-packages/hal_interfaces/hal_interfaces_s__rosidl_typesupport_fastrtps_c.cpython-310-x86_64-linux-gnu.so
[1.670s] -- Up-to-date: /home/matheus/thesis_ws/install/hal_interfaces/local/lib/python3.10/dist-packages/hal_interfaces/__init__.py
[1.671s] -- Up-to-date: /home/matheus/thesis_ws/install/hal_interfaces/local/lib/python3.10/dist-packages/hal_interfaces/hal_interfaces_s__rosidl_typesupport_introspection_c.cpython-310-x86_64-linux-gnu.so
[1.671s] -- Up-to-date: /home/matheus/thesis_ws/install/hal_interfaces/local/lib/python3.10/dist-packages/hal_interfaces/hal_interfaces_s__rosidl_typesupport_c.cpython-310-x86_64-linux-gnu.so
[1.699s] Listing '/home/matheus/thesis_ws/install/hal_interfaces/local/lib/python3.10/dist-packages/hal_interfaces'...
[1.700s] Listing '/home/matheus/thesis_ws/install/hal_interfaces/local/lib/python3.10/dist-packages/hal_interfaces/srv'...
[1.704s] -- Up-to-date: /home/matheus/thesis_ws/install/hal_interfaces/local/lib/python3.10/dist-packages/hal_interfaces/hal_interfaces_s__rosidl_typesupport_fastrtps_c.cpython-310-x86_64-linux-gnu.so
[1.704s] -- Up-to-date: /home/matheus/thesis_ws/install/hal_interfaces/local/lib/python3.10/dist-packages/hal_interfaces/hal_interfaces_s__rosidl_typesupport_introspection_c.cpython-310-x86_64-linux-gnu.so
[1.704s] -- Up-to-date: /home/matheus/thesis_ws/install/hal_interfaces/local/lib/python3.10/dist-packages/hal_interfaces/hal_interfaces_s__rosidl_typesupport_c.cpython-310-x86_64-linux-gnu.so
[1.704s] -- Up-to-date: /home/matheus/thesis_ws/install/hal_interfaces/lib/libhal_interfaces__rosidl_generator_py.so
[1.705s] -- Up-to-date: /home/matheus/thesis_ws/install/hal_interfaces/share/ament_index/resource_index/rust_packages/hal_interfaces
[1.705s] -- Up-to-date: /home/matheus/thesis_ws/install/hal_interfaces/share/hal_interfaces/rust
[1.705s] -- Up-to-date: /home/matheus/thesis_ws/install/hal_interfaces/share/hal_interfaces/rust/Cargo.toml
[1.705s] -- Up-to-date: /home/matheus/thesis_ws/install/hal_interfaces/share/hal_interfaces/rust/src
[1.705s] -- Up-to-date: /home/matheus/thesis_ws/install/hal_interfaces/share/hal_interfaces/rust/src/lib.rs
[1.705s] -- Up-to-date: /home/matheus/thesis_ws/install/hal_interfaces/share/hal_interfaces/rust/src/srv
[1.705s] -- Up-to-date: /home/matheus/thesis_ws/install/hal_interfaces/share/hal_interfaces/rust/src/srv/rmw.rs
[1.705s] -- Up-to-date: /home/matheus/thesis_ws/install/hal_interfaces/share/hal_interfaces/rust/src/srv.rs
[1.705s] -- Up-to-date: /home/matheus/thesis_ws/install/hal_interfaces/share/hal_interfaces/rust/build.rs
[1.705s] -- Up-to-date: /home/matheus/thesis_ws/install/hal_interfaces/share/hal_interfaces/srv/SetString.idl
[1.705s] -- Up-to-date: /home/matheus/thesis_ws/install/hal_interfaces/share/hal_interfaces/srv/SetString.srv
[1.705s] -- Up-to-date: /home/matheus/thesis_ws/install/hal_interfaces/share/hal_interfaces/srv/SetString_Request.msg
[1.705s] -- Up-to-date: /home/matheus/thesis_ws/install/hal_interfaces/share/hal_interfaces/srv/SetString_Response.msg
[1.705s] -- Up-to-date: /home/matheus/thesis_ws/install/hal_interfaces/share/ament_index/resource_index/package_run_dependencies/hal_interfaces
[1.705s] -- Up-to-date: /home/matheus/thesis_ws/install/hal_interfaces/share/ament_index/resource_index/parent_prefix_path/hal_interfaces
[1.705s] -- Up-to-date: /home/matheus/thesis_ws/install/hal_interfaces/share/hal_interfaces/environment/ament_prefix_path.sh
[1.705s] -- Up-to-date: /home/matheus/thesis_ws/install/hal_interfaces/share/hal_interfaces/environment/ament_prefix_path.dsv
[1.705s] -- Up-to-date: /home/matheus/thesis_ws/install/hal_interfaces/share/hal_interfaces/environment/path.sh
[1.705s] -- Up-to-date: /home/matheus/thesis_ws/install/hal_interfaces/share/hal_interfaces/environment/path.dsv
[1.705s] -- Up-to-date: /home/matheus/thesis_ws/install/hal_interfaces/share/hal_interfaces/local_setup.bash
[1.705s] -- Up-to-date: /home/matheus/thesis_ws/install/hal_interfaces/share/hal_interfaces/local_setup.sh
[1.705s] -- Up-to-date: /home/matheus/thesis_ws/install/hal_interfaces/share/hal_interfaces/local_setup.zsh
[1.706s] -- Up-to-date: /home/matheus/thesis_ws/install/hal_interfaces/share/hal_interfaces/local_setup.dsv
[1.706s] -- Installing: /home/matheus/thesis_ws/install/hal_interfaces/share/hal_interfaces/package.dsv
[1.706s] -- Up-to-date: /home/matheus/thesis_ws/install/hal_interfaces/share/ament_index/resource_index/packages/hal_interfaces
[1.706s] -- Up-to-date: /home/matheus/thesis_ws/install/hal_interfaces/share/hal_interfaces/cmake/export_hal_interfaces__rosidl_generator_cExport.cmake
[1.706s] -- Up-to-date: /home/matheus/thesis_ws/install/hal_interfaces/share/hal_interfaces/cmake/export_hal_interfaces__rosidl_generator_cExport-noconfig.cmake
[1.706s] -- Up-to-date: /home/matheus/thesis_ws/install/hal_interfaces/share/hal_interfaces/cmake/export_hal_interfaces__rosidl_typesupport_fastrtps_cExport.cmake
[1.706s] -- Up-to-date: /home/matheus/thesis_ws/install/hal_interfaces/share/hal_interfaces/cmake/export_hal_interfaces__rosidl_typesupport_fastrtps_cExport-noconfig.cmake
[1.706s] -- Up-to-date: /home/matheus/thesis_ws/install/hal_interfaces/share/hal_interfaces/cmake/hal_interfaces__rosidl_typesupport_introspection_cExport.cmake
[1.706s] -- Up-to-date: /home/matheus/thesis_ws/install/hal_interfaces/share/hal_interfaces/cmake/hal_interfaces__rosidl_typesupport_introspection_cExport-noconfig.cmake
[1.706s] -- Up-to-date: /home/matheus/thesis_ws/install/hal_interfaces/share/hal_interfaces/cmake/hal_interfaces__rosidl_typesupport_cExport.cmake
[1.706s] -- Up-to-date: /home/matheus/thesis_ws/install/hal_interfaces/share/hal_interfaces/cmake/hal_interfaces__rosidl_typesupport_cExport-noconfig.cmake
[1.706s] -- Up-to-date: /home/matheus/thesis_ws/install/hal_interfaces/share/hal_interfaces/cmake/export_hal_interfaces__rosidl_generator_cppExport.cmake
[1.706s] -- Up-to-date: /home/matheus/thesis_ws/install/hal_interfaces/share/hal_interfaces/cmake/export_hal_interfaces__rosidl_typesupport_fastrtps_cppExport.cmake
[1.706s] -- Up-to-date: /home/matheus/thesis_ws/install/hal_interfaces/share/hal_interfaces/cmake/export_hal_interfaces__rosidl_typesupport_fastrtps_cppExport-noconfig.cmake
[1.706s] -- Up-to-date: /home/matheus/thesis_ws/install/hal_interfaces/share/hal_interfaces/cmake/hal_interfaces__rosidl_typesupport_introspection_cppExport.cmake
[1.706s] -- Up-to-date: /home/matheus/thesis_ws/install/hal_interfaces/share/hal_interfaces/cmake/hal_interfaces__rosidl_typesupport_introspection_cppExport-noconfig.cmake
[1.706s] -- Up-to-date: /home/matheus/thesis_ws/install/hal_interfaces/share/hal_interfaces/cmake/hal_interfaces__rosidl_typesupport_cppExport.cmake
[1.706s] -- Up-to-date: /home/matheus/thesis_ws/install/hal_interfaces/share/hal_interfaces/cmake/hal_interfaces__rosidl_typesupport_cppExport-noconfig.cmake
[1.706s] -- Up-to-date: /home/matheus/thesis_ws/install/hal_interfaces/share/hal_interfaces/cmake/export_hal_interfaces__rosidl_generator_pyExport.cmake
[1.706s] -- Up-to-date: /home/matheus/thesis_ws/install/hal_interfaces/share/hal_interfaces/cmake/export_hal_interfaces__rosidl_generator_pyExport-noconfig.cmake
[1.706s] -- Up-to-date: /home/matheus/thesis_ws/install/hal_interfaces/share/hal_interfaces/cmake/rosidl_cmake-extras.cmake
[1.707s] -- Up-to-date: /home/matheus/thesis_ws/install/hal_interfaces/share/hal_interfaces/cmake/ament_cmake_export_include_directories-extras.cmake
[1.707s] -- Up-to-date: /home/matheus/thesis_ws/install/hal_interfaces/share/hal_interfaces/cmake/ament_cmake_export_libraries-extras.cmake
[1.707s] -- Up-to-date: /home/matheus/thesis_ws/install/hal_interfaces/share/hal_interfaces/cmake/ament_cmake_export_targets-extras.cmake
[1.707s] -- Up-to-date: /home/matheus/thesis_ws/install/hal_interfaces/share/hal_interfaces/cmake/rosidl_cmake_export_typesupport_targets-extras.cmake
[1.707s] -- Up-to-date: /home/matheus/thesis_ws/install/hal_interfaces/share/hal_interfaces/cmake/ament_cmake_export_dependencies-extras.cmake
[1.707s] -- Up-to-date: /home/matheus/thesis_ws/install/hal_interfaces/share/hal_interfaces/cmake/rosidl_cmake_export_typesupport_libraries-extras.cmake
[1.707s] -- Up-to-date: /home/matheus/thesis_ws/install/hal_interfaces/share/hal_interfaces/cmake/rosidl_cmake_aggregate_target-extras.cmake
[1.707s] -- Up-to-date: /home/matheus/thesis_ws/install/hal_interfaces/share/hal_interfaces/cmake/hal_interfacesConfig.cmake
[1.707s] -- Up-to-date: /home/matheus/thesis_ws/install/hal_interfaces/share/hal_interfaces/cmake/hal_interfacesConfig-version.cmake
[1.707s] -- Up-to-date: /home/matheus/thesis_ws/install/hal_interfaces/share/hal_interfaces/package.xml
[1.710s] Invoked command in '/home/matheus/thesis_ws/build/hal_interfaces' returned '0': CMAKE_PREFIX_PATH=${CMAKE_PREFIX_PATH}:/home/matheus/thesis_ws/install/hal_signal_processing:/home/matheus/thesis_ws/install/hal_device_manager:/home/matheus/thesis_ws/install/game_unity_bridge:/home/matheus/thesis_ws/install/game_session:/home/matheus/thesis_ws/install/game_input_mapping:/home/matheus/thesis_ws/install/encoder_guidao:/home/matheus/thesis_ws/install/encoder_device:/home/matheus/thesis_ws/install/data_logger:/home/matheus/Desktop/TestesROS2/ros_unity_ws/install/ros_tcp_endpoint:/opt/ros/humble /usr/bin/cmake --install /home/matheus/thesis_ws/build/hal_interfaces
