[3.142s] Invoking command in '/home/matheus/thesis_ws/src/data_logger': PYTHONPATH=/home/matheus/thesis_ws/build/data_logger/prefix_override:/usr/lib/python3/dist-packages/colcon_core/task/python/colcon_distutils_commands:/home/matheus/thesis_ws/install/data_logger/lib/python3.10/site-packages:${PYTHONPATH} /usr/bin/python3 -W ignore:setup.py install is deprecated -W ignore:easy_install command is deprecated setup.py egg_info --egg-base ../../build/data_logger build --build-base /home/matheus/thesis_ws/build/data_logger/build install --record /home/matheus/thesis_ws/build/data_logger/install.log --install-scripts $base/lib/data_logger --single-version-externally-managed install_data
[3.859s] running egg_info
[3.860s] writing ../../build/data_logger/data_logger.egg-info/PKG-INFO
[3.860s] writing dependency_links to ../../build/data_logger/data_logger.egg-info/dependency_links.txt
[3.860s] writing entry points to ../../build/data_logger/data_logger.egg-info/entry_points.txt
[3.860s] writing requirements to ../../build/data_logger/data_logger.egg-info/requires.txt
[3.860s] writing top-level names to ../../build/data_logger/data_logger.egg-info/top_level.txt
[3.867s] reading manifest file '../../build/data_logger/data_logger.egg-info/SOURCES.txt'
[3.876s] writing manifest file '../../build/data_logger/data_logger.egg-info/SOURCES.txt'
[3.877s] running build
[3.878s] running build_py
[3.882s] running install
[3.883s] running install_lib
[3.889s] running install_data
[3.890s] running install_egg_info
[3.907s] removing '/home/matheus/thesis_ws/install/data_logger/lib/python3.10/site-packages/data_logger-0.0.0-py3.10.egg-info' (and everything under it)
[3.908s] Copying ../../build/data_logger/data_logger.egg-info to /home/matheus/thesis_ws/install/data_logger/lib/python3.10/site-packages/data_logger-0.0.0-py3.10.egg-info
[3.916s] running install_scripts
[3.989s] writing list of installed files to '/home/matheus/thesis_ws/build/data_logger/install.log'
[4.044s] Invoked command in '/home/matheus/thesis_ws/src/data_logger' returned '0': PYTHONPATH=/home/matheus/thesis_ws/build/data_logger/prefix_override:/usr/lib/python3/dist-packages/colcon_core/task/python/colcon_distutils_commands:/home/matheus/thesis_ws/install/data_logger/lib/python3.10/site-packages:${PYTHONPATH} /usr/bin/python3 -W ignore:setup.py install is deprecated -W ignore:easy_install command is deprecated setup.py egg_info --egg-base ../../build/data_logger build --build-base /home/matheus/thesis_ws/build/data_logger/build install --record /home/matheus/thesis_ws/build/data_logger/install.log --install-scripts $base/lib/data_logger --single-version-externally-managed install_data
