[1.763s] Invoking command in '/home/matheus/thesis_ws/build/thesis_interfaces': CMAKE_PREFIX_PATH=${CMAKE_PREFIX_PATH}:/home/matheus/thesis_ws/install/hal_signal_processing:/home/matheus/thesis_ws/install/hal_device_manager:/home/matheus/thesis_ws/install/game_unity_bridge:/home/matheus/thesis_ws/install/game_session:/home/matheus/thesis_ws/install/game_input_mapping:/home/matheus/thesis_ws/install/encoder_guidao:/home/matheus/thesis_ws/install/encoder_device:/home/matheus/thesis_ws/install/data_logger:/home/matheus/thesis_ws/install/controller_guidao:/home/matheus/Desktop/TestesROS2/ros_unity_ws/install/ros_tcp_endpoint:/opt/ros/humble /usr/bin/cmake --build /home/matheus/thesis_ws/build/thesis_interfaces -- -j12 -l12
[1.919s] Invoked command in '/home/matheus/thesis_ws/build/thesis_interfaces' returned '0': CMAKE_PREFIX_PATH=${CMAKE_PREFIX_PATH}:/home/matheus/thesis_ws/install/hal_signal_processing:/home/matheus/thesis_ws/install/hal_device_manager:/home/matheus/thesis_ws/install/game_unity_bridge:/home/matheus/thesis_ws/install/game_session:/home/matheus/thesis_ws/install/game_input_mapping:/home/matheus/thesis_ws/install/encoder_guidao:/home/matheus/thesis_ws/install/encoder_device:/home/matheus/thesis_ws/install/data_logger:/home/matheus/thesis_ws/install/controller_guidao:/home/matheus/Desktop/TestesROS2/ros_unity_ws/install/ros_tcp_endpoint:/opt/ros/humble /usr/bin/cmake --build /home/matheus/thesis_ws/build/thesis_interfaces -- -j12 -l12
[1.923s] Invoking command in '/home/matheus/thesis_ws/build/thesis_interfaces': CMAKE_PREFIX_PATH=${CMAKE_PREFIX_PATH}:/home/matheus/thesis_ws/install/hal_signal_processing:/home/matheus/thesis_ws/install/hal_device_manager:/home/matheus/thesis_ws/install/game_unity_bridge:/home/matheus/thesis_ws/install/game_session:/home/matheus/thesis_ws/install/game_input_mapping:/home/matheus/thesis_ws/install/encoder_guidao:/home/matheus/thesis_ws/install/encoder_device:/home/matheus/thesis_ws/install/data_logger:/home/matheus/thesis_ws/install/controller_guidao:/home/matheus/Desktop/TestesROS2/ros_unity_ws/install/ros_tcp_endpoint:/opt/ros/humble /usr/bin/cmake --install /home/matheus/thesis_ws/build/thesis_interfaces
[1.957s] -- Install configuration: ""
[1.957s] -- Up-to-date: /home/matheus/thesis_ws/install/thesis_interfaces/share/ament_index/resource_index/package_run_dependencies/thesis_interfaces
[1.957s] -- Up-to-date: /home/matheus/thesis_ws/install/thesis_interfaces/share/ament_index/resource_index/parent_prefix_path/thesis_interfaces
[1.958s] -- Up-to-date: /home/matheus/thesis_ws/install/thesis_interfaces/share/thesis_interfaces/environment/ament_prefix_path.sh
[1.958s] -- Up-to-date: /home/matheus/thesis_ws/install/thesis_interfaces/share/thesis_interfaces/environment/ament_prefix_path.dsv
[1.958s] -- Up-to-date: /home/matheus/thesis_ws/install/thesis_interfaces/share/thesis_interfaces/environment/path.sh
[1.958s] -- Up-to-date: /home/matheus/thesis_ws/install/thesis_interfaces/share/thesis_interfaces/environment/path.dsv
[1.958s] -- Up-to-date: /home/matheus/thesis_ws/install/thesis_interfaces/share/thesis_interfaces/local_setup.bash
[1.958s] -- Up-to-date: /home/matheus/thesis_ws/install/thesis_interfaces/share/thesis_interfaces/local_setup.sh
[1.958s] -- Up-to-date: /home/matheus/thesis_ws/install/thesis_interfaces/share/thesis_interfaces/local_setup.zsh
[1.958s] -- Up-to-date: /home/matheus/thesis_ws/install/thesis_interfaces/share/thesis_interfaces/local_setup.dsv
[1.958s] -- Installing: /home/matheus/thesis_ws/install/thesis_interfaces/share/thesis_interfaces/package.dsv
[1.958s] -- Up-to-date: /home/matheus/thesis_ws/install/thesis_interfaces/share/ament_index/resource_index/packages/thesis_interfaces
[1.958s] -- Up-to-date: /home/matheus/thesis_ws/install/thesis_interfaces/share/thesis_interfaces/cmake/thesis_interfacesConfig.cmake
[1.958s] -- Up-to-date: /home/matheus/thesis_ws/install/thesis_interfaces/share/thesis_interfaces/cmake/thesis_interfacesConfig-version.cmake
[1.958s] -- Up-to-date: /home/matheus/thesis_ws/install/thesis_interfaces/share/thesis_interfaces/package.xml
[1.959s] Invoked command in '/home/matheus/thesis_ws/build/thesis_interfaces' returned '0': CMAKE_PREFIX_PATH=${CMAKE_PREFIX_PATH}:/home/matheus/thesis_ws/install/hal_signal_processing:/home/matheus/thesis_ws/install/hal_device_manager:/home/matheus/thesis_ws/install/game_unity_bridge:/home/matheus/thesis_ws/install/game_session:/home/matheus/thesis_ws/install/game_input_mapping:/home/matheus/thesis_ws/install/encoder_guidao:/home/matheus/thesis_ws/install/encoder_device:/home/matheus/thesis_ws/install/data_logger:/home/matheus/thesis_ws/install/controller_guidao:/home/matheus/Desktop/TestesROS2/ros_unity_ws/install/ros_tcp_endpoint:/opt/ros/humble /usr/bin/cmake --install /home/matheus/thesis_ws/build/thesis_interfaces
