running egg_info
creating ../../build/encoder_device/encoder_device.egg-info
writing ../../build/encoder_device/encoder_device.egg-info/PKG-INFO
writing dependency_links to ../../build/encoder_device/encoder_device.egg-info/dependency_links.txt
writing entry points to ../../build/encoder_device/encoder_device.egg-info/entry_points.txt
writing requirements to ../../build/encoder_device/encoder_device.egg-info/requires.txt
writing top-level names to ../../build/encoder_device/encoder_device.egg-info/top_level.txt
writing manifest file '../../build/encoder_device/encoder_device.egg-info/SOURCES.txt'
reading manifest file '../../build/encoder_device/encoder_device.egg-info/SOURCES.txt'
writing manifest file '../../build/encoder_device/encoder_device.egg-info/SOURCES.txt'
running build
running build_py
creating /home/matheus/thesis_ws/build/encoder_device/build
creating /home/matheus/thesis_ws/build/encoder_device/build/lib
creating /home/matheus/thesis_ws/build/encoder_device/build/lib/encoder_device
copying encoder_device/__init__.py -> /home/matheus/thesis_ws/build/encoder_device/build/lib/encoder_device
running install
running install_lib
creating /home/matheus/thesis_ws/install/encoder_device/lib/python3.10/site-packages/encoder_device
copying /home/matheus/thesis_ws/build/encoder_device/build/lib/encoder_device/__init__.py -> /home/matheus/thesis_ws/install/encoder_device/lib/python3.10/site-packages/encoder_device
byte-compiling /home/matheus/thesis_ws/install/encoder_device/lib/python3.10/site-packages/encoder_device/__init__.py to __init__.cpython-310.pyc
running install_data
creating /home/matheus/thesis_ws/install/encoder_device/share/ament_index
creating /home/matheus/thesis_ws/install/encoder_device/share/ament_index/resource_index
creating /home/matheus/thesis_ws/install/encoder_device/share/ament_index/resource_index/packages
copying resource/encoder_device -> /home/matheus/thesis_ws/install/encoder_device/share/ament_index/resource_index/packages
copying package.xml -> /home/matheus/thesis_ws/install/encoder_device/share/encoder_device
running install_egg_info
Copying ../../build/encoder_device/encoder_device.egg-info to /home/matheus/thesis_ws/install/encoder_device/lib/python3.10/site-packages/encoder_device-0.0.0-py3.10.egg-info
running install_scripts
writing list of installed files to '/home/matheus/thesis_ws/build/encoder_device/install.log'
