running egg_info
creating ../../build/hal_device_manager/hal_device_manager.egg-info
writing ../../build/hal_device_manager/hal_device_manager.egg-info/PKG-INFO
writing dependency_links to ../../build/hal_device_manager/hal_device_manager.egg-info/dependency_links.txt
writing entry points to ../../build/hal_device_manager/hal_device_manager.egg-info/entry_points.txt
writing requirements to ../../build/hal_device_manager/hal_device_manager.egg-info/requires.txt
writing top-level names to ../../build/hal_device_manager/hal_device_manager.egg-info/top_level.txt
writing manifest file '../../build/hal_device_manager/hal_device_manager.egg-info/SOURCES.txt'
reading manifest file '../../build/hal_device_manager/hal_device_manager.egg-info/SOURCES.txt'
writing manifest file '../../build/hal_device_manager/hal_device_manager.egg-info/SOURCES.txt'
running build
running build_py
creating /home/matheus/thesis_ws/build/hal_device_manager/build
creating /home/matheus/thesis_ws/build/hal_device_manager/build/lib
creating /home/matheus/thesis_ws/build/hal_device_manager/build/lib/hal_device_manager
copying hal_device_manager/device_manager_node.py -> /home/matheus/thesis_ws/build/hal_device_manager/build/lib/hal_device_manager
copying hal_device_manager/__init__.py -> /home/matheus/thesis_ws/build/hal_device_manager/build/lib/hal_device_manager
running install
running install_lib
creating /home/matheus/thesis_ws/install/hal_device_manager/lib/python3.10/site-packages/hal_device_manager
copying /home/matheus/thesis_ws/build/hal_device_manager/build/lib/hal_device_manager/device_manager_node.py -> /home/matheus/thesis_ws/install/hal_device_manager/lib/python3.10/site-packages/hal_device_manager
copying /home/matheus/thesis_ws/build/hal_device_manager/build/lib/hal_device_manager/__init__.py -> /home/matheus/thesis_ws/install/hal_device_manager/lib/python3.10/site-packages/hal_device_manager
byte-compiling /home/matheus/thesis_ws/install/hal_device_manager/lib/python3.10/site-packages/hal_device_manager/device_manager_node.py to device_manager_node.cpython-310.pyc
byte-compiling /home/matheus/thesis_ws/install/hal_device_manager/lib/python3.10/site-packages/hal_device_manager/__init__.py to __init__.cpython-310.pyc
running install_data
creating /home/matheus/thesis_ws/install/hal_device_manager/share/ament_index
creating /home/matheus/thesis_ws/install/hal_device_manager/share/ament_index/resource_index
creating /home/matheus/thesis_ws/install/hal_device_manager/share/ament_index/resource_index/packages
copying resource/hal_device_manager -> /home/matheus/thesis_ws/install/hal_device_manager/share/ament_index/resource_index/packages
copying package.xml -> /home/matheus/thesis_ws/install/hal_device_manager/share/hal_device_manager
running install_egg_info
Copying ../../build/hal_device_manager/hal_device_manager.egg-info to /home/matheus/thesis_ws/install/hal_device_manager/lib/python3.10/site-packages/hal_device_manager-0.0.0-py3.10.egg-info
running install_scripts
Installing device_manager_node script to /home/matheus/thesis_ws/install/hal_device_manager/lib/hal_device_manager
writing list of installed files to '/home/matheus/thesis_ws/build/hal_device_manager/install.log'
