[3.387s] Invoking command in '/home/matheus/thesis_ws/src/controller_guidao': PYTHONPATH=/home/matheus/thesis_ws/build/controller_guidao/prefix_override:/usr/lib/python3/dist-packages/colcon_core/task/python/colcon_distutils_commands:/home/matheus/thesis_ws/install/controller_guidao/lib/python3.10/site-packages:${PYTHONPATH} /usr/bin/python3 -W ignore:setup.py install is deprecated -W ignore:easy_install command is deprecated setup.py egg_info --egg-base ../../build/controller_guidao build --build-base /home/matheus/thesis_ws/build/controller_guidao/build install --record /home/matheus/thesis_ws/build/controller_guidao/install.log --install-scripts $base/lib/controller_guidao --single-version-externally-managed install_data
[3.918s] running egg_info
[3.918s] writing ../../build/controller_guidao/controller_guidao.egg-info/PKG-INFO
[3.920s] writing dependency_links to ../../build/controller_guidao/controller_guidao.egg-info/dependency_links.txt
[3.921s] writing entry points to ../../build/controller_guidao/controller_guidao.egg-info/entry_points.txt
[3.921s] writing requirements to ../../build/controller_guidao/controller_guidao.egg-info/requires.txt
[3.921s] writing top-level names to ../../build/controller_guidao/controller_guidao.egg-info/top_level.txt
[3.923s] reading manifest file '../../build/controller_guidao/controller_guidao.egg-info/SOURCES.txt'
[3.924s] writing manifest file '../../build/controller_guidao/controller_guidao.egg-info/SOURCES.txt'
[3.924s] running build
[3.924s] running build_py
[3.924s] running install
[3.924s] running install_lib
[3.926s] running install_data
[3.926s] running install_egg_info
[3.933s] removing '/home/matheus/thesis_ws/install/controller_guidao/lib/python3.10/site-packages/controller_guidao-0.0.0-py3.10.egg-info' (and everything under it)
[3.935s] Copying ../../build/controller_guidao/controller_guidao.egg-info to /home/matheus/thesis_ws/install/controller_guidao/lib/python3.10/site-packages/controller_guidao-0.0.0-py3.10.egg-info
[3.941s] running install_scripts
[4.070s] Installing controller_guidao_node script to /home/matheus/thesis_ws/install/controller_guidao/lib/controller_guidao
[4.071s] writing list of installed files to '/home/matheus/thesis_ws/build/controller_guidao/install.log'
[4.097s] Invoked command in '/home/matheus/thesis_ws/src/controller_guidao' returned '0': PYTHONPATH=/home/matheus/thesis_ws/build/controller_guidao/prefix_override:/usr/lib/python3/dist-packages/colcon_core/task/python/colcon_distutils_commands:/home/matheus/thesis_ws/install/controller_guidao/lib/python3.10/site-packages:${PYTHONPATH} /usr/bin/python3 -W ignore:setup.py install is deprecated -W ignore:easy_install command is deprecated setup.py egg_info --egg-base ../../build/controller_guidao build --build-base /home/matheus/thesis_ws/build/controller_guidao/build install --record /home/matheus/thesis_ws/build/controller_guidao/install.log --install-scripts $base/lib/controller_guidao --single-version-externally-managed install_data
