[5.072s] Invoking command in '/home/matheus/thesis_ws/build/thesis_interfaces': CMAKE_PREFIX_PATH=${CMAKE_PREFIX_PATH}:/home/matheus/thesis_ws/install/hal_signal_processing:/home/matheus/thesis_ws/install/hal_device_manager:/home/matheus/thesis_ws/install/game_unity_bridge:/home/matheus/thesis_ws/install/game_session:/home/matheus/thesis_ws/install/game_input_mapping:/home/matheus/thesis_ws/install/encoder_guidao:/home/matheus/thesis_ws/install/encoder_device:/home/matheus/thesis_ws/install/data_logger:/home/matheus/thesis_ws/install/controller_guidao:/home/matheus/Desktop/TestesROS2/ros_unity_ws/install/ros_tcp_endpoint:/opt/ros/humble /usr/bin/cmake --build /home/matheus/thesis_ws/build/thesis_interfaces -- -j12 -l12
[5.165s] Invoked command in '/home/matheus/thesis_ws/build/thesis_interfaces' returned '0': CMAKE_PREFIX_PATH=${CMAKE_PREFIX_PATH}:/home/matheus/thesis_ws/install/hal_signal_processing:/home/matheus/thesis_ws/install/hal_device_manager:/home/matheus/thesis_ws/install/game_unity_bridge:/home/matheus/thesis_ws/install/game_session:/home/matheus/thesis_ws/install/game_input_mapping:/home/matheus/thesis_ws/install/encoder_guidao:/home/matheus/thesis_ws/install/encoder_device:/home/matheus/thesis_ws/install/data_logger:/home/matheus/thesis_ws/install/controller_guidao:/home/matheus/Desktop/TestesROS2/ros_unity_ws/install/ros_tcp_endpoint:/opt/ros/humble /usr/bin/cmake --build /home/matheus/thesis_ws/build/thesis_interfaces -- -j12 -l12
[5.169s] Invoking command in '/home/matheus/thesis_ws/build/thesis_interfaces': CMAKE_PREFIX_PATH=${CMAKE_PREFIX_PATH}:/home/matheus/thesis_ws/install/hal_signal_processing:/home/matheus/thesis_ws/install/hal_device_manager:/home/matheus/thesis_ws/install/game_unity_bridge:/home/matheus/thesis_ws/install/game_session:/home/matheus/thesis_ws/install/game_input_mapping:/home/matheus/thesis_ws/install/encoder_guidao:/home/matheus/thesis_ws/install/encoder_device:/home/matheus/thesis_ws/install/data_logger:/home/matheus/thesis_ws/install/controller_guidao:/home/matheus/Desktop/TestesROS2/ros_unity_ws/install/ros_tcp_endpoint:/opt/ros/humble /usr/bin/cmake --install /home/matheus/thesis_ws/build/thesis_interfaces
[5.190s] -- Install configuration: ""
[5.191s] -- Up-to-date: /home/matheus/thesis_ws/install/thesis_interfaces/share/ament_index/resource_index/package_run_dependencies/thesis_interfaces
[5.191s] -- Up-to-date: /home/matheus/thesis_ws/install/thesis_interfaces/share/ament_index/resource_index/parent_prefix_path/thesis_interfaces
[5.191s] -- Up-to-date: /home/matheus/thesis_ws/install/thesis_interfaces/share/thesis_interfaces/environment/ament_prefix_path.sh
[5.192s] -- Up-to-date: /home/matheus/thesis_ws/install/thesis_interfaces/share/thesis_interfaces/environment/ament_prefix_path.dsv
[5.192s] -- Up-to-date: /home/matheus/thesis_ws/install/thesis_interfaces/share/thesis_interfaces/environment/path.sh
[5.192s] -- Up-to-date: /home/matheus/thesis_ws/install/thesis_interfaces/share/thesis_interfaces/environment/path.dsv
[5.193s] -- Up-to-date: /home/matheus/thesis_ws/install/thesis_interfaces/share/thesis_interfaces/local_setup.bash
[5.193s] -- Up-to-date: /home/matheus/thesis_ws/install/thesis_interfaces/share/thesis_interfaces/local_setup.sh
[5.193s] -- Up-to-date: /home/matheus/thesis_ws/install/thesis_interfaces/share/thesis_interfaces/local_setup.zsh
[5.193s] -- Up-to-date: /home/matheus/thesis_ws/install/thesis_interfaces/share/thesis_interfaces/local_setup.dsv
[5.193s] -- Installing: /home/matheus/thesis_ws/install/thesis_interfaces/share/thesis_interfaces/package.dsv
[5.194s] -- Up-to-date: /home/matheus/thesis_ws/install/thesis_interfaces/share/ament_index/resource_index/packages/thesis_interfaces
[5.194s] -- Up-to-date: /home/matheus/thesis_ws/install/thesis_interfaces/share/thesis_interfaces/cmake/thesis_interfacesConfig.cmake
[5.194s] -- Up-to-date: /home/matheus/thesis_ws/install/thesis_interfaces/share/thesis_interfaces/cmake/thesis_interfacesConfig-version.cmake
[5.196s] -- Up-to-date: /home/matheus/thesis_ws/install/thesis_interfaces/share/thesis_interfaces/package.xml
[5.197s] Invoked command in '/home/matheus/thesis_ws/build/thesis_interfaces' returned '0': CMAKE_PREFIX_PATH=${CMAKE_PREFIX_PATH}:/home/matheus/thesis_ws/install/hal_signal_processing:/home/matheus/thesis_ws/install/hal_device_manager:/home/matheus/thesis_ws/install/game_unity_bridge:/home/matheus/thesis_ws/install/game_session:/home/matheus/thesis_ws/install/game_input_mapping:/home/matheus/thesis_ws/install/encoder_guidao:/home/matheus/thesis_ws/install/encoder_device:/home/matheus/thesis_ws/install/data_logger:/home/matheus/thesis_ws/install/controller_guidao:/home/matheus/Desktop/TestesROS2/ros_unity_ws/install/ros_tcp_endpoint:/opt/ros/humble /usr/bin/cmake --install /home/matheus/thesis_ws/build/thesis_interfaces
