[4.803s] Invoking command in '/home/matheus/thesis_ws/src/encoder_device': PYTHONPATH=/home/matheus/thesis_ws/build/encoder_device/prefix_override:/usr/lib/python3/dist-packages/colcon_core/task/python/colcon_distutils_commands:/home/matheus/thesis_ws/install/encoder_device/lib/python3.10/site-packages:${PYTHONPATH} /usr/bin/python3 -W ignore:setup.py install is deprecated -W ignore:easy_install command is deprecated setup.py egg_info --egg-base ../../build/encoder_device build --build-base /home/matheus/thesis_ws/build/encoder_device/build install --record /home/matheus/thesis_ws/build/encoder_device/install.log --install-scripts $base/lib/encoder_device --single-version-externally-managed install_data
[5.626s] running egg_info
[5.627s] writing ../../build/encoder_device/encoder_device.egg-info/PKG-INFO
[5.638s] writing dependency_links to ../../build/encoder_device/encoder_device.egg-info/dependency_links.txt
[5.639s] writing entry points to ../../build/encoder_device/encoder_device.egg-info/entry_points.txt
[5.639s] writing requirements to ../../build/encoder_device/encoder_device.egg-info/requires.txt
[5.639s] writing top-level names to ../../build/encoder_device/encoder_device.egg-info/top_level.txt
[5.658s] reading manifest file '../../build/encoder_device/encoder_device.egg-info/SOURCES.txt'
[5.676s] writing manifest file '../../build/encoder_device/encoder_device.egg-info/SOURCES.txt'
[5.678s] running build
[5.679s] running build_py
[5.690s] running install
[5.695s] running install_lib
[5.704s] running install_data
[5.717s] running install_egg_info
[5.732s] removing '/home/matheus/thesis_ws/install/encoder_device/lib/python3.10/site-packages/encoder_device-0.0.0-py3.10.egg-info' (and everything under it)
[5.736s] Copying ../../build/encoder_device/encoder_device.egg-info to /home/matheus/thesis_ws/install/encoder_device/lib/python3.10/site-packages/encoder_device-0.0.0-py3.10.egg-info
[5.749s] running install_scripts
[5.768s] writing list of installed files to '/home/matheus/thesis_ws/build/encoder_device/install.log'
[5.812s] Invoked command in '/home/matheus/thesis_ws/src/encoder_device' returned '0': PYTHONPATH=/home/matheus/thesis_ws/build/encoder_device/prefix_override:/usr/lib/python3/dist-packages/colcon_core/task/python/colcon_distutils_commands:/home/matheus/thesis_ws/install/encoder_device/lib/python3.10/site-packages:${PYTHONPATH} /usr/bin/python3 -W ignore:setup.py install is deprecated -W ignore:easy_install command is deprecated setup.py egg_info --egg-base ../../build/encoder_device build --build-base /home/matheus/thesis_ws/build/encoder_device/build install --record /home/matheus/thesis_ws/build/encoder_device/install.log --install-scripts $base/lib/encoder_device --single-version-externally-managed install_data
