[6.805s] Invoking command in '/home/matheus/thesis_ws/src/controller_guidao': PYTHONPATH=/home/matheus/thesis_ws/build/controller_guidao/prefix_override:/usr/lib/python3/dist-packages/colcon_core/task/python/colcon_distutils_commands:/home/matheus/thesis_ws/install/controller_guidao/lib/python3.10/site-packages:${PYTHONPATH} /usr/bin/python3 -W ignore:setup.py install is deprecated -W ignore:easy_install command is deprecated setup.py egg_info --egg-base ../../build/controller_guidao build --build-base /home/matheus/thesis_ws/build/controller_guidao/build install --record /home/matheus/thesis_ws/build/controller_guidao/install.log --install-scripts $base/lib/controller_guidao --single-version-externally-managed install_data
[7.835s] running egg_info
[7.838s] writing ../../build/controller_guidao/controller_guidao.egg-info/PKG-INFO
[7.839s] writing dependency_links to ../../build/controller_guidao/controller_guidao.egg-info/dependency_links.txt
[7.839s] writing entry points to ../../build/controller_guidao/controller_guidao.egg-info/entry_points.txt
[7.840s] writing requirements to ../../build/controller_guidao/controller_guidao.egg-info/requires.txt
[7.841s] writing top-level names to ../../build/controller_guidao/controller_guidao.egg-info/top_level.txt
[7.868s] reading manifest file '../../build/controller_guidao/controller_guidao.egg-info/SOURCES.txt'
[7.877s] writing manifest file '../../build/controller_guidao/controller_guidao.egg-info/SOURCES.txt'
[7.878s] running build
[7.879s] running build_py
[7.880s] running install
[7.880s] running install_lib
[7.886s] running install_data
[7.887s] running install_egg_info
[7.892s] removing '/home/matheus/thesis_ws/install/controller_guidao/lib/python3.10/site-packages/controller_guidao-0.0.0-py3.10.egg-info' (and everything under it)
[7.893s] Copying ../../build/controller_guidao/controller_guidao.egg-info to /home/matheus/thesis_ws/install/controller_guidao/lib/python3.10/site-packages/controller_guidao-0.0.0-py3.10.egg-info
[7.896s] running install_scripts
[7.973s] Installing controller_guidao_node script to /home/matheus/thesis_ws/install/controller_guidao/lib/controller_guidao
[7.974s] writing list of installed files to '/home/matheus/thesis_ws/build/controller_guidao/install.log'
[8.051s] Invoked command in '/home/matheus/thesis_ws/src/controller_guidao' returned '0': PYTHONPATH=/home/matheus/thesis_ws/build/controller_guidao/prefix_override:/usr/lib/python3/dist-packages/colcon_core/task/python/colcon_distutils_commands:/home/matheus/thesis_ws/install/controller_guidao/lib/python3.10/site-packages:${PYTHONPATH} /usr/bin/python3 -W ignore:setup.py install is deprecated -W ignore:easy_install command is deprecated setup.py egg_info --egg-base ../../build/controller_guidao build --build-base /home/matheus/thesis_ws/build/controller_guidao/build install --record /home/matheus/thesis_ws/build/controller_guidao/install.log --install-scripts $base/lib/controller_guidao --single-version-externally-managed install_data
