[7.073s] Invoking command in '/home/matheus/thesis_ws/src/encoder_guidao': PYTHONPATH=/home/matheus/thesis_ws/build/encoder_guidao/prefix_override:/usr/lib/python3/dist-packages/colcon_core/task/python/colcon_distutils_commands:/home/matheus/thesis_ws/install/encoder_guidao/lib/python3.10/site-packages:${PYTHONPATH} /usr/bin/python3 -W ignore:setup.py install is deprecated -W ignore:easy_install command is deprecated setup.py egg_info --egg-base ../../build/encoder_guidao build --build-base /home/matheus/thesis_ws/build/encoder_guidao/build install --record /home/matheus/thesis_ws/build/encoder_guidao/install.log --install-scripts $base/lib/encoder_guidao --single-version-externally-managed install_data
[8.094s] running egg_info
[8.096s] writing ../../build/encoder_guidao/encoder_guidao.egg-info/PKG-INFO
[8.097s] writing dependency_links to ../../build/encoder_guidao/encoder_guidao.egg-info/dependency_links.txt
[8.100s] writing entry points to ../../build/encoder_guidao/encoder_guidao.egg-info/entry_points.txt
[8.101s] writing requirements to ../../build/encoder_guidao/encoder_guidao.egg-info/requires.txt
[8.102s] writing top-level names to ../../build/encoder_guidao/encoder_guidao.egg-info/top_level.txt
[8.105s] reading manifest file '../../build/encoder_guidao/encoder_guidao.egg-info/SOURCES.txt'
[8.107s] writing manifest file '../../build/encoder_guidao/encoder_guidao.egg-info/SOURCES.txt'
[8.107s] running build
[8.107s] running build_py
[8.108s] copying encoder_guidao/encoder_guidao_node.py -> /home/matheus/thesis_ws/build/encoder_guidao/build/lib/encoder_guidao
[8.108s] running install
[8.109s] running install_lib
[8.110s] copying /home/matheus/thesis_ws/build/encoder_guidao/build/lib/encoder_guidao/encoder_guidao_node.py -> /home/matheus/thesis_ws/install/encoder_guidao/lib/python3.10/site-packages/encoder_guidao
[8.113s] byte-compiling /home/matheus/thesis_ws/install/encoder_guidao/lib/python3.10/site-packages/encoder_guidao/encoder_guidao_node.py to encoder_guidao_node.cpython-310.pyc
[8.117s] running install_data
[8.117s] running install_egg_info
[8.121s] removing '/home/matheus/thesis_ws/install/encoder_guidao/lib/python3.10/site-packages/encoder_guidao-0.0.0-py3.10.egg-info' (and everything under it)
[8.122s] Copying ../../build/encoder_guidao/encoder_guidao.egg-info to /home/matheus/thesis_ws/install/encoder_guidao/lib/python3.10/site-packages/encoder_guidao-0.0.0-py3.10.egg-info
[8.123s] running install_scripts
[8.167s] Installing encoder_guidao_node script to /home/matheus/thesis_ws/install/encoder_guidao/lib/encoder_guidao
[8.168s] writing list of installed files to '/home/matheus/thesis_ws/build/encoder_guidao/install.log'
[8.283s] Invoked command in '/home/matheus/thesis_ws/src/encoder_guidao' returned '0': PYTHONPATH=/home/matheus/thesis_ws/build/encoder_guidao/prefix_override:/usr/lib/python3/dist-packages/colcon_core/task/python/colcon_distutils_commands:/home/matheus/thesis_ws/install/encoder_guidao/lib/python3.10/site-packages:${PYTHONPATH} /usr/bin/python3 -W ignore:setup.py install is deprecated -W ignore:easy_install command is deprecated setup.py egg_info --egg-base ../../build/encoder_guidao build --build-base /home/matheus/thesis_ws/build/encoder_guidao/build install --record /home/matheus/thesis_ws/build/encoder_guidao/install.log --install-scripts $base/lib/encoder_guidao --single-version-externally-managed install_data
