[6.867s] Invoking command in '/home/matheus/thesis_ws/src/game_input_mapping': PYTHONPATH=/home/matheus/thesis_ws/build/game_input_mapping/prefix_override:/usr/lib/python3/dist-packages/colcon_core/task/python/colcon_distutils_commands:/home/matheus/thesis_ws/install/game_input_mapping/lib/python3.10/site-packages:${PYTHONPATH} /usr/bin/python3 -W ignore:setup.py install is deprecated -W ignore:easy_install command is deprecated setup.py egg_info --egg-base ../../build/game_input_mapping build --build-base /home/matheus/thesis_ws/build/game_input_mapping/build install --record /home/matheus/thesis_ws/build/game_input_mapping/install.log --install-scripts $base/lib/game_input_mapping --single-version-externally-managed install_data
[7.671s] running egg_info
[7.673s] writing ../../build/game_input_mapping/game_input_mapping.egg-info/PKG-INFO
[7.673s] writing dependency_links to ../../build/game_input_mapping/game_input_mapping.egg-info/dependency_links.txt
[7.674s] writing entry points to ../../build/game_input_mapping/game_input_mapping.egg-info/entry_points.txt
[7.674s] writing requirements to ../../build/game_input_mapping/game_input_mapping.egg-info/requires.txt
[7.674s] writing top-level names to ../../build/game_input_mapping/game_input_mapping.egg-info/top_level.txt
[7.677s] reading manifest file '../../build/game_input_mapping/game_input_mapping.egg-info/SOURCES.txt'
[7.679s] writing manifest file '../../build/game_input_mapping/game_input_mapping.egg-info/SOURCES.txt'
[7.679s] running build
[7.679s] running build_py
[7.680s] running install
[7.680s] running install_lib
[7.682s] running install_data
[7.682s] running install_egg_info
[7.686s] removing '/home/matheus/thesis_ws/install/game_input_mapping/lib/python3.10/site-packages/game_input_mapping-0.0.0-py3.10.egg-info' (and everything under it)
[7.686s] Copying ../../build/game_input_mapping/game_input_mapping.egg-info to /home/matheus/thesis_ws/install/game_input_mapping/lib/python3.10/site-packages/game_input_mapping-0.0.0-py3.10.egg-info
[7.687s] running install_scripts
[7.729s] writing list of installed files to '/home/matheus/thesis_ws/build/game_input_mapping/install.log'
[7.818s] Invoked command in '/home/matheus/thesis_ws/src/game_input_mapping' returned '0': PYTHONPATH=/home/matheus/thesis_ws/build/game_input_mapping/prefix_override:/usr/lib/python3/dist-packages/colcon_core/task/python/colcon_distutils_commands:/home/matheus/thesis_ws/install/game_input_mapping/lib/python3.10/site-packages:${PYTHONPATH} /usr/bin/python3 -W ignore:setup.py install is deprecated -W ignore:easy_install command is deprecated setup.py egg_info --egg-base ../../build/game_input_mapping build --build-base /home/matheus/thesis_ws/build/game_input_mapping/build install --record /home/matheus/thesis_ws/build/game_input_mapping/install.log --install-scripts $base/lib/game_input_mapping --single-version-externally-managed install_data
