[2.420s] Invoking command in '/home/matheus/thesis_ws/src/encoder_guidao': PYTHONPATH=/home/matheus/thesis_ws/build/encoder_guidao/prefix_override:/usr/lib/python3/dist-packages/colcon_core/task/python/colcon_distutils_commands:/home/matheus/thesis_ws/install/encoder_guidao/lib/python3.10/site-packages:${PYTHONPATH} /usr/bin/python3 -W ignore:setup.py install is deprecated -W ignore:easy_install command is deprecated setup.py egg_info --egg-base ../../build/encoder_guidao build --build-base /home/matheus/thesis_ws/build/encoder_guidao/build install --record /home/matheus/thesis_ws/build/encoder_guidao/install.log --install-scripts $base/lib/encoder_guidao --single-version-externally-managed install_data
[2.626s] running egg_info
[2.626s] writing ../../build/encoder_guidao/encoder_guidao.egg-info/PKG-INFO
[2.626s] writing dependency_links to ../../build/encoder_guidao/encoder_guidao.egg-info/dependency_links.txt
[2.627s] writing entry points to ../../build/encoder_guidao/encoder_guidao.egg-info/entry_points.txt
[2.627s] writing requirements to ../../build/encoder_guidao/encoder_guidao.egg-info/requires.txt
[2.627s] writing top-level names to ../../build/encoder_guidao/encoder_guidao.egg-info/top_level.txt
[2.628s] reading manifest file '../../build/encoder_guidao/encoder_guidao.egg-info/SOURCES.txt'
[2.639s] writing manifest file '../../build/encoder_guidao/encoder_guidao.egg-info/SOURCES.txt'
[2.639s] running build
[2.639s] running build_py
[2.639s] running install
[2.640s] running install_lib
[2.641s] running install_data
[2.641s] running install_egg_info
[2.642s] removing '/home/matheus/thesis_ws/install/encoder_guidao/lib/python3.10/site-packages/encoder_guidao-0.0.0-py3.10.egg-info' (and everything under it)
[2.642s] Copying ../../build/encoder_guidao/encoder_guidao.egg-info to /home/matheus/thesis_ws/install/encoder_guidao/lib/python3.10/site-packages/encoder_guidao-0.0.0-py3.10.egg-info
[2.643s] running install_scripts
[2.661s] Installing encoder_guidao_node script to /home/matheus/thesis_ws/install/encoder_guidao/lib/encoder_guidao
[2.661s] writing list of installed files to '/home/matheus/thesis_ws/build/encoder_guidao/install.log'
[2.685s] Invoked command in '/home/matheus/thesis_ws/src/encoder_guidao' returned '0': PYTHONPATH=/home/matheus/thesis_ws/build/encoder_guidao/prefix_override:/usr/lib/python3/dist-packages/colcon_core/task/python/colcon_distutils_commands:/home/matheus/thesis_ws/install/encoder_guidao/lib/python3.10/site-packages:${PYTHONPATH} /usr/bin/python3 -W ignore:setup.py install is deprecated -W ignore:easy_install command is deprecated setup.py egg_info --egg-base ../../build/encoder_guidao build --build-base /home/matheus/thesis_ws/build/encoder_guidao/build install --record /home/matheus/thesis_ws/build/encoder_guidao/install.log --install-scripts $base/lib/encoder_guidao --single-version-externally-managed install_data
