[2.405s] Invoking command in '/home/matheus/thesis_ws/src/encoder_device': PYTHONPATH=/home/matheus/thesis_ws/build/encoder_device/prefix_override:/usr/lib/python3/dist-packages/colcon_core/task/python/colcon_distutils_commands:/home/matheus/thesis_ws/install/encoder_device/lib/python3.10/site-packages:${PYTHONPATH} /usr/bin/python3 -W ignore:setup.py install is deprecated -W ignore:easy_install command is deprecated setup.py egg_info --egg-base ../../build/encoder_device build --build-base /home/matheus/thesis_ws/build/encoder_device/build install --record /home/matheus/thesis_ws/build/encoder_device/install.log --install-scripts $base/lib/encoder_device --single-version-externally-managed install_data
[2.740s] running egg_info
[2.741s] writing ../../build/encoder_device/encoder_device.egg-info/PKG-INFO
[2.742s] writing dependency_links to ../../build/encoder_device/encoder_device.egg-info/dependency_links.txt
[2.742s] writing entry points to ../../build/encoder_device/encoder_device.egg-info/entry_points.txt
[2.742s] writing requirements to ../../build/encoder_device/encoder_device.egg-info/requires.txt
[2.742s] writing top-level names to ../../build/encoder_device/encoder_device.egg-info/top_level.txt
[2.745s] reading manifest file '../../build/encoder_device/encoder_device.egg-info/SOURCES.txt'
[2.746s] writing manifest file '../../build/encoder_device/encoder_device.egg-info/SOURCES.txt'
[2.746s] running build
[2.746s] running build_py
[2.746s] running install
[2.747s] running install_lib
[2.748s] running install_data
[2.748s] running install_egg_info
[2.750s] removing '/home/matheus/thesis_ws/install/encoder_device/lib/python3.10/site-packages/encoder_device-0.0.0-py3.10.egg-info' (and everything under it)
[2.750s] Copying ../../build/encoder_device/encoder_device.egg-info to /home/matheus/thesis_ws/install/encoder_device/lib/python3.10/site-packages/encoder_device-0.0.0-py3.10.egg-info
[2.752s] running install_scripts
[2.778s] writing list of installed files to '/home/matheus/thesis_ws/build/encoder_device/install.log'
[2.815s] Invoked command in '/home/matheus/thesis_ws/src/encoder_device' returned '0': PYTHONPATH=/home/matheus/thesis_ws/build/encoder_device/prefix_override:/usr/lib/python3/dist-packages/colcon_core/task/python/colcon_distutils_commands:/home/matheus/thesis_ws/install/encoder_device/lib/python3.10/site-packages:${PYTHONPATH} /usr/bin/python3 -W ignore:setup.py install is deprecated -W ignore:easy_install command is deprecated setup.py egg_info --egg-base ../../build/encoder_device build --build-base /home/matheus/thesis_ws/build/encoder_device/build install --record /home/matheus/thesis_ws/build/encoder_device/install.log --install-scripts $base/lib/encoder_device --single-version-externally-managed install_data
