[2.365s] Invoking command in '/home/matheus/thesis_ws/src/hal_signal_processing': PYTHONPATH=/home/matheus/thesis_ws/build/hal_signal_processing/prefix_override:/usr/lib/python3/dist-packages/colcon_core/task/python/colcon_distutils_commands:/home/matheus/thesis_ws/install/hal_signal_processing/lib/python3.10/site-packages:${PYTHONPATH} /usr/bin/python3 -W ignore:setup.py install is deprecated -W ignore:easy_install command is deprecated setup.py egg_info --egg-base ../../build/hal_signal_processing build --build-base /home/matheus/thesis_ws/build/hal_signal_processing/build install --record /home/matheus/thesis_ws/build/hal_signal_processing/install.log --install-scripts $base/lib/hal_signal_processing --single-version-externally-managed install_data
[2.694s] running egg_info
[2.696s] writing ../../build/hal_signal_processing/hal_signal_processing.egg-info/PKG-INFO
[2.699s] writing dependency_links to ../../build/hal_signal_processing/hal_signal_processing.egg-info/dependency_links.txt
[2.699s] writing entry points to ../../build/hal_signal_processing/hal_signal_processing.egg-info/entry_points.txt
[2.699s] writing requirements to ../../build/hal_signal_processing/hal_signal_processing.egg-info/requires.txt
[2.699s] writing top-level names to ../../build/hal_signal_processing/hal_signal_processing.egg-info/top_level.txt
[2.701s] reading manifest file '../../build/hal_signal_processing/hal_signal_processing.egg-info/SOURCES.txt'
[2.703s] writing manifest file '../../build/hal_signal_processing/hal_signal_processing.egg-info/SOURCES.txt'
[2.703s] running build
[2.703s] running build_py
[2.704s] running install
[2.704s] running install_lib
[2.705s] running install_data
[2.705s] running install_egg_info
[2.707s] removing '/home/matheus/thesis_ws/install/hal_signal_processing/lib/python3.10/site-packages/hal_signal_processing-0.0.0-py3.10.egg-info' (and everything under it)
[2.708s] Copying ../../build/hal_signal_processing/hal_signal_processing.egg-info to /home/matheus/thesis_ws/install/hal_signal_processing/lib/python3.10/site-packages/hal_signal_processing-0.0.0-py3.10.egg-info
[2.714s] running install_scripts
[2.728s] Installing signal_processing_node script to /home/matheus/thesis_ws/install/hal_signal_processing/lib/hal_signal_processing
[2.728s] writing list of installed files to '/home/matheus/thesis_ws/build/hal_signal_processing/install.log'
[2.758s] Invoked command in '/home/matheus/thesis_ws/src/hal_signal_processing' returned '0': PYTHONPATH=/home/matheus/thesis_ws/build/hal_signal_processing/prefix_override:/usr/lib/python3/dist-packages/colcon_core/task/python/colcon_distutils_commands:/home/matheus/thesis_ws/install/hal_signal_processing/lib/python3.10/site-packages:${PYTHONPATH} /usr/bin/python3 -W ignore:setup.py install is deprecated -W ignore:easy_install command is deprecated setup.py egg_info --egg-base ../../build/hal_signal_processing build --build-base /home/matheus/thesis_ws/build/hal_signal_processing/build install --record /home/matheus/thesis_ws/build/hal_signal_processing/install.log --install-scripts $base/lib/hal_signal_processing --single-version-externally-managed install_data
