[1.555s] Invoking command in '/home/matheus/thesis_ws/build/hal_interfaces': CMAKE_PREFIX_PATH=${CMAKE_PREFIX_PATH}:/home/matheus/thesis_ws/install/hal_signal_processing:/home/matheus/thesis_ws/install/hal_device_manager:/home/matheus/thesis_ws/install/game_unity_bridge:/home/matheus/thesis_ws/install/game_session:/home/matheus/thesis_ws/install/game_input_mapping:/home/matheus/thesis_ws/install/encoder_guidao:/home/matheus/thesis_ws/install/encoder_device:/home/matheus/thesis_ws/install/data_logger:/home/matheus/Desktop/TestesROS2/ros_unity_ws/install/ros_tcp_endpoint:/opt/ros/humble /usr/bin/cmake --build /home/matheus/thesis_ws/build/hal_interfaces -- -j12 -l12
[1.853s] [  3%] Built target hal_interfaces__cpp
[1.861s] [  6%] Built target hal_interfaces__rs
[1.900s] [ 15%] Built target hal_interfaces__rosidl_generator_c
[1.908s] [ 15%] Built target ament_cmake_python_copy_hal_interfaces
[1.967s] [ 25%] Built target hal_interfaces__rosidl_typesupport_introspection_c
[1.967s] [ 34%] Built target hal_interfaces__rosidl_typesupport_c
[1.992s] [ 43%] Built target hal_interfaces__rosidl_typesupport_cpp
[1.992s] [ 53%] Built target hal_interfaces__rosidl_typesupport_introspection_cpp
[2.001s] [ 71%] Built target hal_interfaces__rosidl_typesupport_fastrtps_c
[2.001s] [ 71%] Built target hal_interfaces__rosidl_typesupport_fastrtps_cpp
[2.039s] [ 71%] Built target hal_interfaces
[2.084s] [ 75%] Built target hal_interfaces__py
[2.194s] running egg_info
[2.195s] writing hal_interfaces.egg-info/PKG-INFO
[2.195s] writing dependency_links to hal_interfaces.egg-info/dependency_links.txt
[2.195s] writing top-level names to hal_interfaces.egg-info/top_level.txt
[2.199s] [ 81%] Built target hal_interfaces__rosidl_generator_py
[2.214s] reading manifest file 'hal_interfaces.egg-info/SOURCES.txt'
[2.217s] writing manifest file 'hal_interfaces.egg-info/SOURCES.txt'
[2.249s] [ 81%] Built target ament_cmake_python_build_hal_interfaces_egg
[2.252s] [ 87%] Built target hal_interfaces__rosidl_typesupport_introspection_c__pyext
[2.254s] [ 93%] Built target hal_interfaces__rosidl_typesupport_c__pyext
[2.255s] [100%] Built target hal_interfaces__rosidl_typesupport_fastrtps_c__pyext
[2.264s] Invoked command in '/home/matheus/thesis_ws/build/hal_interfaces' returned '0': CMAKE_PREFIX_PATH=${CMAKE_PREFIX_PATH}:/home/matheus/thesis_ws/install/hal_signal_processing:/home/matheus/thesis_ws/install/hal_device_manager:/home/matheus/thesis_ws/install/game_unity_bridge:/home/matheus/thesis_ws/install/game_session:/home/matheus/thesis_ws/install/game_input_mapping:/home/matheus/thesis_ws/install/encoder_guidao:/home/matheus/thesis_ws/install/encoder_device:/home/matheus/thesis_ws/install/data_logger:/home/matheus/Desktop/TestesROS2/ros_unity_ws/install/ros_tcp_endpoint:/opt/ros/humble /usr/bin/cmake --build /home/matheus/thesis_ws/build/hal_interfaces -- -j12 -l12
[2.286s] Invoking command in '/home/matheus/thesis_ws/build/hal_interfaces': CMAKE_PREFIX_PATH=${CMAKE_PREFIX_PATH}:/home/matheus/thesis_ws/install/hal_signal_processing:/home/matheus/thesis_ws/install/hal_device_manager:/home/matheus/thesis_ws/install/game_unity_bridge:/home/matheus/thesis_ws/install/game_session:/home/matheus/thesis_ws/install/game_input_mapping:/home/matheus/thesis_ws/install/encoder_guidao:/home/matheus/thesis_ws/install/encoder_device:/home/matheus/thesis_ws/install/data_logger:/home/matheus/Desktop/TestesROS2/ros_unity_ws/install/ros_tcp_endpoint:/opt/ros/humble /usr/bin/cmake --install /home/matheus/thesis_ws/build/hal_interfaces
[2.310s] -- Install configuration: ""
[2.321s] -- Up-to-date: /home/matheus/thesis_ws/install/hal_interfaces/share/ament_index/resource_index/rosidl_interfaces/hal_interfaces
[2.322s] -- Up-to-date: /home/matheus/thesis_ws/install/hal_interfaces/include/hal_interfaces/hal_interfaces
[2.322s] -- Up-to-date: /home/matheus/thesis_ws/install/hal_interfaces/include/hal_interfaces/hal_interfaces/msg
[2.323s] -- Up-to-date: /home/matheus/thesis_ws/install/hal_interfaces/include/hal_interfaces/hal_interfaces/msg/rosidl_generator_c__visibility_control.h
[2.323s] -- Up-to-date: /home/matheus/thesis_ws/install/hal_interfaces/include/hal_interfaces/hal_interfaces/srv
[2.324s] -- Up-to-date: /home/matheus/thesis_ws/install/hal_interfaces/include/hal_interfaces/hal_interfaces/srv/set_string.h
[2.324s] -- Up-to-date: /home/matheus/thesis_ws/install/hal_interfaces/include/hal_interfaces/hal_interfaces/srv/detail
[2.325s] -- Up-to-date: /home/matheus/thesis_ws/install/hal_interfaces/include/hal_interfaces/hal_interfaces/srv/detail/set_string__struct.h
[2.325s] -- Up-to-date: /home/matheus/thesis_ws/install/hal_interfaces/include/hal_interfaces/hal_interfaces/srv/detail/set_string__functions.h
[2.325s] -- Up-to-date: /home/matheus/thesis_ws/install/hal_interfaces/include/hal_interfaces/hal_interfaces/srv/detail/set_string__type_support.h
[2.325s] -- Up-to-date: /home/matheus/thesis_ws/install/hal_interfaces/include/hal_interfaces/hal_interfaces/srv/detail/set_string__functions.c
[2.326s] -- Up-to-date: /home/matheus/thesis_ws/install/hal_interfaces/share/hal_interfaces/environment/library_path.sh
[2.326s] -- Up-to-date: /home/matheus/thesis_ws/install/hal_interfaces/share/hal_interfaces/environment/library_path.dsv
[2.333s] -- Up-to-date: /home/matheus/thesis_ws/install/hal_interfaces/lib/libhal_interfaces__rosidl_generator_c.so
[2.333s] -- Up-to-date: /home/matheus/thesis_ws/install/hal_interfaces/include/hal_interfaces/hal_interfaces
[2.334s] -- Up-to-date: /home/matheus/thesis_ws/install/hal_interfaces/include/hal_interfaces/hal_interfaces/msg
[2.334s] -- Up-to-date: /home/matheus/thesis_ws/install/hal_interfaces/include/hal_interfaces/hal_interfaces/msg/rosidl_typesupport_fastrtps_c__visibility_control.h
[2.334s] -- Up-to-date: /home/matheus/thesis_ws/install/hal_interfaces/include/hal_interfaces/hal_interfaces/srv
[2.334s] -- Up-to-date: /home/matheus/thesis_ws/install/hal_interfaces/include/hal_interfaces/hal_interfaces/srv/detail
[2.335s] -- Up-to-date: /home/matheus/thesis_ws/install/hal_interfaces/include/hal_interfaces/hal_interfaces/srv/detail/set_string__rosidl_typesupport_fastrtps_c.h
[2.350s] -- Up-to-date: /home/matheus/thesis_ws/install/hal_interfaces/lib/libhal_interfaces__rosidl_typesupport_fastrtps_c.so
[2.351s] -- Up-to-date: /home/matheus/thesis_ws/install/hal_interfaces/include/hal_interfaces/hal_interfaces
[2.351s] -- Up-to-date: /home/matheus/thesis_ws/install/hal_interfaces/include/hal_interfaces/hal_interfaces/msg
[2.352s] -- Up-to-date: /home/matheus/thesis_ws/install/hal_interfaces/include/hal_interfaces/hal_interfaces/msg/rosidl_typesupport_introspection_c__visibility_control.h
[2.352s] -- Up-to-date: /home/matheus/thesis_ws/install/hal_interfaces/include/hal_interfaces/hal_interfaces/srv
[2.352s] -- Up-to-date: /home/matheus/thesis_ws/install/hal_interfaces/include/hal_interfaces/hal_interfaces/srv/detail
[2.352s] -- Up-to-date: /home/matheus/thesis_ws/install/hal_interfaces/include/hal_interfaces/hal_interfaces/srv/detail/set_string__type_support.c
[2.352s] -- Up-to-date: /home/matheus/thesis_ws/install/hal_interfaces/include/hal_interfaces/hal_interfaces/srv/detail/set_string__rosidl_typesupport_introspection_c.h
[2.353s] -- Up-to-date: /home/matheus/thesis_ws/install/hal_interfaces/lib/libhal_interfaces__rosidl_typesupport_introspection_c.so
[2.359s] -- Up-to-date: /home/matheus/thesis_ws/install/hal_interfaces/lib/libhal_interfaces__rosidl_typesupport_c.so
[2.359s] -- Up-to-date: /home/matheus/thesis_ws/install/hal_interfaces/include/hal_interfaces/hal_interfaces
[2.360s] -- Up-to-date: /home/matheus/thesis_ws/install/hal_interfaces/include/hal_interfaces/hal_interfaces/msg
[2.360s] -- Up-to-date: /home/matheus/thesis_ws/install/hal_interfaces/include/hal_interfaces/hal_interfaces/msg/rosidl_generator_cpp__visibility_control.hpp
[2.360s] -- Up-to-date: /home/matheus/thesis_ws/install/hal_interfaces/include/hal_interfaces/hal_interfaces/srv
[2.360s] -- Up-to-date: /home/matheus/thesis_ws/install/hal_interfaces/include/hal_interfaces/hal_interfaces/srv/set_string.hpp
[2.361s] -- Up-to-date: /home/matheus/thesis_ws/install/hal_interfaces/include/hal_interfaces/hal_interfaces/srv/detail
[2.361s] -- Up-to-date: /home/matheus/thesis_ws/install/hal_interfaces/include/hal_interfaces/hal_interfaces/srv/detail/set_string__builder.hpp
[2.361s] -- Up-to-date: /home/matheus/thesis_ws/install/hal_interfaces/include/hal_interfaces/hal_interfaces/srv/detail/set_string__struct.hpp
[2.361s] -- Up-to-date: /home/matheus/thesis_ws/install/hal_interfaces/include/hal_interfaces/hal_interfaces/srv/detail/set_string__type_support.hpp
[2.361s] -- Up-to-date: /home/matheus/thesis_ws/install/hal_interfaces/include/hal_interfaces/hal_interfaces/srv/detail/set_string__traits.hpp
[2.362s] -- Up-to-date: /home/matheus/thesis_ws/install/hal_interfaces/include/hal_interfaces/hal_interfaces
[2.362s] -- Up-to-date: /home/matheus/thesis_ws/install/hal_interfaces/include/hal_interfaces/hal_interfaces/msg
[2.362s] -- Up-to-date: /home/matheus/thesis_ws/install/hal_interfaces/include/hal_interfaces/hal_interfaces/msg/rosidl_typesupport_fastrtps_cpp__visibility_control.h
[2.362s] -- Up-to-date: /home/matheus/thesis_ws/install/hal_interfaces/include/hal_interfaces/hal_interfaces/srv
[2.362s] -- Up-to-date: /home/matheus/thesis_ws/install/hal_interfaces/include/hal_interfaces/hal_interfaces/srv/detail
[2.362s] -- Up-to-date: /home/matheus/thesis_ws/install/hal_interfaces/include/hal_interfaces/hal_interfaces/srv/detail/dds_fastrtps
[2.362s] -- Up-to-date: /home/matheus/thesis_ws/install/hal_interfaces/include/hal_interfaces/hal_interfaces/srv/detail/set_string__rosidl_typesupport_fastrtps_cpp.hpp
[2.374s] -- Up-to-date: /home/matheus/thesis_ws/install/hal_interfaces/lib/libhal_interfaces__rosidl_typesupport_fastrtps_cpp.so
[2.375s] -- Up-to-date: /home/matheus/thesis_ws/install/hal_interfaces/include/hal_interfaces/hal_interfaces
[2.375s] -- Up-to-date: /home/matheus/thesis_ws/install/hal_interfaces/include/hal_interfaces/hal_interfaces/srv
[2.375s] -- Up-to-date: /home/matheus/thesis_ws/install/hal_interfaces/include/hal_interfaces/hal_interfaces/srv/detail
[2.375s] -- Up-to-date: /home/matheus/thesis_ws/install/hal_interfaces/include/hal_interfaces/hal_interfaces/srv/detail/set_string__rosidl_typesupport_introspection_cpp.hpp
[2.375s] -- Up-to-date: /home/matheus/thesis_ws/install/hal_interfaces/include/hal_interfaces/hal_interfaces/srv/detail/set_string__type_support.cpp
[2.388s] -- Up-to-date: /home/matheus/thesis_ws/install/hal_interfaces/lib/libhal_interfaces__rosidl_typesupport_introspection_cpp.so
[2.391s] -- Up-to-date: /home/matheus/thesis_ws/install/hal_interfaces/lib/libhal_interfaces__rosidl_typesupport_cpp.so
[2.391s] -- Up-to-date: /home/matheus/thesis_ws/install/hal_interfaces/share/hal_interfaces/environment/pythonpath.sh
[2.392s] -- Up-to-date: /home/matheus/thesis_ws/install/hal_interfaces/share/hal_interfaces/environment/pythonpath.dsv
[2.392s] -- Up-to-date: /home/matheus/thesis_ws/install/hal_interfaces/local/lib/python3.10/dist-packages/hal_interfaces-0.0.0-py3.10.egg-info
[2.392s] -- Installing: /home/matheus/thesis_ws/install/hal_interfaces/local/lib/python3.10/dist-packages/hal_interfaces-0.0.0-py3.10.egg-info/dependency_links.txt
[2.393s] -- Installing: /home/matheus/thesis_ws/install/hal_interfaces/local/lib/python3.10/dist-packages/hal_interfaces-0.0.0-py3.10.egg-info/top_level.txt
[2.393s] -- Installing: /home/matheus/thesis_ws/install/hal_interfaces/local/lib/python3.10/dist-packages/hal_interfaces-0.0.0-py3.10.egg-info/SOURCES.txt
[2.393s] -- Installing: /home/matheus/thesis_ws/install/hal_interfaces/local/lib/python3.10/dist-packages/hal_interfaces-0.0.0-py3.10.egg-info/PKG-INFO
[2.393s] -- Up-to-date: /home/matheus/thesis_ws/install/hal_interfaces/local/lib/python3.10/dist-packages/hal_interfaces
[2.393s] -- Up-to-date: /home/matheus/thesis_ws/install/hal_interfaces/local/lib/python3.10/dist-packages/hal_interfaces/_hal_interfaces_s.ep.rosidl_typesupport_introspection_c.c
[2.394s] -- Up-to-date: /home/matheus/thesis_ws/install/hal_interfaces/local/lib/python3.10/dist-packages/hal_interfaces/srv
[2.394s] -- Up-to-date: /home/matheus/thesis_ws/install/hal_interfaces/local/lib/python3.10/dist-packages/hal_interfaces/srv/_set_string_s.c
[2.394s] -- Up-to-date: /home/matheus/thesis_ws/install/hal_interfaces/local/lib/python3.10/dist-packages/hal_interfaces/srv/_set_string.py
[2.394s] -- Up-to-date: /home/matheus/thesis_ws/install/hal_interfaces/local/lib/python3.10/dist-packages/hal_interfaces/srv/__init__.py
[2.394s] -- Up-to-date: /home/matheus/thesis_ws/install/hal_interfaces/local/lib/python3.10/dist-packages/hal_interfaces/libhal_interfaces__rosidl_generator_py.so
[2.395s] -- Up-to-date: /home/matheus/thesis_ws/install/hal_interfaces/local/lib/python3.10/dist-packages/hal_interfaces/_hal_interfaces_s.ep.rosidl_typesupport_c.c
[2.395s] -- Up-to-date: /home/matheus/thesis_ws/install/hal_interfaces/local/lib/python3.10/dist-packages/hal_interfaces/_hal_interfaces_s.ep.rosidl_typesupport_fastrtps_c.c
[2.395s] -- Up-to-date: /home/matheus/thesis_ws/install/hal_interfaces/local/lib/python3.10/dist-packages/hal_interfaces/hal_interfaces_s__rosidl_typesupport_fastrtps_c.cpython-310-x86_64-linux-gnu.so
[2.395s] -- Up-to-date: /home/matheus/thesis_ws/install/hal_interfaces/local/lib/python3.10/dist-packages/hal_interfaces/__init__.py
[2.395s] -- Up-to-date: /home/matheus/thesis_ws/install/hal_interfaces/local/lib/python3.10/dist-packages/hal_interfaces/hal_interfaces_s__rosidl_typesupport_introspection_c.cpython-310-x86_64-linux-gnu.so
[2.395s] -- Up-to-date: /home/matheus/thesis_ws/install/hal_interfaces/local/lib/python3.10/dist-packages/hal_interfaces/hal_interfaces_s__rosidl_typesupport_c.cpython-310-x86_64-linux-gnu.so
[2.482s] Listing '/home/matheus/thesis_ws/install/hal_interfaces/local/lib/python3.10/dist-packages/hal_interfaces'...
[2.482s] Listing '/home/matheus/thesis_ws/install/hal_interfaces/local/lib/python3.10/dist-packages/hal_interfaces/srv'...
[2.496s] -- Up-to-date: /home/matheus/thesis_ws/install/hal_interfaces/local/lib/python3.10/dist-packages/hal_interfaces/hal_interfaces_s__rosidl_typesupport_fastrtps_c.cpython-310-x86_64-linux-gnu.so
[2.509s] -- Up-to-date: /home/matheus/thesis_ws/install/hal_interfaces/local/lib/python3.10/dist-packages/hal_interfaces/hal_interfaces_s__rosidl_typesupport_introspection_c.cpython-310-x86_64-linux-gnu.so
[2.522s] -- Up-to-date: /home/matheus/thesis_ws/install/hal_interfaces/local/lib/python3.10/dist-packages/hal_interfaces/hal_interfaces_s__rosidl_typesupport_c.cpython-310-x86_64-linux-gnu.so
[2.535s] -- Up-to-date: /home/matheus/thesis_ws/install/hal_interfaces/lib/libhal_interfaces__rosidl_generator_py.so
[2.547s] -- Up-to-date: /home/matheus/thesis_ws/install/hal_interfaces/share/ament_index/resource_index/rust_packages/hal_interfaces
[2.547s] -- Up-to-date: /home/matheus/thesis_ws/install/hal_interfaces/share/hal_interfaces/rust
[2.558s] -- Up-to-date: /home/matheus/thesis_ws/install/hal_interfaces/share/hal_interfaces/rust/Cargo.toml
[2.559s] -- Up-to-date: /home/matheus/thesis_ws/install/hal_interfaces/share/hal_interfaces/rust/src
[2.559s] -- Up-to-date: /home/matheus/thesis_ws/install/hal_interfaces/share/hal_interfaces/rust/src/lib.rs
[2.560s] -- Up-to-date: /home/matheus/thesis_ws/install/hal_interfaces/share/hal_interfaces/rust/src/srv
[2.560s] -- Up-to-date: /home/matheus/thesis_ws/install/hal_interfaces/share/hal_interfaces/rust/src/srv/rmw.rs
[2.560s] -- Up-to-date: /home/matheus/thesis_ws/install/hal_interfaces/share/hal_interfaces/rust/src/srv.rs
[2.560s] -- Up-to-date: /home/matheus/thesis_ws/install/hal_interfaces/share/hal_interfaces/rust/build.rs
[2.571s] -- Up-to-date: /home/matheus/thesis_ws/install/hal_interfaces/share/hal_interfaces/srv/SetString.idl
[2.571s] -- Up-to-date: /home/matheus/thesis_ws/install/hal_interfaces/share/hal_interfaces/srv/SetString.srv
[2.572s] -- Up-to-date: /home/matheus/thesis_ws/install/hal_interfaces/share/hal_interfaces/srv/SetString_Request.msg
[2.572s] -- Up-to-date: /home/matheus/thesis_ws/install/hal_interfaces/share/hal_interfaces/srv/SetString_Response.msg
[2.572s] -- Up-to-date: /home/matheus/thesis_ws/install/hal_interfaces/share/ament_index/resource_index/package_run_dependencies/hal_interfaces
[2.572s] -- Up-to-date: /home/matheus/thesis_ws/install/hal_interfaces/share/ament_index/resource_index/parent_prefix_path/hal_interfaces
[2.573s] -- Up-to-date: /home/matheus/thesis_ws/install/hal_interfaces/share/hal_interfaces/environment/ament_prefix_path.sh
[2.573s] -- Up-to-date: /home/matheus/thesis_ws/install/hal_interfaces/share/hal_interfaces/environment/ament_prefix_path.dsv
[2.573s] -- Up-to-date: /home/matheus/thesis_ws/install/hal_interfaces/share/hal_interfaces/environment/path.sh
[2.573s] -- Up-to-date: /home/matheus/thesis_ws/install/hal_interfaces/share/hal_interfaces/environment/path.dsv
[2.573s] -- Up-to-date: /home/matheus/thesis_ws/install/hal_interfaces/share/hal_interfaces/local_setup.bash
[2.573s] -- Up-to-date: /home/matheus/thesis_ws/install/hal_interfaces/share/hal_interfaces/local_setup.sh
[2.573s] -- Up-to-date: /home/matheus/thesis_ws/install/hal_interfaces/share/hal_interfaces/local_setup.zsh
[2.573s] -- Up-to-date: /home/matheus/thesis_ws/install/hal_interfaces/share/hal_interfaces/local_setup.dsv
[2.573s] -- Installing: /home/matheus/thesis_ws/install/hal_interfaces/share/hal_interfaces/package.dsv
[2.585s] -- Up-to-date: /home/matheus/thesis_ws/install/hal_interfaces/share/ament_index/resource_index/packages/hal_interfaces
[2.612s] -- Up-to-date: /home/matheus/thesis_ws/install/hal_interfaces/share/hal_interfaces/cmake/export_hal_interfaces__rosidl_generator_cExport.cmake
[2.612s] -- Up-to-date: /home/matheus/thesis_ws/install/hal_interfaces/share/hal_interfaces/cmake/export_hal_interfaces__rosidl_generator_cExport-noconfig.cmake
[2.624s] -- Up-to-date: /home/matheus/thesis_ws/install/hal_interfaces/share/hal_interfaces/cmake/export_hal_interfaces__rosidl_typesupport_fastrtps_cExport.cmake
[2.625s] -- Up-to-date: /home/matheus/thesis_ws/install/hal_interfaces/share/hal_interfaces/cmake/export_hal_interfaces__rosidl_typesupport_fastrtps_cExport-noconfig.cmake
[2.637s] -- Up-to-date: /home/matheus/thesis_ws/install/hal_interfaces/share/hal_interfaces/cmake/hal_interfaces__rosidl_typesupport_introspection_cExport.cmake
[2.637s] -- Up-to-date: /home/matheus/thesis_ws/install/hal_interfaces/share/hal_interfaces/cmake/hal_interfaces__rosidl_typesupport_introspection_cExport-noconfig.cmake
[2.651s] -- Up-to-date: /home/matheus/thesis_ws/install/hal_interfaces/share/hal_interfaces/cmake/hal_interfaces__rosidl_typesupport_cExport.cmake
[2.651s] -- Up-to-date: /home/matheus/thesis_ws/install/hal_interfaces/share/hal_interfaces/cmake/hal_interfaces__rosidl_typesupport_cExport-noconfig.cmake
[2.663s] -- Up-to-date: /home/matheus/thesis_ws/install/hal_interfaces/share/hal_interfaces/cmake/export_hal_interfaces__rosidl_generator_cppExport.cmake
[2.676s] -- Up-to-date: /home/matheus/thesis_ws/install/hal_interfaces/share/hal_interfaces/cmake/export_hal_interfaces__rosidl_typesupport_fastrtps_cppExport.cmake
[2.676s] -- Up-to-date: /home/matheus/thesis_ws/install/hal_interfaces/share/hal_interfaces/cmake/export_hal_interfaces__rosidl_typesupport_fastrtps_cppExport-noconfig.cmake
[2.688s] -- Up-to-date: /home/matheus/thesis_ws/install/hal_interfaces/share/hal_interfaces/cmake/hal_interfaces__rosidl_typesupport_introspection_cppExport.cmake
[2.689s] -- Up-to-date: /home/matheus/thesis_ws/install/hal_interfaces/share/hal_interfaces/cmake/hal_interfaces__rosidl_typesupport_introspection_cppExport-noconfig.cmake
[2.701s] -- Up-to-date: /home/matheus/thesis_ws/install/hal_interfaces/share/hal_interfaces/cmake/hal_interfaces__rosidl_typesupport_cppExport.cmake
[2.701s] -- Up-to-date: /home/matheus/thesis_ws/install/hal_interfaces/share/hal_interfaces/cmake/hal_interfaces__rosidl_typesupport_cppExport-noconfig.cmake
[2.714s] -- Up-to-date: /home/matheus/thesis_ws/install/hal_interfaces/share/hal_interfaces/cmake/export_hal_interfaces__rosidl_generator_pyExport.cmake
[2.715s] -- Up-to-date: /home/matheus/thesis_ws/install/hal_interfaces/share/hal_interfaces/cmake/export_hal_interfaces__rosidl_generator_pyExport-noconfig.cmake
[2.715s] -- Up-to-date: /home/matheus/thesis_ws/install/hal_interfaces/share/hal_interfaces/cmake/rosidl_cmake-extras.cmake
[2.715s] -- Up-to-date: /home/matheus/thesis_ws/install/hal_interfaces/share/hal_interfaces/cmake/ament_cmake_export_include_directories-extras.cmake
[2.715s] -- Up-to-date: /home/matheus/thesis_ws/install/hal_interfaces/share/hal_interfaces/cmake/ament_cmake_export_libraries-extras.cmake
[2.716s] -- Up-to-date: /home/matheus/thesis_ws/install/hal_interfaces/share/hal_interfaces/cmake/ament_cmake_export_targets-extras.cmake
[2.716s] -- Up-to-date: /home/matheus/thesis_ws/install/hal_interfaces/share/hal_interfaces/cmake/rosidl_cmake_export_typesupport_targets-extras.cmake
[2.718s] -- Up-to-date: /home/matheus/thesis_ws/install/hal_interfaces/share/hal_interfaces/cmake/ament_cmake_export_dependencies-extras.cmake
[2.719s] -- Up-to-date: /home/matheus/thesis_ws/install/hal_interfaces/share/hal_interfaces/cmake/rosidl_cmake_export_typesupport_libraries-extras.cmake
[2.719s] -- Up-to-date: /home/matheus/thesis_ws/install/hal_interfaces/share/hal_interfaces/cmake/rosidl_cmake_aggregate_target-extras.cmake
[2.719s] -- Up-to-date: /home/matheus/thesis_ws/install/hal_interfaces/share/hal_interfaces/cmake/hal_interfacesConfig.cmake
[2.719s] -- Up-to-date: /home/matheus/thesis_ws/install/hal_interfaces/share/hal_interfaces/cmake/hal_interfacesConfig-version.cmake
[2.719s] -- Up-to-date: /home/matheus/thesis_ws/install/hal_interfaces/share/hal_interfaces/package.xml
[2.747s] Invoked command in '/home/matheus/thesis_ws/build/hal_interfaces' returned '0': CMAKE_PREFIX_PATH=${CMAKE_PREFIX_PATH}:/home/matheus/thesis_ws/install/hal_signal_processing:/home/matheus/thesis_ws/install/hal_device_manager:/home/matheus/thesis_ws/install/game_unity_bridge:/home/matheus/thesis_ws/install/game_session:/home/matheus/thesis_ws/install/game_input_mapping:/home/matheus/thesis_ws/install/encoder_guidao:/home/matheus/thesis_ws/install/encoder_device:/home/matheus/thesis_ws/install/data_logger:/home/matheus/Desktop/TestesROS2/ros_unity_ws/install/ros_tcp_endpoint:/opt/ros/humble /usr/bin/cmake --install /home/matheus/thesis_ws/build/hal_interfaces
