[2.134s] Invoking command in '/home/matheus/thesis_ws/src/game_session': PYTHONPATH=/home/matheus/thesis_ws/build/game_session/prefix_override:/usr/lib/python3/dist-packages/colcon_core/task/python/colcon_distutils_commands:/home/matheus/thesis_ws/install/game_session/lib/python3.10/site-packages:${PYTHONPATH} /usr/bin/python3 -W ignore:setup.py install is deprecated -W ignore:easy_install command is deprecated setup.py egg_info --egg-base ../../build/game_session build --build-base /home/matheus/thesis_ws/build/game_session/build install --record /home/matheus/thesis_ws/build/game_session/install.log --install-scripts $base/lib/game_session --single-version-externally-managed install_data
[2.360s] running egg_info
[2.361s] writing ../../build/game_session/game_session.egg-info/PKG-INFO
[2.361s] writing dependency_links to ../../build/game_session/game_session.egg-info/dependency_links.txt
[2.361s] writing entry points to ../../build/game_session/game_session.egg-info/entry_points.txt
[2.361s] writing requirements to ../../build/game_session/game_session.egg-info/requires.txt
[2.361s] writing top-level names to ../../build/game_session/game_session.egg-info/top_level.txt
[2.363s] reading manifest file '../../build/game_session/game_session.egg-info/SOURCES.txt'
[2.364s] writing manifest file '../../build/game_session/game_session.egg-info/SOURCES.txt'
[2.373s] running build
[2.374s] running build_py
[2.374s] running install
[2.374s] running install_lib
[2.375s] running install_data
[2.375s] running install_egg_info
[2.377s] removing '/home/matheus/thesis_ws/install/game_session/lib/python3.10/site-packages/game_session-0.0.0-py3.10.egg-info' (and everything under it)
[2.379s] Copying ../../build/game_session/game_session.egg-info to /home/matheus/thesis_ws/install/game_session/lib/python3.10/site-packages/game_session-0.0.0-py3.10.egg-info
[2.379s] running install_scripts
[2.396s] writing list of installed files to '/home/matheus/thesis_ws/build/game_session/install.log'
[2.428s] Invoked command in '/home/matheus/thesis_ws/src/game_session' returned '0': PYTHONPATH=/home/matheus/thesis_ws/build/game_session/prefix_override:/usr/lib/python3/dist-packages/colcon_core/task/python/colcon_distutils_commands:/home/matheus/thesis_ws/install/game_session/lib/python3.10/site-packages:${PYTHONPATH} /usr/bin/python3 -W ignore:setup.py install is deprecated -W ignore:easy_install command is deprecated setup.py egg_info --egg-base ../../build/game_session build --build-base /home/matheus/thesis_ws/build/game_session/build install --record /home/matheus/thesis_ws/build/game_session/install.log --install-scripts $base/lib/game_session --single-version-externally-managed install_data
