[3.376s] Invoking command in '/home/matheus/thesis_ws/src/hal_signal_processing': PYTHONPATH=/home/matheus/thesis_ws/build/hal_signal_processing/prefix_override:/usr/lib/python3/dist-packages/colcon_core/task/python/colcon_distutils_commands:/home/matheus/thesis_ws/install/hal_signal_processing/lib/python3.10/site-packages:${PYTHONPATH} /usr/bin/python3 -W ignore:setup.py install is deprecated -W ignore:easy_install command is deprecated setup.py egg_info --egg-base ../../build/hal_signal_processing build --build-base /home/matheus/thesis_ws/build/hal_signal_processing/build install --record /home/matheus/thesis_ws/build/hal_signal_processing/install.log --install-scripts $base/lib/hal_signal_processing --single-version-externally-managed install_data
[4.354s] running egg_info
[4.355s] writing ../../build/hal_signal_processing/hal_signal_processing.egg-info/PKG-INFO
[4.355s] writing dependency_links to ../../build/hal_signal_processing/hal_signal_processing.egg-info/dependency_links.txt
[4.355s] writing entry points to ../../build/hal_signal_processing/hal_signal_processing.egg-info/entry_points.txt
[4.355s] writing requirements to ../../build/hal_signal_processing/hal_signal_processing.egg-info/requires.txt
[4.355s] writing top-level names to ../../build/hal_signal_processing/hal_signal_processing.egg-info/top_level.txt
[4.358s] reading manifest file '../../build/hal_signal_processing/hal_signal_processing.egg-info/SOURCES.txt'
[4.359s] writing manifest file '../../build/hal_signal_processing/hal_signal_processing.egg-info/SOURCES.txt'
[4.359s] running build
[4.359s] running build_py
[4.359s] running install
[4.359s] running install_lib
[4.361s] running install_data
[4.361s] running install_egg_info
[4.363s] removing '/home/matheus/thesis_ws/install/hal_signal_processing/lib/python3.10/site-packages/hal_signal_processing-0.0.0-py3.10.egg-info' (and everything under it)
[4.364s] Copying ../../build/hal_signal_processing/hal_signal_processing.egg-info to /home/matheus/thesis_ws/install/hal_signal_processing/lib/python3.10/site-packages/hal_signal_processing-0.0.0-py3.10.egg-info
[4.365s] running install_scripts
[4.389s] Installing signal_processing_node script to /home/matheus/thesis_ws/install/hal_signal_processing/lib/hal_signal_processing
[4.389s] writing list of installed files to '/home/matheus/thesis_ws/build/hal_signal_processing/install.log'
[4.426s] Invoked command in '/home/matheus/thesis_ws/src/hal_signal_processing' returned '0': PYTHONPATH=/home/matheus/thesis_ws/build/hal_signal_processing/prefix_override:/usr/lib/python3/dist-packages/colcon_core/task/python/colcon_distutils_commands:/home/matheus/thesis_ws/install/hal_signal_processing/lib/python3.10/site-packages:${PYTHONPATH} /usr/bin/python3 -W ignore:setup.py install is deprecated -W ignore:easy_install command is deprecated setup.py egg_info --egg-base ../../build/hal_signal_processing build --build-base /home/matheus/thesis_ws/build/hal_signal_processing/build install --record /home/matheus/thesis_ws/build/hal_signal_processing/install.log --install-scripts $base/lib/hal_signal_processing --single-version-externally-managed install_data
