[4.739s] Invoking command in '/home/matheus/thesis_ws/src/hal_device_manager': PYTHONPATH=/home/matheus/thesis_ws/build/hal_device_manager/prefix_override:/usr/lib/python3/dist-packages/colcon_core/task/python/colcon_distutils_commands:/home/matheus/thesis_ws/install/hal_device_manager/lib/python3.10/site-packages:${PYTHONPATH} /usr/bin/python3 -W ignore:setup.py install is deprecated -W ignore:easy_install command is deprecated setup.py egg_info --egg-base ../../build/hal_device_manager build --build-base /home/matheus/thesis_ws/build/hal_device_manager/build install --record /home/matheus/thesis_ws/build/hal_device_manager/install.log --install-scripts $base/lib/hal_device_manager --single-version-externally-managed install_data
[5.656s] running egg_info
[5.663s] writing ../../build/hal_device_manager/hal_device_manager.egg-info/PKG-INFO
[5.674s] writing dependency_links to ../../build/hal_device_manager/hal_device_manager.egg-info/dependency_links.txt
[5.674s] writing entry points to ../../build/hal_device_manager/hal_device_manager.egg-info/entry_points.txt
[5.682s] writing requirements to ../../build/hal_device_manager/hal_device_manager.egg-info/requires.txt
[5.683s] writing top-level names to ../../build/hal_device_manager/hal_device_manager.egg-info/top_level.txt
[5.685s] reading manifest file '../../build/hal_device_manager/hal_device_manager.egg-info/SOURCES.txt'
[5.687s] writing manifest file '../../build/hal_device_manager/hal_device_manager.egg-info/SOURCES.txt'
[5.687s] running build
[5.687s] running build_py
[5.689s] running install
[5.690s] running install_lib
[5.691s] running install_data
[5.693s] running install_egg_info
[5.695s] removing '/home/matheus/thesis_ws/install/hal_device_manager/lib/python3.10/site-packages/hal_device_manager-0.0.0-py3.10.egg-info' (and everything under it)
[5.695s] Copying ../../build/hal_device_manager/hal_device_manager.egg-info to /home/matheus/thesis_ws/install/hal_device_manager/lib/python3.10/site-packages/hal_device_manager-0.0.0-py3.10.egg-info
[5.706s] running install_scripts
[5.734s] Installing device_manager_node script to /home/matheus/thesis_ws/install/hal_device_manager/lib/hal_device_manager
[5.741s] writing list of installed files to '/home/matheus/thesis_ws/build/hal_device_manager/install.log'
[5.798s] Invoked command in '/home/matheus/thesis_ws/src/hal_device_manager' returned '0': PYTHONPATH=/home/matheus/thesis_ws/build/hal_device_manager/prefix_override:/usr/lib/python3/dist-packages/colcon_core/task/python/colcon_distutils_commands:/home/matheus/thesis_ws/install/hal_device_manager/lib/python3.10/site-packages:${PYTHONPATH} /usr/bin/python3 -W ignore:setup.py install is deprecated -W ignore:easy_install command is deprecated setup.py egg_info --egg-base ../../build/hal_device_manager build --build-base /home/matheus/thesis_ws/build/hal_device_manager/build install --record /home/matheus/thesis_ws/build/hal_device_manager/install.log --install-scripts $base/lib/hal_device_manager --single-version-externally-managed install_data
