[2.902s] Invoking command in '/home/matheus/thesis_ws/src/game_unity_bridge': PYTHONPATH=/home/matheus/thesis_ws/build/game_unity_bridge/prefix_override:/usr/lib/python3/dist-packages/colcon_core/task/python/colcon_distutils_commands:/home/matheus/thesis_ws/install/game_unity_bridge/lib/python3.10/site-packages:${PYTHONPATH} /usr/bin/python3 -W ignore:setup.py install is deprecated -W ignore:easy_install command is deprecated setup.py egg_info --egg-base ../../build/game_unity_bridge build --build-base /home/matheus/thesis_ws/build/game_unity_bridge/build install --record /home/matheus/thesis_ws/build/game_unity_bridge/install.log --install-scripts $base/lib/game_unity_bridge --single-version-externally-managed install_data
[3.862s] running egg_info
[3.862s] writing ../../build/game_unity_bridge/game_unity_bridge.egg-info/PKG-INFO
[3.862s] writing dependency_links to ../../build/game_unity_bridge/game_unity_bridge.egg-info/dependency_links.txt
[3.871s] writing entry points to ../../build/game_unity_bridge/game_unity_bridge.egg-info/entry_points.txt
[3.871s] writing requirements to ../../build/game_unity_bridge/game_unity_bridge.egg-info/requires.txt
[3.871s] writing top-level names to ../../build/game_unity_bridge/game_unity_bridge.egg-info/top_level.txt
[3.873s] reading manifest file '../../build/game_unity_bridge/game_unity_bridge.egg-info/SOURCES.txt'
[3.874s] writing manifest file '../../build/game_unity_bridge/game_unity_bridge.egg-info/SOURCES.txt'
[3.874s] running build
[3.874s] running build_py
[3.874s] running install
[3.874s] running install_lib
[3.876s] running install_data
[3.876s] running install_egg_info
[3.883s] removing '/home/matheus/thesis_ws/install/game_unity_bridge/lib/python3.10/site-packages/game_unity_bridge-0.0.0-py3.10.egg-info' (and everything under it)
[3.886s] Copying ../../build/game_unity_bridge/game_unity_bridge.egg-info to /home/matheus/thesis_ws/install/game_unity_bridge/lib/python3.10/site-packages/game_unity_bridge-0.0.0-py3.10.egg-info
[3.893s] running install_scripts
[4.020s] writing list of installed files to '/home/matheus/thesis_ws/build/game_unity_bridge/install.log'
[4.058s] Invoked command in '/home/matheus/thesis_ws/src/game_unity_bridge' returned '0': PYTHONPATH=/home/matheus/thesis_ws/build/game_unity_bridge/prefix_override:/usr/lib/python3/dist-packages/colcon_core/task/python/colcon_distutils_commands:/home/matheus/thesis_ws/install/game_unity_bridge/lib/python3.10/site-packages:${PYTHONPATH} /usr/bin/python3 -W ignore:setup.py install is deprecated -W ignore:easy_install command is deprecated setup.py egg_info --egg-base ../../build/game_unity_bridge build --build-base /home/matheus/thesis_ws/build/game_unity_bridge/build install --record /home/matheus/thesis_ws/build/game_unity_bridge/install.log --install-scripts $base/lib/game_unity_bridge --single-version-externally-managed install_data
