[4.754s] Invoking command in '/home/matheus/thesis_ws/src/game_input_mapping': PYTHONPATH=/home/matheus/thesis_ws/build/game_input_mapping/prefix_override:/usr/lib/python3/dist-packages/colcon_core/task/python/colcon_distutils_commands:/home/matheus/thesis_ws/install/game_input_mapping/lib/python3.10/site-packages:${PYTHONPATH} /usr/bin/python3 -W ignore:setup.py install is deprecated -W ignore:easy_install command is deprecated setup.py egg_info --egg-base ../../build/game_input_mapping build --build-base /home/matheus/thesis_ws/build/game_input_mapping/build install --record /home/matheus/thesis_ws/build/game_input_mapping/install.log --install-scripts $base/lib/game_input_mapping --single-version-externally-managed install_data
[5.324s] running egg_info
[5.330s] writing ../../build/game_input_mapping/game_input_mapping.egg-info/PKG-INFO
[5.343s] writing dependency_links to ../../build/game_input_mapping/game_input_mapping.egg-info/dependency_links.txt
[5.344s] writing entry points to ../../build/game_input_mapping/game_input_mapping.egg-info/entry_points.txt
[5.345s] writing requirements to ../../build/game_input_mapping/game_input_mapping.egg-info/requires.txt
[5.346s] writing top-level names to ../../build/game_input_mapping/game_input_mapping.egg-info/top_level.txt
[5.367s] reading manifest file '../../build/game_input_mapping/game_input_mapping.egg-info/SOURCES.txt'
[5.387s] writing manifest file '../../build/game_input_mapping/game_input_mapping.egg-info/SOURCES.txt'
[5.388s] running build
[5.388s] running build_py
[5.397s] running install
[5.397s] running install_lib
[5.398s] running install_data
[5.409s] running install_egg_info
[5.411s] removing '/home/matheus/thesis_ws/install/game_input_mapping/lib/python3.10/site-packages/game_input_mapping-0.0.0-py3.10.egg-info' (and everything under it)
[5.411s] Copying ../../build/game_input_mapping/game_input_mapping.egg-info to /home/matheus/thesis_ws/install/game_input_mapping/lib/python3.10/site-packages/game_input_mapping-0.0.0-py3.10.egg-info
[5.422s] running install_scripts
[5.441s] writing list of installed files to '/home/matheus/thesis_ws/build/game_input_mapping/install.log'
[5.571s] Invoked command in '/home/matheus/thesis_ws/src/game_input_mapping' returned '0': PYTHONPATH=/home/matheus/thesis_ws/build/game_input_mapping/prefix_override:/usr/lib/python3/dist-packages/colcon_core/task/python/colcon_distutils_commands:/home/matheus/thesis_ws/install/game_input_mapping/lib/python3.10/site-packages:${PYTHONPATH} /usr/bin/python3 -W ignore:setup.py install is deprecated -W ignore:easy_install command is deprecated setup.py egg_info --egg-base ../../build/game_input_mapping build --build-base /home/matheus/thesis_ws/build/game_input_mapping/build install --record /home/matheus/thesis_ws/build/game_input_mapping/install.log --install-scripts $base/lib/game_input_mapping --single-version-externally-managed install_data
