[2.264s] Invoking command in '/home/matheus/thesis_ws/src/game_input_mapping': PYTHONPATH=/home/matheus/thesis_ws/build/game_input_mapping/prefix_override:/usr/lib/python3/dist-packages/colcon_core/task/python/colcon_distutils_commands:/home/matheus/thesis_ws/install/game_input_mapping/lib/python3.10/site-packages:${PYTHONPATH} /usr/bin/python3 -W ignore:setup.py install is deprecated -W ignore:easy_install command is deprecated setup.py egg_info --egg-base ../../build/game_input_mapping build --build-base /home/matheus/thesis_ws/build/game_input_mapping/build install --record /home/matheus/thesis_ws/build/game_input_mapping/install.log --install-scripts $base/lib/game_input_mapping --single-version-externally-managed install_data
[2.491s] running egg_info
[2.492s] writing ../../build/game_input_mapping/game_input_mapping.egg-info/PKG-INFO
[2.492s] writing dependency_links to ../../build/game_input_mapping/game_input_mapping.egg-info/dependency_links.txt
[2.494s] writing entry points to ../../build/game_input_mapping/game_input_mapping.egg-info/entry_points.txt
[2.494s] writing requirements to ../../build/game_input_mapping/game_input_mapping.egg-info/requires.txt
[2.494s] writing top-level names to ../../build/game_input_mapping/game_input_mapping.egg-info/top_level.txt
[2.494s] reading manifest file '../../build/game_input_mapping/game_input_mapping.egg-info/SOURCES.txt'
[2.495s] writing manifest file '../../build/game_input_mapping/game_input_mapping.egg-info/SOURCES.txt'
[2.495s] running build
[2.495s] running build_py
[2.495s] running install
[2.495s] running install_lib
[2.496s] running install_data
[2.496s] running install_egg_info
[2.498s] removing '/home/matheus/thesis_ws/install/game_input_mapping/lib/python3.10/site-packages/game_input_mapping-0.0.0-py3.10.egg-info' (and everything under it)
[2.498s] Copying ../../build/game_input_mapping/game_input_mapping.egg-info to /home/matheus/thesis_ws/install/game_input_mapping/lib/python3.10/site-packages/game_input_mapping-0.0.0-py3.10.egg-info
[2.499s] running install_scripts
[2.515s] writing list of installed files to '/home/matheus/thesis_ws/build/game_input_mapping/install.log'
[2.537s] Invoked command in '/home/matheus/thesis_ws/src/game_input_mapping' returned '0': PYTHONPATH=/home/matheus/thesis_ws/build/game_input_mapping/prefix_override:/usr/lib/python3/dist-packages/colcon_core/task/python/colcon_distutils_commands:/home/matheus/thesis_ws/install/game_input_mapping/lib/python3.10/site-packages:${PYTHONPATH} /usr/bin/python3 -W ignore:setup.py install is deprecated -W ignore:easy_install command is deprecated setup.py egg_info --egg-base ../../build/game_input_mapping build --build-base /home/matheus/thesis_ws/build/game_input_mapping/build install --record /home/matheus/thesis_ws/build/game_input_mapping/install.log --install-scripts $base/lib/game_input_mapping --single-version-externally-managed install_data
