[2.379s] Invoking command in '/home/matheus/thesis_ws/src/hal_device_manager': PYTHONPATH=/home/matheus/thesis_ws/build/hal_device_manager/prefix_override:/usr/lib/python3/dist-packages/colcon_core/task/python/colcon_distutils_commands:/home/matheus/thesis_ws/install/hal_device_manager/lib/python3.10/site-packages:${PYTHONPATH} /usr/bin/python3 -W ignore:setup.py install is deprecated -W ignore:easy_install command is deprecated setup.py egg_info --egg-base ../../build/hal_device_manager build --build-base /home/matheus/thesis_ws/build/hal_device_manager/build install --record /home/matheus/thesis_ws/build/hal_device_manager/install.log --install-scripts $base/lib/hal_device_manager --single-version-externally-managed install_data
[2.623s] running egg_info
[2.624s] writing ../../build/hal_device_manager/hal_device_manager.egg-info/PKG-INFO
[2.624s] writing dependency_links to ../../build/hal_device_manager/hal_device_manager.egg-info/dependency_links.txt
[2.624s] writing entry points to ../../build/hal_device_manager/hal_device_manager.egg-info/entry_points.txt
[2.624s] writing requirements to ../../build/hal_device_manager/hal_device_manager.egg-info/requires.txt
[2.624s] writing top-level names to ../../build/hal_device_manager/hal_device_manager.egg-info/top_level.txt
[2.625s] reading manifest file '../../build/hal_device_manager/hal_device_manager.egg-info/SOURCES.txt'
[2.626s] writing manifest file '../../build/hal_device_manager/hal_device_manager.egg-info/SOURCES.txt'
[2.626s] running build
[2.626s] running build_py
[2.626s] running install
[2.626s] running install_lib
[2.627s] running install_data
[2.627s] running install_egg_info
[2.629s] removing '/home/matheus/thesis_ws/install/hal_device_manager/lib/python3.10/site-packages/hal_device_manager-0.0.0-py3.10.egg-info' (and everything under it)
[2.629s] Copying ../../build/hal_device_manager/hal_device_manager.egg-info to /home/matheus/thesis_ws/install/hal_device_manager/lib/python3.10/site-packages/hal_device_manager-0.0.0-py3.10.egg-info
[2.630s] running install_scripts
[2.654s] Installing device_manager_node script to /home/matheus/thesis_ws/install/hal_device_manager/lib/hal_device_manager
[2.654s] writing list of installed files to '/home/matheus/thesis_ws/build/hal_device_manager/install.log'
[2.680s] Invoked command in '/home/matheus/thesis_ws/src/hal_device_manager' returned '0': PYTHONPATH=/home/matheus/thesis_ws/build/hal_device_manager/prefix_override:/usr/lib/python3/dist-packages/colcon_core/task/python/colcon_distutils_commands:/home/matheus/thesis_ws/install/hal_device_manager/lib/python3.10/site-packages:${PYTHONPATH} /usr/bin/python3 -W ignore:setup.py install is deprecated -W ignore:easy_install command is deprecated setup.py egg_info --egg-base ../../build/hal_device_manager build --build-base /home/matheus/thesis_ws/build/hal_device_manager/build install --record /home/matheus/thesis_ws/build/hal_device_manager/install.log --install-scripts $base/lib/hal_device_manager --single-version-externally-managed install_data
