[3.538s] Invoking command in '/home/matheus/thesis_ws/src/hal_signal_processing': PYTHONPATH=/home/matheus/thesis_ws/build/hal_signal_processing/prefix_override:/usr/lib/python3/dist-packages/colcon_core/task/python/colcon_distutils_commands:/home/matheus/thesis_ws/install/hal_signal_processing/lib/python3.10/site-packages:${PYTHONPATH} /usr/bin/python3 -W ignore:setup.py install is deprecated -W ignore:easy_install command is deprecated setup.py egg_info --egg-base ../../build/hal_signal_processing build --build-base /home/matheus/thesis_ws/build/hal_signal_processing/build install --record /home/matheus/thesis_ws/build/hal_signal_processing/install.log --install-scripts $base/lib/hal_signal_processing --single-version-externally-managed install_data
[3.963s] running egg_info
[3.963s] writing ../../build/hal_signal_processing/hal_signal_processing.egg-info/PKG-INFO
[3.963s] writing dependency_links to ../../build/hal_signal_processing/hal_signal_processing.egg-info/dependency_links.txt
[3.964s] writing entry points to ../../build/hal_signal_processing/hal_signal_processing.egg-info/entry_points.txt
[3.968s] writing requirements to ../../build/hal_signal_processing/hal_signal_processing.egg-info/requires.txt
[3.969s] writing top-level names to ../../build/hal_signal_processing/hal_signal_processing.egg-info/top_level.txt
[3.969s] reading manifest file '../../build/hal_signal_processing/hal_signal_processing.egg-info/SOURCES.txt'
[3.970s] writing manifest file '../../build/hal_signal_processing/hal_signal_processing.egg-info/SOURCES.txt'
[3.970s] running build
[3.970s] running build_py
[3.970s] running install
[3.970s] running install_lib
[3.970s] running install_data
[3.970s] running install_egg_info
[3.977s] removing '/home/matheus/thesis_ws/install/hal_signal_processing/lib/python3.10/site-packages/hal_signal_processing-0.0.0-py3.10.egg-info' (and everything under it)
[3.978s] Copying ../../build/hal_signal_processing/hal_signal_processing.egg-info to /home/matheus/thesis_ws/install/hal_signal_processing/lib/python3.10/site-packages/hal_signal_processing-0.0.0-py3.10.egg-info
[3.978s] running install_scripts
[4.005s] Installing signal_processing_node script to /home/matheus/thesis_ws/install/hal_signal_processing/lib/hal_signal_processing
[4.006s] writing list of installed files to '/home/matheus/thesis_ws/build/hal_signal_processing/install.log'
[4.091s] Invoked command in '/home/matheus/thesis_ws/src/hal_signal_processing' returned '0': PYTHONPATH=/home/matheus/thesis_ws/build/hal_signal_processing/prefix_override:/usr/lib/python3/dist-packages/colcon_core/task/python/colcon_distutils_commands:/home/matheus/thesis_ws/install/hal_signal_processing/lib/python3.10/site-packages:${PYTHONPATH} /usr/bin/python3 -W ignore:setup.py install is deprecated -W ignore:easy_install command is deprecated setup.py egg_info --egg-base ../../build/hal_signal_processing build --build-base /home/matheus/thesis_ws/build/hal_signal_processing/build install --record /home/matheus/thesis_ws/build/hal_signal_processing/install.log --install-scripts $base/lib/hal_signal_processing --single-version-externally-managed install_data
