[7.140s] Invoking command in '/home/matheus/thesis_ws/src/data_logger': PYTHONPATH=/home/matheus/thesis_ws/build/data_logger/prefix_override:/usr/lib/python3/dist-packages/colcon_core/task/python/colcon_distutils_commands:/home/matheus/thesis_ws/install/data_logger/lib/python3.10/site-packages:${PYTHONPATH} /usr/bin/python3 -W ignore:setup.py install is deprecated -W ignore:easy_install command is deprecated setup.py egg_info --egg-base ../../build/data_logger build --build-base /home/matheus/thesis_ws/build/data_logger/build install --record /home/matheus/thesis_ws/build/data_logger/install.log --install-scripts $base/lib/data_logger --single-version-externally-managed install_data
[8.264s] running egg_info
[8.268s] writing ../../build/data_logger/data_logger.egg-info/PKG-INFO
[8.268s] writing dependency_links to ../../build/data_logger/data_logger.egg-info/dependency_links.txt
[8.268s] writing entry points to ../../build/data_logger/data_logger.egg-info/entry_points.txt
[8.268s] writing requirements to ../../build/data_logger/data_logger.egg-info/requires.txt
[8.269s] writing top-level names to ../../build/data_logger/data_logger.egg-info/top_level.txt
[8.273s] reading manifest file '../../build/data_logger/data_logger.egg-info/SOURCES.txt'
[8.275s] writing manifest file '../../build/data_logger/data_logger.egg-info/SOURCES.txt'
[8.276s] running build
[8.276s] running build_py
[8.276s] running install
[8.277s] running install_lib
[8.291s] running install_data
[8.293s] running install_egg_info
[8.297s] removing '/home/matheus/thesis_ws/install/data_logger/lib/python3.10/site-packages/data_logger-0.0.0-py3.10.egg-info' (and everything under it)
[8.298s] Copying ../../build/data_logger/data_logger.egg-info to /home/matheus/thesis_ws/install/data_logger/lib/python3.10/site-packages/data_logger-0.0.0-py3.10.egg-info
[8.307s] running install_scripts
[8.356s] writing list of installed files to '/home/matheus/thesis_ws/build/data_logger/install.log'
[8.403s] Invoked command in '/home/matheus/thesis_ws/src/data_logger' returned '0': PYTHONPATH=/home/matheus/thesis_ws/build/data_logger/prefix_override:/usr/lib/python3/dist-packages/colcon_core/task/python/colcon_distutils_commands:/home/matheus/thesis_ws/install/data_logger/lib/python3.10/site-packages:${PYTHONPATH} /usr/bin/python3 -W ignore:setup.py install is deprecated -W ignore:easy_install command is deprecated setup.py egg_info --egg-base ../../build/data_logger build --build-base /home/matheus/thesis_ws/build/data_logger/build install --record /home/matheus/thesis_ws/build/data_logger/install.log --install-scripts $base/lib/data_logger --single-version-externally-managed install_data
